<html>
<body>
<pre>
<h1>µVision Build Log</h1>
<h2>Tool Versions:</h2>
IDE-Version: •ÏVision V5.42.0.0
Copyright (C) 2025 ARM Ltd and ARM Germany GmbH. All rights reserved.
License Information: HW YU, none, LIC=----
 
Tool Versions:
Toolchain:       MDK-Lite  Version: 5.42.0.0
Toolchain Path:  C:\Users\user\AppData\Local\Keil_v5\ARM\ARMCLANG\Bin
C Compiler:      ArmClang.exe V6.23
Assembler:       Armasm.exe V6.23
Linker/Locator:  ArmLink.exe V6.23
Library Manager: ArmAr.exe V6.23
Hex Converter:   FromElf.exe V6.23
CPU DLL:         SARMCM3.DLL V5.42.0.0
Dialog DLL:      DCM.DLL V1.17.5.0
Target DLL:      CMSIS_AGDI.dll V1.33.22.0
Dialog DLL:      TCM.DLL V1.56.6.0
 
<h2>Project:</h2>
C:\repo\Artery\YU_Practice\project\Artery_Practice\Artery_Practice.uvprojx
Project File Date:  06/25/2025

<h2>Output:</h2>
*** Using Compiler 'V6.23', folder: 'C:\Users\user\AppData\Local\Keil_v5\ARM\ARMCLANG\Bin'
Rebuild target 'Practice'
compiling main_systick.c...
compiling at_surf_f437_board_delay.c...
compiling at32f435_437_int.c...
compiling at32f435_437_clock.c...
compiling at32f435_437_crc.c...
compiling at32f435_437_acc.c...
compiling at_surf_f437_board_buzz.c...
compiling at32f435_437_dac.c...
compiling at_surf_f437_board_key.c...
compiling at32f435_437_adc.c...
../../Board_All/at_surf_f437_board/at_surf_f437_board_pca9555.c(404): warning: unused variable 'gpio_init_struct' [-Wunused-variable]
  404 |   gpio_init_type gpio_init_struct;
      |                  ^~~~~~~~~~~~~~~~
../../Board_All/at_surf_f437_board/at_surf_f437_board_pca9555.c(405): warning: unused variable 'exint_init_struct' [-Wunused-variable]
  405 |   exint_init_type exint_init_struct;
      |                   ^~~~~~~~~~~~~~~~~
2 warnings generated.
compiling at_surf_f437_board_pca9555.c...
compiling at32f435_437_crm.c...
compiling at_surf_f437_board_lcd.c...
compiling at32f435_437_can.c...
compiling at32f435_437_debug.c...
compiling at32f435_437_dma.c...
compiling at32f435_437_dvp.c...
compiling at32f435_437_exint.c...
compiling at32f435_437_edma.c...
compiling at32f435_437_gpio.c...
compiling at32f435_437_ertc.c...
compiling at32f435_437_flash.c...
compiling at32f435_437_emac.c...
compiling at32f435_437_i2c.c...
compiling at32f435_437_misc.c...
compiling at32f435_437_pwc.c...
compiling at32f435_437_qspi.c...
compiling at32f435_437_scfg.c...
compiling at32f435_437_sdio.c...
compiling at32f435_437_spi.c...
compiling at32f435_437_usart.c...
compiling at32f435_437_tmr.c...
compiling at32f435_437_wdt.c...
compiling at32f435_437_usb.c...
compiling at32f435_437_wwdt.c...
compiling at_surf_f437_board_font.c...
assembling startup_at32f435_437.s...
compiling at32f435_437_xmc.c...
compiling system_at32f435_437.c...
../../middlewares/i2c_application_library/i2c_application.c(106): warning: unused parameter 'hi2c' [-Wunused-parameter]
  106 | __WEAK void i2c_lowlevel_init(i2c_handle_type* hi2c)
      |                                                ^
1 warning generated.
compiling i2c_application.c...
linking...
Program Size: Code=7000 RO-data=580 RW-data=4 ZI-data=1700  
FromELF: creating hex file...
".\Artery_Practice.axf" - 0 Error(s), 3 Warning(s).

<h2>Software Packages used:</h2>

Package Vendor: ArteryTek
                
                ArteryTek::AT32F435_437_DFP@2.2.3
                ArteryTek AT32F4 Series Device Support,Drivers

<h2>Collection of Component include folders:</h2>
  C:/Users/user/AppData/Local/Arm/Packs/ArteryTek/AT32F435_437_DFP/2.2.3/Device/Include

<h2>Collection of Component Files used:</h2>
Build Time Elapsed:  00:00:01
</pre>
</body>
</html>
