Component: Arm Compiler for Embedded 6.23 Tool: armlink [5f102400]

==============================================================================

Section Cross References

    at32f435_437_clock.o(.text.system_clock_config) refers to at32f435_437_crm.o(.text.crm_reset) for crm_reset
    at32f435_437_clock.o(.text.system_clock_config) refers to at32f435_437_crm.o(.text.crm_periph_clock_enable) for crm_periph_clock_enable
    at32f435_437_clock.o(.text.system_clock_config) refers to at32f435_437_crm.o(.text.crm_clock_source_enable) for crm_clock_source_enable
    at32f435_437_clock.o(.text.system_clock_config) refers to at32f435_437_crm.o(.text.crm_hext_stable_wait) for crm_hext_stable_wait
    at32f435_437_clock.o(.text.system_clock_config) refers to at32f435_437_crm.o(.text.crm_pll_config) for crm_pll_config
    at32f435_437_clock.o(.text.system_clock_config) refers to at32f435_437_crm.o(.text.crm_flag_get) for crm_flag_get
    at32f435_437_clock.o(.text.system_clock_config) refers to at32f435_437_crm.o(.text.crm_ahb_div_set) for crm_ahb_div_set
    at32f435_437_clock.o(.text.system_clock_config) refers to at32f435_437_crm.o(.text.crm_apb2_div_set) for crm_apb2_div_set
    at32f435_437_clock.o(.text.system_clock_config) refers to at32f435_437_crm.o(.text.crm_apb1_div_set) for crm_apb1_div_set
    at32f435_437_clock.o(.text.system_clock_config) refers to at32f435_437_crm.o(.text.crm_auto_step_mode_enable) for crm_auto_step_mode_enable
    at32f435_437_clock.o(.text.system_clock_config) refers to at32f435_437_crm.o(.text.crm_sysclk_switch) for crm_sysclk_switch
    at32f435_437_clock.o(.text.system_clock_config) refers to at32f435_437_crm.o(.text.crm_sysclk_switch_status_get) for crm_sysclk_switch_status_get
    at32f435_437_clock.o(.text.system_clock_config) refers to system_at32f435_437.o(.text.system_core_clock_update) for system_core_clock_update
    at32f435_437_clock.o(.ARM.exidx.text.system_clock_config) refers to at32f435_437_clock.o(.text.system_clock_config) for [Anonymous Symbol]
    at32f435_437_int.o(.text.TMR1_OVF_TMR10_IRQHandler) refers to at32f435_437_int.o(.bss.Tim_Int_Flag) for Tim_Int_Flag
    at32f435_437_int.o(.text.TMR1_OVF_TMR10_IRQHandler) refers to at32f435_437_tmr.o(.text.tmr_flag_clear) for tmr_flag_clear
    at32f435_437_int.o(.ARM.exidx.text.TMR1_OVF_TMR10_IRQHandler) refers to at32f435_437_int.o(.text.TMR1_OVF_TMR10_IRQHandler) for [Anonymous Symbol]
    at32f435_437_int.o(.ARM.exidx.text.NMI_Handler) refers to at32f435_437_int.o(.text.NMI_Handler) for [Anonymous Symbol]
    at32f435_437_int.o(.ARM.exidx.text.HardFault_Handler) refers to at32f435_437_int.o(.text.HardFault_Handler) for [Anonymous Symbol]
    at32f435_437_int.o(.ARM.exidx.text.MemManage_Handler) refers to at32f435_437_int.o(.text.MemManage_Handler) for [Anonymous Symbol]
    at32f435_437_int.o(.ARM.exidx.text.BusFault_Handler) refers to at32f435_437_int.o(.text.BusFault_Handler) for [Anonymous Symbol]
    at32f435_437_int.o(.ARM.exidx.text.UsageFault_Handler) refers to at32f435_437_int.o(.text.UsageFault_Handler) for [Anonymous Symbol]
    at32f435_437_int.o(.ARM.exidx.text.SVC_Handler) refers to at32f435_437_int.o(.text.SVC_Handler) for [Anonymous Symbol]
    at32f435_437_int.o(.ARM.exidx.text.DebugMon_Handler) refers to at32f435_437_int.o(.text.DebugMon_Handler) for [Anonymous Symbol]
    at32f435_437_int.o(.ARM.exidx.text.PendSV_Handler) refers to at32f435_437_int.o(.text.PendSV_Handler) for [Anonymous Symbol]
    at32f435_437_int.o(.ARM.exidx.text.SysTick_Handler) refers to at32f435_437_int.o(.text.SysTick_Handler) for [Anonymous Symbol]
    at32f435_437_int.o(.text.DMA1_Channel2_IRQHandler) refers to at_surf_f437_board_pca9555.o(.bss.hi2c_pca) for hi2c_pca
    at32f435_437_int.o(.text.DMA1_Channel2_IRQHandler) refers to i2c_application.o(.text.i2c_dma_rx_irq_handler) for i2c_dma_rx_irq_handler
    at32f435_437_int.o(.ARM.exidx.text.DMA1_Channel2_IRQHandler) refers to at32f435_437_int.o(.text.DMA1_Channel2_IRQHandler) for [Anonymous Symbol]
    at32f435_437_int.o(.text.DMA1_Channel1_IRQHandler) refers to at_surf_f437_board_pca9555.o(.bss.hi2c_pca) for hi2c_pca
    at32f435_437_int.o(.text.DMA1_Channel1_IRQHandler) refers to i2c_application.o(.text.i2c_dma_tx_irq_handler) for i2c_dma_tx_irq_handler
    at32f435_437_int.o(.ARM.exidx.text.DMA1_Channel1_IRQHandler) refers to at32f435_437_int.o(.text.DMA1_Channel1_IRQHandler) for [Anonymous Symbol]
    at32f435_437_int.o(.text.I2C2_EVT_IRQHandler) refers to at_surf_f437_board_pca9555.o(.bss.hi2c_pca) for hi2c_pca
    at32f435_437_int.o(.text.I2C2_EVT_IRQHandler) refers to i2c_application.o(.text.i2c_evt_irq_handler) for i2c_evt_irq_handler
    at32f435_437_int.o(.ARM.exidx.text.I2C2_EVT_IRQHandler) refers to at32f435_437_int.o(.text.I2C2_EVT_IRQHandler) for [Anonymous Symbol]
    at32f435_437_int.o(.text.I2C2_ERR_IRQHandler) refers to at_surf_f437_board_pca9555.o(.bss.hi2c_pca) for hi2c_pca
[...]
    .constdata                               0x08004c74   Section       17  __printf_flags_ss_wp.o(.constdata)
    lc_hextab                                0x08004c85   Data          19  _printf_fp_hex.o(.constdata)
    .constdata                               0x08004c85   Section       38  _printf_fp_hex.o(.constdata)
    uc_hextab                                0x08004c98   Data          19  _printf_fp_hex.o(.constdata)
    tenpwrs_x                                0x08004cac   Data          60  bigflt0.o(.constdata)
    .constdata                               0x08004cac   Section      148  bigflt0.o(.constdata)
    tenpwrs_i                                0x08004ce8   Data          64  bigflt0.o(.constdata)
    crm_clocks_freq_get.ahb_apb1_div_table   0x08004d40   Data           8  at32f435_437_crm.o(.rodata.crm_clocks_freq_get.ahb_apb1_div_table)
    [Anonymous Symbol]                       0x08004d40   Section        0  at32f435_437_crm.o(.rodata.crm_clocks_freq_get.ahb_apb1_div_table)
    crm_clocks_freq_get.ahb_apb2_div_table   0x08004d48   Data           8  at32f435_437_crm.o(.rodata.crm_clocks_freq_get.ahb_apb2_div_table)
    [Anonymous Symbol]                       0x08004d48   Section        0  at32f435_437_crm.o(.rodata.crm_clocks_freq_get.ahb_apb2_div_table)
    crm_clocks_freq_get.pll_fr_table         0x08004d50   Data           6  at32f435_437_crm.o(.rodata.crm_clocks_freq_get.pll_fr_table)
    [Anonymous Symbol]                       0x08004d50   Section        0  at32f435_437_crm.o(.rodata.crm_clocks_freq_get.pll_fr_table)
    crm_clocks_freq_get.sclk_ahb_div_table   0x08004d56   Data          16  at32f435_437_crm.o(.rodata.crm_clocks_freq_get.sclk_ahb_div_table)
    [Anonymous Symbol]                       0x08004d56   Section        0  at32f435_437_crm.o(.rodata.crm_clocks_freq_get.sclk_ahb_div_table)
    .L.str                                   0x08004d66   Data          76  main_variable_resistor_printf.o(.rodata.str1.1)
    [Anonymous Symbol]                       0x08004d66   Section        0  main_variable_resistor_printf.o(.rodata.str1.1)
    .L.str.2                                 0x08004db2   Data          10  main_variable_resistor_printf.o(.rodata.str1.1)
    .L.str.1                                 0x08004dbc   Data          17  main_variable_resistor_printf.o(.rodata.str1.1)
    system_core_clock_update.pll_fr_table    0x08004dcd   Data           6  system_at32f435_437.o(.rodata.system_core_clock_update.pll_fr_table)
    [Anonymous Symbol]                       0x08004dcd   Section        0  system_at32f435_437.o(.rodata.system_core_clock_update.pll_fr_table)
    system_core_clock_update.sys_ahb_div_table 0x08004dd3   Data          16  system_at32f435_437.o(.rodata.system_core_clock_update.sys_ahb_div_table)
    [Anonymous Symbol]                       0x08004dd3   Section        0  system_at32f435_437.o(.rodata.system_core_clock_update.sys_ahb_div_table)
    locale$$data                             0x08004e04   Section       28  lc_numeric_c.o(locale$$data)
    __lcnum_c_name                           0x08004e08   Data           2  lc_numeric_c.o(locale$$data)
    __lcnum_c_start                          0x08004e10   Data           0  lc_numeric_c.o(locale$$data)
    __lcnum_c_point                          0x08004e1c   Data           0  lc_numeric_c.o(locale$$data)
    __lcnum_c_thousands                      0x08004e1e   Data           0  lc_numeric_c.o(locale$$data)
    __lcnum_c_grouping                       0x08004e1f   Data           0  lc_numeric_c.o(locale$$data)
    __lcnum_c_end                            0x08004e20   Data           0  lc_numeric_c.o(locale$$data)
    locale$$data                             0x08004e20   Section      272  lc_ctype_c.o(locale$$data)
    __lcctype_c_name                         0x08004e24   Data           2  lc_ctype_c.o(locale$$data)
    __lcctype_c_start                        0x08004e2c   Data           0  lc_ctype_c.o(locale$$data)
    __lcctype_c_end                          0x08004f30   Data           0  lc_ctype_c.o(locale$$data)
    .bss                                     0x20000008   Section       96  libspace.o(.bss)
    fac_ms                                   0x200000c0   Data           4  at_surf_f437_board_delay.o(.bss.fac_ms)
    [Anonymous Symbol]                       0x200000c0   Section        0  at_surf_f437_board_delay.o(.bss.fac_ms)
    fac_us                                   0x200000c4   Data           4  at_surf_f437_board_delay.o(.bss.fac_us)
    [Anonymous Symbol]                       0x200000c4   Section        0  at_surf_f437_board_delay.o(.bss.fac_us)
    Heap_Mem                                 0x20000100   Data         512  startup_at32f435_437.o(HEAP)
    HEAP                                     0x20000100   Section      512  startup_at32f435_437.o(HEAP)
    Stack_Mem                                0x20000300   Data        1024  startup_at32f435_437.o(STACK)
    STACK                                    0x20000300   Section     1024  startup_at32f435_437.o(STACK)
    __initial_sp                             0x20000700   Data           0  startup_at32f435_437.o(STACK)

    Global Symbols

    Symbol Name                              Value     Ov Type        Size  Object(Section)

    BuildAttributes$$THM_ISAv4$E$P$D$K$B$S$7EM$VFPi3$EXTD16$VFPS$VFMA$PE$A:L22UL41UL21$X:L11$S22US41US21$IEEE1$IW$~IW$USESV6$~STKCKD$USESV7$~SHL$OTIME$ROPI$IEEEJ$EBA8$UX$STANDARDLIB$REQ8$PRES8$EABIv2 0x00000000   Number         0  anon$$obj.o ABSOLUTE
    _printf_flags                            0x00000000   Number         0  printf_stubs.o ABSOLUTE
    _printf_return_value                     0x00000000   Number         0  printf_stubs.o ABSOLUTE
    _printf_sizespec                         0x00000000   Number         0  printf_stubs.o ABSOLUTE
    _printf_widthprec                        0x00000000   Number         0  printf_stubs.o ABSOLUTE
    __ARM_exceptions_init                     - Undefined Weak Reference
    __alloca_initialize                       - Undefined Weak Reference
    __arm_preinit_                            - Undefined Weak Reference
    __arm_relocate_pie_                       - Undefined Weak Reference
    __cpp_initialize__aeabi_                  - Undefined Weak Reference
    __cxa_finalize                            - Undefined Weak Reference
    __sigvec_lookup                           - Undefined Weak Reference
    _atexit_init                              - Undefined Weak Reference
    _call_atexit_fns                          - Undefined Weak Reference
    _clock_init                               - Undefined Weak Reference
    _fp_trap_init                             - Undefined Weak Reference
    _fp_trap_shutdown                         - Undefined Weak Reference
    _get_lc_collate                           - Undefined Weak Reference
    _get_lc_monetary                          - Undefined Weak Reference
    _get_lc_time                              - Undefined Weak Reference
    _getenv_init                              - Undefined Weak Reference
    _handle_redirection                       - Undefined Weak Reference
    _init_alloc                               - Undefined Weak Reference
    _init_user_alloc                          - Undefined Weak Reference
    _initio                                   - Undefined Weak Reference
    _mutex_acquire                            - Undefined Weak Reference
    _mutex_release                            - Undefined Weak Reference
    _printf_mbtowc                            - Undefined Weak Reference
    _printf_wc                                - Undefined Weak Reference
    _rand_init                                - Undefined Weak Reference
    _signal_finish                            - Undefined Weak Reference
    _signal_init                              - Undefined Weak Reference
    _terminate_alloc                          - Undefined Weak Reference
    _terminate_user_alloc                     - Undefined Weak Reference
    _terminateio                              - Undefined Weak Reference
    __Vectors_Size                           0x0000020c   Number         0  startup_at32f435_437.o ABSOLUTE
    __Vectors                                0x08000000   Data           4  startup_at32f435_437.o(RESET)
    __Vectors_End                            0x0800020c   Data           0  startup_at32f435_437.o(RESET)
    __main                                   0x0800020d   Thumb Code     8  __main.o(!!!main)
    __scatterload                            0x08000215   Thumb Code     0  __scatter.o(!!!scatter)
    __scatterload_rt2                        0x08000215   Thumb Code    84  __scatter.o(!!!scatter)
    __scatterload_rt2_thumb_only             0x08000215   Thumb Code     0  __scatter.o(!!!scatter)
    __scatterload_loop                       0x0800021f   Thumb Code     0  __scatter.o(!!!scatter)
    __scatterload_copy                       0x08000271   Thumb Code    26  __scatter_copy.o(!!handler_copy)
    __scatterload_null                       0x0800028d   Thumb Code     2  __scatter.o(!!handler_null)
    __scatterload_zeroinit                   0x08000291   Thumb Code    28  __scatter_zi.o(!!handler_zi)
    _printf_n                                0x080002ad   Thumb Code     0  _printf_n.o(.ARM.Collect$$_printf_percent$$00000001)
    _printf_percent                          0x080002ad   Thumb Code     0  _printf_percent.o(.ARM.Collect$$_printf_percent$$00000000)
    _printf_p                                0x080002b3   Thumb Code     0  _printf_p.o(.ARM.Collect$$_printf_percent$$00000002)
    _printf_f                                0x080002b9   Thumb Code     0  _printf_f.o(.ARM.Collect$$_printf_percent$$00000003)
    _printf_e                                0x080002bf   Thumb Code     0  _printf_e.o(.ARM.Collect$$_printf_percent$$00000004)
    _printf_g                                0x080002c5   Thumb Code     0  _printf_g.o(.ARM.Collect$$_printf_percent$$00000005)
    _printf_a                                0x080002cb   Thumb Code     0  _printf_a.o(.ARM.Collect$$_printf_percent$$00000006)
    _printf_ll                               0x080002d1   Thumb Code     0  _printf_ll.o(.ARM.Collect$$_printf_percent$$00000007)
    _printf_i                                0x080002db   Thumb Code     0  _printf_i.o(.ARM.Collect$$_printf_percent$$00000008)
    _printf_d                                0x080002e1   Thumb Code     0  _printf_d.o(.ARM.Collect$$_printf_percent$$00000009)
    _printf_u                                0x080002e7   Thumb Code     0  _printf_u.o(.ARM.Collect$$_printf_percent$$0000000A)
    _printf_o                                0x080002ed   Thumb Code     0  _printf_o.o(.ARM.Collect$$_printf_percent$$0000000B)
    _printf_x                                0x080002f3   Thumb Code     0  _printf_x.o(.ARM.Collect$$_printf_percent$$0000000C)
    _printf_lli                              0x080002f9   Thumb Code     0  _printf_lli.o(.ARM.Collect$$_printf_percent$$0000000D)
    _printf_lld                              0x080002ff   Thumb Code     0  _printf_lld.o(.ARM.Collect$$_printf_percent$$0000000E)
    _printf_llu                              0x08000305   Thumb Code     0  _printf_llu.o(.ARM.Collect$$_printf_percent$$0000000F)
    _printf_llo                              0x0800030b   Thumb Code     0  _printf_llo.o(.ARM.Collect$$_printf_percent$$00000010)
    _printf_llx                              0x08000311   Thumb Code     0  _printf_llx.o(.ARM.Collect$$_printf_percent$$00000011)
    _printf_l                                0x08000317   Thumb Code     0  _printf_l.o(.ARM.Collect$$_printf_percent$$00000012)
    _printf_c                                0x08000321   Thumb Code     0  _printf_c.o(.ARM.Collect$$_printf_percent$$00000013)
    _printf_s                                0x08000327   Thumb Code     0  _printf_s.o(.ARM.Collect$$_printf_percent$$00000014)
    _printf_lc                               0x0800032d   Thumb Code     0  _printf_lc.o(.ARM.Collect$$_printf_percent$$00000015)
    _printf_ls                               0x08000333   Thumb Code     0  _printf_ls.o(.ARM.Collect$$_printf_percent$$00000016)
    _printf_percent_end                      0x08000339   Thumb Code     0  _printf_percent_end.o(.ARM.Collect$$_printf_percent$$00000017)
    __rt_lib_init                            0x0800033d   Thumb Code     0  libinit.o(.ARM.Collect$$libinit$$00000000)
    __rt_lib_init_fp_1                       0x0800033f   Thumb Code     0  libinit2.o(.ARM.Collect$$libinit$$00000001)
    __rt_lib_init_heap_1                     0x08000343   Thumb Code     0  libinit2.o(.ARM.Collect$$libinit$$0000000C)
    __rt_lib_init_lc_common                  0x08000343   Thumb Code     0  libinit2.o(.ARM.Collect$$libinit$$00000011)
    __rt_lib_init_preinit_1                  0x08000343   Thumb Code     0  libinit2.o(.ARM.Collect$$libinit$$00000006)
    __rt_lib_init_rand_1                     0x08000343   Thumb Code     0  libinit2.o(.ARM.Collect$$libinit$$00000010)
    __rt_lib_init_relocate_pie_1             0x08000343   Thumb Code     0  libinit2.o(.ARM.Collect$$libinit$$00000004)
    __rt_lib_init_user_alloc_1               0x08000343   Thumb Code     0  libinit2.o(.ARM.Collect$$libinit$$0000000E)
    __rt_lib_init_lc_collate_1               0x08000349   Thumb Code     0  libinit2.o(.ARM.Collect$$libinit$$00000013)
    __rt_lib_init_lc_ctype_2                 0x08000349   Thumb Code     0  libinit2.o(.ARM.Collect$$libinit$$00000014)
    __rt_lib_init_lc_ctype_1                 0x08000355   Thumb Code     0  libinit2.o(.ARM.Collect$$libinit$$00000015)
    __rt_lib_init_lc_monetary_1              0x08000355   Thumb Code     0  libinit2.o(.ARM.Collect$$libinit$$00000017)
    __rt_lib_init_lc_numeric_2               0x08000355   Thumb Code     0  libinit2.o(.ARM.Collect$$libinit$$00000018)
    __rt_lib_init_alloca_1                   0x0800035f   Thumb Code     0  libinit2.o(.ARM.Collect$$libinit$$00000030)
    __rt_lib_init_argv_1                     0x0800035f   Thumb Code     0  libinit2.o(.ARM.Collect$$libinit$$0000002E)
    __rt_lib_init_atexit_1                   0x0800035f   Thumb Code     0  libinit2.o(.ARM.Collect$$libinit$$0000001D)
    __rt_lib_init_clock_1                    0x0800035f   Thumb Code     0  libinit2.o(.ARM.Collect$$libinit$$00000023)
    __rt_lib_init_cpp_1                      0x0800035f   Thumb Code     0  libinit2.o(.ARM.Collect$$libinit$$00000034)
    __rt_lib_init_exceptions_1               0x0800035f   Thumb Code     0  libinit2.o(.ARM.Collect$$libinit$$00000032)
    __rt_lib_init_fp_trap_1                  0x0800035f   Thumb Code     0  libinit2.o(.ARM.Collect$$libinit$$00000021)
    __rt_lib_init_getenv_1                   0x0800035f   Thumb Code     0  libinit2.o(.ARM.Collect$$libinit$$00000025)
    __rt_lib_init_lc_numeric_1               0x0800035f   Thumb Code     0  libinit2.o(.ARM.Collect$$libinit$$00000019)
    __rt_lib_init_lc_time_1                  0x0800035f   Thumb Code     0  libinit2.o(.ARM.Collect$$libinit$$0000001B)
    __rt_lib_init_return                     0x0800035f   Thumb Code     0  libinit2.o(.ARM.Collect$$libinit$$00000035)
    __rt_lib_init_signal_1                   0x0800035f   Thumb Code     0  libinit2.o(.ARM.Collect$$libinit$$0000001F)
    __rt_lib_init_stdio_1                    0x0800035f   Thumb Code     0  libinit2.o(.ARM.Collect$$libinit$$00000027)
    __rt_lib_shutdown                        0x08000361   Thumb Code     0  libshutdown.o(.ARM.Collect$$libshutdown$$00000000)
    __rt_lib_shutdown_cpp_1                  0x08000363   Thumb Code     0  libshutdown2.o(.ARM.Collect$$libshutdown$$00000002)
    __rt_lib_shutdown_fp_trap_1              0x08000363   Thumb Code     0  libshutdown2.o(.ARM.Collect$$libshutdown$$00000007)
    __rt_lib_shutdown_heap_1                 0x08000363   Thumb Code     0  libshutdown2.o(.ARM.Collect$$libshutdown$$0000000F)
    __rt_lib_shutdown_return                 0x08000363   Thumb Code     0  libshutdown2.o(.ARM.Collect$$libshutdown$$00000010)
    __rt_lib_shutdown_signal_1               0x08000363   Thumb Code     0  libshutdown2.o(.ARM.Collect$$libshutdown$$0000000A)
    __rt_lib_shutdown_stdio_1                0x08000363   Thumb Code     0  libshutdown2.o(.ARM.Collect$$libshutdown$$00000004)
    __rt_lib_shutdown_user_alloc_1           0x08000363   Thumb Code     0  libshutdown2.o(.ARM.Collect$$libshutdown$$0000000C)
    __rt_entry                               0x08000365   Thumb Code     0  __rtentry.o(.ARM.Collect$$rtentry$$00000000)
    __rt_entry_presh_1                       0x08000365   Thumb Code     0  __rtentry2.o(.ARM.Collect$$rtentry$$00000002)
    __rt_entry_sh                            0x08000365   Thumb Code     0  __rtentry4.o(.ARM.Collect$$rtentry$$00000004)
    __rt_entry_li                            0x0800036b   Thumb Code     0  __rtentry2.o(.ARM.Collect$$rtentry$$0000000A)
    __rt_entry_postsh_1                      0x0800036b   Thumb Code     0  __rtentry2.o(.ARM.Collect$$rtentry$$00000009)
    __rt_entry_main                          0x0800036f   Thumb Code     0  __rtentry2.o(.ARM.Collect$$rtentry$$0000000D)
    __rt_entry_postli_1                      0x0800036f   Thumb Code     0  __rtentry2.o(.ARM.Collect$$rtentry$$0000000C)
    __rt_exit                                0x08000377   Thumb Code     0  rtexit.o(.ARM.Collect$$rtexit$$00000000)
    __rt_exit_ls                             0x08000379   Thumb Code     0  rtexit2.o(.ARM.Collect$$rtexit$$00000003)
    __rt_exit_prels_1                        0x08000379   Thumb Code     0  rtexit2.o(.ARM.Collect$$rtexit$$00000002)
    __rt_exit_exit                           0x0800037d   Thumb Code     0  rtexit2.o(.ARM.Collect$$rtexit$$00000004)
    Reset_Handler                            0x08000385   Thumb Code     8  startup_at32f435_437.o(.text)
    ACC_IRQHandler                           0x0800039f   Thumb Code     0  startup_at32f435_437.o(.text)
    ADC1_2_3_IRQHandler                      0x0800039f   Thumb Code     0  startup_at32f435_437.o(.text)
    CAN1_RX0_IRQHandler                      0x0800039f   Thumb Code     0  startup_at32f435_437.o(.text)
    CAN1_RX1_IRQHandler                      0x0800039f   Thumb Code     0  startup_at32f435_437.o(.text)
    CAN1_SE_IRQHandler                       0x0800039f   Thumb Code     0  startup_at32f435_437.o(.text)
    CAN1_TX_IRQHandler                       0x0800039f   Thumb Code     0  startup_at32f435_437.o(.text)
    CAN2_RX0_IRQHandler                      0x0800039f   Thumb Code     0  startup_at32f435_437.o(.text)
    CAN2_RX1_IRQHandler                      0x0800039f   Thumb Code     0  startup_at32f435_437.o(.text)
    CAN2_SE_IRQHandler                       0x0800039f   Thumb Code     0  startup_at32f435_437.o(.text)
    CAN2_TX_IRQHandler                       0x0800039f   Thumb Code     0  startup_at32f435_437.o(.text)
    CRM_IRQHandler                           0x0800039f   Thumb Code     0  startup_at32f435_437.o(.text)
    DMA1_Channel3_IRQHandler                 0x0800039f   Thumb Code     0  startup_at32f435_437.o(.text)
    DMA1_Channel4_IRQHandler                 0x0800039f   Thumb Code     0  startup_at32f435_437.o(.text)
    DMA1_Channel5_IRQHandler                 0x0800039f   Thumb Code     0  startup_at32f435_437.o(.text)
    DMA1_Channel6_IRQHandler                 0x0800039f   Thumb Code     0  startup_at32f435_437.o(.text)
    DMA1_Channel7_IRQHandler                 0x0800039f   Thumb Code     0  startup_at32f435_437.o(.text)
    DMA2_Channel1_IRQHandler                 0x0800039f   Thumb Code     0  startup_at32f435_437.o(.text)
    DMA2_Channel2_IRQHandler                 0x0800039f   Thumb Code     0  startup_at32f435_437.o(.text)
    DMA2_Channel3_IRQHandler                 0x0800039f   Thumb Code     0  startup_at32f435_437.o(.text)
    DMA2_Channel4_IRQHandler                 0x0800039f   Thumb Code     0  startup_at32f435_437.o(.text)
    DMA2_Channel5_IRQHandler                 0x0800039f   Thumb Code     0  startup_at32f435_437.o(.text)
    DMA2_Channel6_IRQHandler                 0x0800039f   Thumb Code     0  startup_at32f435_437.o(.text)
    DMA2_Channel7_IRQHandler                 0x0800039f   Thumb Code     0  startup_at32f435_437.o(.text)
    DMAMUX_IRQHandler                        0x0800039f   Thumb Code     0  startup_at32f435_437.o(.text)
    DVP_IRQHandler                           0x0800039f   Thumb Code     0  startup_at32f435_437.o(.text)
    EDMA_Stream1_IRQHandler                  0x0800039f   Thumb Code     0  startup_at32f435_437.o(.text)
    EDMA_Stream2_IRQHandler                  0x0800039f   Thumb Code     0  startup_at32f435_437.o(.text)
    EDMA_Stream3_IRQHandler                  0x0800039f   Thumb Code     0  startup_at32f435_437.o(.text)
    EDMA_Stream4_IRQHandler                  0x0800039f   Thumb Code     0  startup_at32f435_437.o(.text)
    EDMA_Stream5_IRQHandler                  0x0800039f   Thumb Code     0  startup_at32f435_437.o(.text)
    EDMA_Stream6_IRQHandler                  0x0800039f   Thumb Code     0  startup_at32f435_437.o(.text)
    EDMA_Stream7_IRQHandler                  0x0800039f   Thumb Code     0  startup_at32f435_437.o(.text)
    EDMA_Stream8_IRQHandler                  0x0800039f   Thumb Code     0  startup_at32f435_437.o(.text)
    EMAC_IRQHandler                          0x0800039f   Thumb Code     0  startup_at32f435_437.o(.text)
    EMAC_WKUP_IRQHandler                     0x0800039f   Thumb Code     0  startup_at32f435_437.o(.text)
    ERTCAlarm_IRQHandler                     0x0800039f   Thumb Code     0  startup_at32f435_437.o(.text)
    ERTC_WKUP_IRQHandler                     0x0800039f   Thumb Code     0  startup_at32f435_437.o(.text)
    EXINT0_IRQHandler                        0x0800039f   Thumb Code     0  startup_at32f435_437.o(.text)
    EXINT15_10_IRQHandler                    0x0800039f   Thumb Code     0  startup_at32f435_437.o(.text)
    EXINT1_IRQHandler                        0x0800039f   Thumb Code     0  startup_at32f435_437.o(.text)
    EXINT2_IRQHandler                        0x0800039f   Thumb Code     0  startup_at32f435_437.o(.text)
    EXINT4_IRQHandler                        0x0800039f   Thumb Code     0  startup_at32f435_437.o(.text)
    EXINT9_5_IRQHandler                      0x0800039f   Thumb Code     0  startup_at32f435_437.o(.text)
    FLASH_IRQHandler                         0x0800039f   Thumb Code     0  startup_at32f435_437.o(.text)
    FPU_IRQHandler                           0x0800039f   Thumb Code     0  startup_at32f435_437.o(.text)
    I2C1_ERR_IRQHandler                      0x0800039f   Thumb Code     0  startup_at32f435_437.o(.text)
    I2C1_EVT_IRQHandler                      0x0800039f   Thumb Code     0  startup_at32f435_437.o(.text)
    I2C3_ERR_IRQHandler                      0x0800039f   Thumb Code     0  startup_at32f435_437.o(.text)
    I2C3_EVT_IRQHandler                      0x0800039f   Thumb Code     0  startup_at32f435_437.o(.text)
    OTGFS1_IRQHandler                        0x0800039f   Thumb Code     0  startup_at32f435_437.o(.text)
    OTGFS1_WKUP_IRQHandler                   0x0800039f   Thumb Code     0  startup_at32f435_437.o(.text)
    OTGFS2_IRQHandler                        0x0800039f   Thumb Code     0  startup_at32f435_437.o(.text)
    OTGFS2_WKUP_IRQHandler                   0x0800039f   Thumb Code     0  startup_at32f435_437.o(.text)
    PVM_IRQHandler                           0x0800039f   Thumb Code     0  startup_at32f435_437.o(.text)
    QSPI1_IRQHandler                         0x0800039f   Thumb Code     0  startup_at32f435_437.o(.text)
    QSPI2_IRQHandler                         0x0800039f   Thumb Code     0  startup_at32f435_437.o(.text)
    SDIO1_IRQHandler                         0x0800039f   Thumb Code     0  startup_at32f435_437.o(.text)
    SDIO2_IRQHandler                         0x0800039f   Thumb Code     0  startup_at32f435_437.o(.text)
    SPI1_IRQHandler                          0x0800039f   Thumb Code     0  startup_at32f435_437.o(.text)
    SPI2_I2S2EXT_IRQHandler                  0x0800039f   Thumb Code     0  startup_at32f435_437.o(.text)
    SPI3_I2S3EXT_IRQHandler                  0x0800039f   Thumb Code     0  startup_at32f435_437.o(.text)
    SPI4_IRQHandler                          0x0800039f   Thumb Code     0  startup_at32f435_437.o(.text)
    TAMP_STAMP_IRQHandler                    0x0800039f   Thumb Code     0  startup_at32f435_437.o(.text)
    TMR1_BRK_TMR9_IRQHandler                 0x0800039f   Thumb Code     0  startup_at32f435_437.o(.text)
    TMR1_CH_IRQHandler                       0x0800039f   Thumb Code     0  startup_at32f435_437.o(.text)
    TMR1_TRG_HALL_TMR11_IRQHandler           0x0800039f   Thumb Code     0  startup_at32f435_437.o(.text)
    TMR20_BRK_IRQHandler                     0x0800039f   Thumb Code     0  startup_at32f435_437.o(.text)
    TMR20_CH_IRQHandler                      0x0800039f   Thumb Code     0  startup_at32f435_437.o(.text)
    TMR20_OVF_IRQHandler                     0x0800039f   Thumb Code     0  startup_at32f435_437.o(.text)
    TMR20_TRG_HALL_IRQHandler                0x0800039f   Thumb Code     0  startup_at32f435_437.o(.text)
    TMR2_GLOBAL_IRQHandler                   0x0800039f   Thumb Code     0  startup_at32f435_437.o(.text)
    TMR3_GLOBAL_IRQHandler                   0x0800039f   Thumb Code     0  startup_at32f435_437.o(.text)
    TMR4_GLOBAL_IRQHandler                   0x0800039f   Thumb Code     0  startup_at32f435_437.o(.text)
    TMR5_GLOBAL_IRQHandler                   0x0800039f   Thumb Code     0  startup_at32f435_437.o(.text)
    TMR6_DAC_GLOBAL_IRQHandler               0x0800039f   Thumb Code     0  startup_at32f435_437.o(.text)
    TMR7_GLOBAL_IRQHandler                   0x0800039f   Thumb Code     0  startup_at32f435_437.o(.text)
    TMR8_BRK_TMR12_IRQHandler                0x0800039f   Thumb Code     0  startup_at32f435_437.o(.text)
    TMR8_CH_IRQHandler                       0x0800039f   Thumb Code     0  startup_at32f435_437.o(.text)
    TMR8_OVF_TMR13_IRQHandler                0x0800039f   Thumb Code     0  startup_at32f435_437.o(.text)
    TMR8_TRG_HALL_TMR14_IRQHandler           0x0800039f   Thumb Code     0  startup_at32f435_437.o(.text)
    UART4_IRQHandler                         0x0800039f   Thumb Code     0  startup_at32f435_437.o(.text)
    UART5_IRQHandler                         0x0800039f   Thumb Code     0  startup_at32f435_437.o(.text)
    UART7_IRQHandler                         0x0800039f   Thumb Code     0  startup_at32f435_437.o(.text)
    UART8_IRQHandler                         0x0800039f   Thumb Code     0  startup_at32f435_437.o(.text)
    USART1_IRQHandler                        0x0800039f   Thumb Code     0  startup_at32f435_437.o(.text)
    USART2_IRQHandler                        0x0800039f   Thumb Code     0  startup_at32f435_437.o(.text)
    USART3_IRQHandler                        0x0800039f   Thumb Code     0  startup_at32f435_437.o(.text)
    USART6_IRQHandler                        0x0800039f   Thumb Code     0  startup_at32f435_437.o(.text)
    WWDT_IRQHandler                          0x0800039f   Thumb Code     0  startup_at32f435_437.o(.text)
    XMC_IRQHandler                           0x0800039f   Thumb Code     0  startup_at32f435_437.o(.text)
    __user_initial_stackheap                 0x080003a1   Thumb Code     0  startup_at32f435_437.o(.text)
    __use_no_semihosting                     0x080003c5   Thumb Code     2  use_no_semi_2.o(.text)
    __aeabi_uldivmod                         0x080003c7   Thumb Code     0  lludivv7m.o(.text)
    _ll_udiv                                 0x080003c7   Thumb Code   240  lludivv7m.o(.text)
    printf                                   0x080004b9   Thumb Code    20  printf.o(.text)
    __use_two_region_memory                  0x080004d1   Thumb Code     2  heapauxi.o(.text)
    __rt_heap_escrow$2region                 0x080004d3   Thumb Code     2  heapauxi.o(.text)
    __rt_heap_expand$2region                 0x080004d5   Thumb Code     2  heapauxi.o(.text)
    __I$use$semihosting                      0x080004d7   Thumb Code     0  use_no_semi.o(.text)
    __use_no_semihosting_swi                 0x080004d7   Thumb Code     2  use_no_semi.o(.text)
    _printf_pre_padding                      0x080004d9   Thumb Code    44  _printf_pad.o(.text)
    _printf_post_padding                     0x08000505   Thumb Code    34  _printf_pad.o(.text)
    _printf_truncate_signed                  0x08000527   Thumb Code    18  _printf_truncate.o(.text)
    _printf_truncate_unsigned                0x08000539   Thumb Code    18  _printf_truncate.o(.text)
    _printf_str                              0x0800054b   Thumb Code    82  _printf_str.o(.text)
    _printf_int_dec                          0x0800059d   Thumb Code   104  _printf_dec.o(.text)
    _printf_charcount                        0x08000615   Thumb Code    40  _printf_charcount.o(.text)
    _printf_char_file                        0x0800063d   Thumb Code    32  _printf_char_file.o(.text)
    _printf_wctomb                           0x08000661   Thumb Code   182  _printf_wctomb.o(.text)
    _printf_longlong_dec                     0x0800071d   Thumb Code   108  _printf_longlong_dec.o(.text)
    _printf_longlong_oct                     0x08000799   Thumb Code    68  _printf_oct_int_ll.o(.text)
    _printf_int_oct                          0x080007dd   Thumb Code    24  _printf_oct_int_ll.o(.text)
    _printf_ll_oct                           0x080007f5   Thumb Code    12  _printf_oct_int_ll.o(.text)
    _printf_longlong_hex                     0x08000809   Thumb Code    86  _printf_hex_int_ll_ptr.o(.text)
    _printf_int_hex                          0x0800085f   Thumb Code    28  _printf_hex_int_ll_ptr.o(.text)
    _printf_ll_hex                           0x0800087b   Thumb Code    12  _printf_hex_int_ll_ptr.o(.text)
    _printf_hex_ptr                          0x08000887   Thumb Code    18  _printf_hex_int_ll_ptr.o(.text)
    __printf                                 0x0800089d   Thumb Code   388  __printf_flags_ss_wp.o(.text)
    _ll_udiv10                               0x08000a25   Thumb Code   138  lludiv10.o(.text)
    _printf_int_common                       0x08000aaf   Thumb Code   178  _printf_intcommon.o(.text)
    _printf_fp_dec_real                      0x08000d11   Thumb Code   620  _printf_fp_dec.o(.text)
    _printf_fp_hex_real                      0x08000f7d   Thumb Code   756  _printf_fp_hex.o(.text)
    _printf_char_common                      0x08001283   Thumb Code    32  _printf_char_common.o(.text)
    _printf_cs_common                        0x080012a9   Thumb Code    20  _printf_char.o(.text)
    _printf_char                             0x080012bd   Thumb Code    16  _printf_char.o(.text)
    _printf_string                           0x080012cd   Thumb Code     8  _printf_char.o(.text)
    _printf_lcs_common                       0x080012d5   Thumb Code    20  _printf_wchar.o(.text)
    _printf_wchar                            0x080012e9   Thumb Code    16  _printf_wchar.o(.text)
    _printf_wstring                          0x080012f9   Thumb Code     8  _printf_wchar.o(.text)
    ferror                                   0x08001301   Thumb Code     8  ferror.o(.text)
    _c16rtomb                                0x08001309   Thumb Code    72  _c16rtomb.o(.text)
    _wcrtomb                                 0x08001309   Thumb Code     0  _c16rtomb.o(.text)
    __user_setup_stackheap                   0x08001351   Thumb Code    74  sys_stackheap_outer.o(.text)
    __rt_ctype_table                         0x0800139d   Thumb Code    16  rt_ctype_table.o(.text)
    __rt_locale                              0x080013ad   Thumb Code     8  rt_locale_intlibspace.o(.text)
    _printf_fp_infnan                        0x080013b5   Thumb Code   112  _printf_fp_infnan.o(.text)
    _btod_etento                             0x08001435   Thumb Code   224  bigflt0.o(.text)
    exit                                     0x08001519   Thumb Code    18  exit.o(.text)
    __user_libspace                          0x0800152d   Thumb Code     8  libspace.o(.text)
    __user_perproc_libspace                  0x0800152d   Thumb Code     0  libspace.o(.text)
    __user_perthread_libspace                0x0800152d   Thumb Code     0  libspace.o(.text)
    strcmp                                   0x08001539   Thumb Code   124  strcmpv7em.o(.text)
    BusFault_Handler                         0x080015b5   Thumb Code     4  at32f435_437_int.o(.text.BusFault_Handler)
    DMA1_Channel1_IRQHandler                 0x080015b9   Thumb Code    16  at32f435_437_int.o(.text.DMA1_Channel1_IRQHandler)
    DMA1_Channel2_IRQHandler                 0x080015c9   Thumb Code    16  at32f435_437_int.o(.text.DMA1_Channel2_IRQHandler)
    DebugMon_Handler                         0x080015d9   Thumb Code     2  at32f435_437_int.o(.text.DebugMon_Handler)
    EXINT3_IRQHandler                        0x080015dd   Thumb Code     8  at32f435_437_int.o(.text.EXINT3_IRQHandler)
    HardFault_Handler                        0x080015e5   Thumb Code     4  at32f435_437_int.o(.text.HardFault_Handler)
    I2C2_ERR_IRQHandler                      0x080015e9   Thumb Code    16  at32f435_437_int.o(.text.I2C2_ERR_IRQHandler)
    I2C2_EVT_IRQHandler                      0x080015f9   Thumb Code    16  at32f435_437_int.o(.text.I2C2_EVT_IRQHandler)
    MemManage_Handler                        0x08001609   Thumb Code     4  at32f435_437_int.o(.text.MemManage_Handler)
    NMI_Handler                              0x0800160d   Thumb Code     2  at32f435_437_int.o(.text.NMI_Handler)
    PendSV_Handler                           0x08001611   Thumb Code     2  at32f435_437_int.o(.text.PendSV_Handler)
    SVC_Handler                              0x08001615   Thumb Code     2  at32f435_437_int.o(.text.SVC_Handler)
    SysTick_Handler                          0x08001619   Thumb Code     2  at32f435_437_int.o(.text.SysTick_Handler)
    SystemInit                               0x0800161d   Thumb Code   186  system_at32f435_437.o(.text.SystemInit)
    TMR1_OVF_TMR10_IRQHandler                0x080016d9   Thumb Code    26  at32f435_437_int.o(.text.TMR1_OVF_TMR10_IRQHandler)
    UsageFault_Handler                       0x080016f5   Thumb Code     4  at32f435_437_int.o(.text.UsageFault_Handler)
    _sys_exit                                0x08001735   Thumb Code     8  main_variable_resistor_printf.o(.text._sys_exit)
    adc_base_config                          0x0800173d   Thumb Code   100  at32f435_437_adc.o(.text.adc_base_config)
    adc_base_default_para_init               0x080017a1   Thumb Code    28  at32f435_437_adc.o(.text.adc_base_default_para_init)
    adc_calibration_init                     0x080017bd   Thumb Code    18  at32f435_437_adc.o(.text.adc_calibration_init)
    adc_calibration_init_status_get          0x080017d1   Thumb Code    40  at32f435_437_adc.o(.text.adc_calibration_init_status_get)
    adc_calibration_start                    0x080017f9   Thumb Code    18  at32f435_437_adc.o(.text.adc_calibration_start)
    adc_calibration_status_get               0x0800180d   Thumb Code    40  at32f435_437_adc.o(.text.adc_calibration_status_get)
    adc_common_config                        0x08001835   Thumb Code   204  at32f435_437_adc.o(.text.adc_common_config)
    adc_common_default_para_init             0x08001901   Thumb Code    38  at32f435_437_adc.o(.text.adc_common_default_para_init)
    adc_enable                               0x08001929   Thumb Code    26  at32f435_437_adc.o(.text.adc_enable)
    adc_flag_get                             0x08001945   Thumb Code    52  at32f435_437_adc.o(.text.adc_flag_get)
    adc_ordinary_channel_set                 0x08001979   Thumb Code   354  at32f435_437_adc.o(.text.adc_ordinary_channel_set)
    adc_ordinary_oversample_enable           0x08001add   Thumb Code    30  at32f435_437_adc.o(.text.adc_ordinary_oversample_enable)
    adc_ordinary_oversample_restart_set      0x08001afd   Thumb Code    38  at32f435_437_adc.o(.text.adc_ordinary_oversample_restart_set)
    adc_ordinary_oversample_trig_enable      0x08001b25   Thumb Code    38  at32f435_437_adc.o(.text.adc_ordinary_oversample_trig_enable)
    adc_resolution_set                       0x08001b4d   Thumb Code    34  at32f435_437_adc.o(.text.adc_resolution_set)
    crm_ahb_div_set                          0x08001b71   Thumb Code    38  at32f435_437_crm.o(.text.crm_ahb_div_set)
    crm_apb1_div_set                         0x08001b99   Thumb Code    38  at32f435_437_crm.o(.text.crm_apb1_div_set)
    crm_apb2_div_set                         0x08001bc1   Thumb Code    38  at32f435_437_crm.o(.text.crm_apb2_div_set)
    crm_auto_step_mode_enable                0x08001be9   Thumb Code    56  at32f435_437_crm.o(.text.crm_auto_step_mode_enable)
    crm_clock_source_enable                  0x08001c21   Thumb Code   166  at32f435_437_crm.o(.text.crm_clock_source_enable)
    crm_clocks_freq_get                      0x08001cc9   Thumb Code   366  at32f435_437_crm.o(.text.crm_clocks_freq_get)
    crm_flag_get                             0x08001e39   Thumb Code    62  at32f435_437_crm.o(.text.crm_flag_get)
    crm_hext_stable_wait                     0x08001e79   Thumb Code   100  at32f435_437_crm.o(.text.crm_hext_stable_wait)
    crm_periph_clock_enable                  0x08001edd   Thumb Code    82  at32f435_437_crm.o(.text.crm_periph_clock_enable)
    crm_pll_config                           0x08001f31   Thumb Code   130  at32f435_437_crm.o(.text.crm_pll_config)
    crm_reset                                0x08001fb5   Thumb Code   156  at32f435_437_crm.o(.text.crm_reset)
    crm_sysclk_switch                        0x08002051   Thumb Code    70  at32f435_437_crm.o(.text.crm_sysclk_switch)
    crm_sysclk_switch_status_get             0x08002099   Thumb Code    16  at32f435_437_crm.o(.text.crm_sysclk_switch_status_get)
    delay_init                               0x080020a9   Thumb Code    62  at_surf_f437_board_delay.o(.text.delay_init)
    delay_ms                                 0x080020e9   Thumb Code   216  at_surf_f437_board_delay.o(.text.delay_ms)
    delay_sec                                0x080021c1   Thumb Code    64  at_surf_f437_board_delay.o(.text.delay_sec)
    dma_channel_enable                       0x08002201   Thumb Code    26  at32f435_437_dma.o(.text.dma_channel_enable)
    dma_flag_clear                           0x0800221d   Thumb Code    50  at32f435_437_dma.o(.text.dma_flag_clear)
    dma_flag_get                             0x08002251   Thumb Code    80  at32f435_437_dma.o(.text.dma_flag_get)
    dma_init                                 0x080022a1   Thumb Code   200  at32f435_437_dma.o(.text.dma_init)
    dma_interrupt_enable                     0x08002369   Thumb Code    46  at32f435_437_dma.o(.text.dma_interrupt_enable)
    exint_flag_clear                         0x08002399   Thumb Code    20  at32f435_437_exint.o(.text.exint_flag_clear)
    exint_flag_get                           0x080023ad   Thumb Code    58  at32f435_437_exint.o(.text.exint_flag_get)
    fputc                                    0x080023e9   Thumb Code    74  main_variable_resistor_printf.o(.text.fputc)
    gpio_default_para_init                   0x08002435   Thumb Code    36  at32f435_437_gpio.o(.text.gpio_default_para_init)
    gpio_init                                0x08002459   Thumb Code   232  at32f435_437_gpio.o(.text.gpio_init)
    gpio_pin_mux_config                      0x08002541   Thumb Code   136  at32f435_437_gpio.o(.text.gpio_pin_mux_config)
    i2c_data_receive                         0x080025c9   Thumb Code    14  at32f435_437_i2c.o(.text.i2c_data_receive)
    i2c_data_send                            0x080025d9   Thumb Code    20  at32f435_437_i2c.o(.text.i2c_data_send)
    i2c_dma_config                           0x080025ed   Thumb Code   138  i2c_application.o(.text.i2c_dma_config)
    i2c_dma_enable                           0x08002679   Thumb Code    72  at32f435_437_i2c.o(.text.i2c_dma_enable)
    i2c_dma_rx_irq_handler                   0x080026c1   Thumb Code    18  i2c_application.o(.text.i2c_dma_rx_irq_handler)
    i2c_dma_tx_irq_handler                   0x080026d5   Thumb Code    18  i2c_application.o(.text.i2c_dma_tx_irq_handler)
    i2c_dma_tx_rx_irq_handler                0x080026e9   Thumb Code   986  i2c_application.o(.text.i2c_dma_tx_rx_irq_handler)
    i2c_err_irq_handler                      0x08002ac5   Thumb Code   298  i2c_application.o(.text.i2c_err_irq_handler)
    i2c_evt_irq_handler                      0x08002bf1   Thumb Code    68  i2c_application.o(.text.i2c_evt_irq_handler)
    i2c_flag_clear                           0x08002c35   Thumb Code    16  at32f435_437_i2c.o(.text.i2c_flag_clear)
    i2c_flag_get                             0x08002c45   Thumb Code    42  at32f435_437_i2c.o(.text.i2c_flag_get)
    i2c_interrupt_enable                     0x08002c71   Thumb Code    46  at32f435_437_i2c.o(.text.i2c_interrupt_enable)
    i2c_master_irq_handler_dma               0x08002ca1   Thumb Code   272  i2c_application.o(.text.i2c_master_irq_handler_dma)
    i2c_master_irq_handler_int               0x08002db1   Thumb Code   380  i2c_application.o(.text.i2c_master_irq_handler_int)
    i2c_refresh_txdt_register                0x08002f2d   Thumb Code    62  i2c_application.o(.text.i2c_refresh_txdt_register)
    i2c_reset_ctrl2_register                 0x08002f6d   Thumb Code    70  i2c_application.o(.text.i2c_reset_ctrl2_register)
    i2c_slave_irq_handler_dma                0x08002fb5   Thumb Code   186  i2c_application.o(.text.i2c_slave_irq_handler_dma)
    i2c_slave_irq_handler_int                0x08003071   Thumb Code   340  i2c_application.o(.text.i2c_slave_irq_handler_int)
    i2c_start_transfer                       0x080031c5   Thumb Code   108  i2c_application.o(.text.i2c_start_transfer)
    i2c_stop_generate                        0x08003231   Thumb Code    18  at32f435_437_i2c.o(.text.i2c_stop_generate)
    i2c_transfer_addr_get                    0x08003245   Thumb Code    16  at32f435_437_i2c.o(.text.i2c_transfer_addr_get)
    i2c_transmit_set                         0x08003255   Thumb Code    88  at32f435_437_i2c.o(.text.i2c_transmit_set)
    main                                     0x080032b1   Thumb Code   744  main_variable_resistor_printf.o(.text.main)
    nvic_priority_group_config               0x080035a9   Thumb Code    20  at32f435_437_misc.o(.text.nvic_priority_group_config)
    pca9555_irq_handler                      0x080035bd   Thumb Code    34  at_surf_f437_board_pca9555.o(.text.pca9555_irq_handler)
    system_clock_config                      0x080035e1   Thumb Code   174  at32f435_437_clock.o(.text.system_clock_config)
    system_core_clock_update                 0x08003691   Thumb Code   336  system_at32f435_437.o(.text.system_core_clock_update)
    systick_clock_source_config              0x080037e1   Thumb Code    56  at32f435_437_misc.o(.text.systick_clock_source_config)
    tmr_base_init                            0x08003819   Thumb Code    34  at32f435_437_tmr.o(.text.tmr_base_init)
    tmr_channel_enable                       0x0800383d   Thumb Code   212  at32f435_437_tmr.o(.text.tmr_channel_enable)
    tmr_channel_value_set                    0x08003911   Thumb Code    90  at32f435_437_tmr.o(.text.tmr_channel_value_set)
    tmr_clock_source_div_set                 0x0800396d   Thumb Code    34  at32f435_437_tmr.o(.text.tmr_clock_source_div_set)
    tmr_flag_clear                           0x08003991   Thumb Code    18  at32f435_437_tmr.o(.text.tmr_flag_clear)
    tmr_output_channel_config                0x080039a5   Thumb Code   516  at32f435_437_tmr.o(.text.tmr_output_channel_config)
    tmr_output_default_para_init             0x08003ba9   Thumb Code    38  at32f435_437_tmr.o(.text.tmr_output_default_para_init)
    tmr_output_enable                        0x08003bd1   Thumb Code    34  at32f435_437_tmr.o(.text.tmr_output_enable)
    usart_data_transmit                      0x08003bf5   Thumb Code    24  at32f435_437_usart.o(.text.usart_data_transmit)
    usart_enable                             0x08003c0d   Thumb Code    34  at32f435_437_usart.o(.text.usart_enable)
    usart_flag_get                           0x08003c31   Thumb Code    42  at32f435_437_usart.o(.text.usart_flag_get)
    usart_init                               0x08003c5d   Thumb Code   286  at32f435_437_usart.o(.text.usart_init)
    usart_receiver_enable                    0x08003d7d   Thumb Code    34  at32f435_437_usart.o(.text.usart_receiver_enable)
    usart_transmitter_enable                 0x08003da1   Thumb Code    34  at32f435_437_usart.o(.text.usart_transmitter_enable)
    _btod_d2e                                0x08003dc3   Thumb Code    62  btod.o(CL$$btod_d2e)
    _d2e_denorm_low                          0x08003e01   Thumb Code    70  btod.o(CL$$btod_d2e_denorm_low)
    _d2e_norm_op1                            0x08003e47   Thumb Code    96  btod.o(CL$$btod_d2e_norm_op1)
    __btod_div_common                        0x08003ea9   Thumb Code   696  btod.o(CL$$btod_div_common)
    _e2e                                     0x080041e1   Thumb Code   220  btod.o(CL$$btod_e2e)
    _btod_ediv                               0x080042bd   Thumb Code    42  btod.o(CL$$btod_ediv)
    _btod_emul                               0x080042e7   Thumb Code    42  btod.o(CL$$btod_emul)
    __btod_mult_common                       0x08004311   Thumb Code   580  btod.o(CL$$btod_mult_common)
    __ARM_fpclassify                         0x08004555   Thumb Code    48  fpclassify.o(i.__ARM_fpclassify)
    _is_digit                                0x08004585   Thumb Code    14  __printf_wp.o(i._is_digit)
    _get_lc_numeric                          0x08004595   Thumb Code    44  lc_numeric_c.o(locale$$code)
    _get_lc_ctype                            0x080045c1   Thumb Code    44  lc_ctype_c.o(locale$$code)
    __aeabi_d2f                              0x080045ed   Thumb Code     0  d2f.o(x$fpl$d2f)
    _d2f                                     0x080045ed   Thumb Code    98  d2f.o(x$fpl$d2f)
    __aeabi_ddiv                             0x08004651   Thumb Code     0  ddiv.o(x$fpl$ddiv)
    _ddiv                                    0x08004651   Thumb Code   560  ddiv.o(x$fpl$ddiv)
    __aeabi_i2d                              0x08004909   Thumb Code     0  dflt_clz.o(x$fpl$dflt)
    _dflt                                    0x08004909   Thumb Code    46  dflt_clz.o(x$fpl$dflt)
    __aeabi_dmul                             0x08004939   Thumb Code     0  dmul.o(x$fpl$dmul)
    _dmul                                    0x08004939   Thumb Code   332  dmul.o(x$fpl$dmul)
    __fpl_dnaninf                            0x08004a8d   Thumb Code   156  dnaninf.o(x$fpl$dnaninf)
    __fpl_dretinf                            0x08004b29   Thumb Code    12  dretinf.o(x$fpl$dretinf)
    __aeabi_f2d                              0x08004b35   Thumb Code     0  f2d.o(x$fpl$f2d)
    _f2d                                     0x08004b35   Thumb Code    86  f2d.o(x$fpl$f2d)
    __fpl_fnaninf                            0x08004b8b   Thumb Code   140  fnaninf.o(x$fpl$fnaninf)
    _fp_init                                 0x08004c17   Thumb Code    26  fpinit.o(x$fpl$fpinit)
    __fplib_config_fpu_vfp                   0x08004c2f   Thumb Code     0  fpinit.o(x$fpl$fpinit)
    __fplib_config_pureend_doubles           0x08004c2f   Thumb Code     0  fpinit.o(x$fpl$fpinit)
    __fpl_fretinf                            0x08004c31   Thumb Code    10  fretinf.o(x$fpl$fretinf)
    _printf_fp_dec                           0x08004c3b   Thumb Code     4  printf1.o(x$fpl$printf1)
    _printf_fp_hex                           0x08004c3f   Thumb Code     4  printf2.o(x$fpl$printf2)
    __I$use$fp                               0x08004c42   Number         0  usenofp.o(x$fpl$usenofp)
    Region$$Table$$Base                      0x08004de4   Number         0  anon$$obj.o(Region$$Table)
    Region$$Table$$Limit                     0x08004e04   Number         0  anon$$obj.o(Region$$Table)
    __ctype                                  0x08004e2d   Data           0  lc_ctype_c.o(locale$$data)
    system_core_clock                        0x20000000   Data           4  system_at32f435_437.o(.data.system_core_clock)
    __libspace_start                         0x20000008   Data          96  libspace.o(.bss)
    Tim_Int_Flag                             0x20000068   Data           1  at32f435_437_int.o(.bss.Tim_Int_Flag)
    __temporary_stack_top$libspace           0x20000068   Data           0  libspace.o(.bss)
    __stdout                                 0x2000006c   Data          84  main_variable_resistor_printf.o(.bss.__stdout)
    hi2c_pca                                 0x200000c8   Data          52  at_surf_f437_board_pca9555.o(.bss.hi2c_pca)
    pca9555_int_flag                         0x200000fc   Data           2  at_surf_f437_board_pca9555.o(.bss.pca9555_int_flag)



==============================================================================

Memory Map of the image

  Image Entry point : 0x0800020d

  Load Region LR_IROM1 (Base: 0x08000000, Size: 0x00004f38, Max: 0x003f0000, ABSOLUTE)

    Execution Region ER_IROM1 (Exec base: 0x08000000, Load base: 0x08000000, Size: 0x00004f30, Max: 0x003f0000, ABSOLUTE)

    Exec Addr    Load Addr    Size         Type   Attr      Idx    E Section Name        Object

    0x08000000   0x08000000   0x0000020c   Data   RO         2198    RESET               startup_at32f435_437.o
    0x0800020c   0x0800020c   0x00000008   Code   RO         2219  * !!!main             c_w.l(__main.o)
    0x08000214   0x08000214   0x0000005c   Code   RO         2592    !!!scatter          c_w.l(__scatter.o)
    0x08000270   0x08000270   0x0000001a   Code   RO         2596    !!handler_copy      c_w.l(__scatter_copy.o)
    0x0800028a   0x0800028a   0x00000002   PAD
    0x0800028c   0x0800028c   0x00000002   Code   RO         2593    !!handler_null      c_w.l(__scatter.o)
    0x0800028e   0x0800028e   0x00000002   PAD
    0x08000290   0x08000290   0x0000001c   Code   RO         2598    !!handler_zi        c_w.l(__scatter_zi.o)
    0x080002ac   0x080002ac   0x00000000   Code   RO         2323    .ARM.Collect$$_printf_percent$$00000000  c_w.l(_printf_percent.o)
    0x080002ac   0x080002ac   0x00000006   Code   RO         2312    .ARM.Collect$$_printf_percent$$00000001  c_w.l(_printf_n.o)
    0x080002b2   0x080002b2   0x00000006   Code   RO         2314    .ARM.Collect$$_printf_percent$$00000002  c_w.l(_printf_p.o)
    0x080002b8   0x080002b8   0x00000006   Code   RO         2319    .ARM.Collect$$_printf_percent$$00000003  c_w.l(_printf_f.o)
    0x080002be   0x080002be   0x00000006   Code   RO         2320    .ARM.Collect$$_printf_percent$$00000004  c_w.l(_printf_e.o)
    0x080002c4   0x080002c4   0x00000006   Code   RO         2321    .ARM.Collect$$_printf_percent$$00000005  c_w.l(_printf_g.o)
    0x080002ca   0x080002ca   0x00000006   Code   RO         2322    .ARM.Collect$$_printf_percent$$00000006  c_w.l(_printf_a.o)
    0x080002d0   0x080002d0   0x0000000a   Code   RO         2327    .ARM.Collect$$_printf_percent$$00000007  c_w.l(_printf_ll.o)
    0x080002da   0x080002da   0x00000006   Code   RO         2316    .ARM.Collect$$_printf_percent$$00000008  c_w.l(_printf_i.o)
    0x080002e0   0x080002e0   0x00000006   Code   RO         2317    .ARM.Collect$$_printf_percent$$00000009  c_w.l(_printf_d.o)
    0x080002e6   0x080002e6   0x00000006   Code   RO         2318    .ARM.Collect$$_printf_percent$$0000000A  c_w.l(_printf_u.o)
    0x080002ec   0x080002ec   0x00000006   Code   RO         2315    .ARM.Collect$$_printf_percent$$0000000B  c_w.l(_printf_o.o)
    0x080002f2   0x080002f2   0x00000006   Code   RO         2313    .ARM.Collect$$_printf_percent$$0000000C  c_w.l(_printf_x.o)
    0x080002f8   0x080002f8   0x00000006   Code   RO         2324    .ARM.Collect$$_printf_percent$$0000000D  c_w.l(_printf_lli.o)
    0x080002fe   0x080002fe   0x00000006   Code   RO         2325    .ARM.Collect$$_printf_percent$$0000000E  c_w.l(_printf_lld.o)
    0x08000304   0x08000304   0x00000006   Code   RO         2326    .ARM.Collect$$_printf_percent$$0000000F  c_w.l(_printf_llu.o)
    0x0800030a   0x0800030a   0x00000006   Code   RO         2331    .ARM.Collect$$_printf_percent$$00000010  c_w.l(_printf_llo.o)
    0x08000310   0x08000310   0x00000006   Code   RO         2332    .ARM.Collect$$_printf_percent$$00000011  c_w.l(_printf_llx.o)
    0x08000316   0x08000316   0x0000000a   Code   RO         2328    .ARM.Collect$$_printf_percent$$00000012  c_w.l(_printf_l.o)
    0x08000320   0x08000320   0x00000006   Code   RO         2310    .ARM.Collect$$_printf_percent$$00000013  c_w.l(_printf_c.o)
    0x08000326   0x08000326   0x00000006   Code   RO         2311    .ARM.Collect$$_printf_percent$$00000014  c_w.l(_printf_s.o)
    0x0800032c   0x0800032c   0x00000006   Code   RO         2329    .ARM.Collect$$_printf_percent$$00000015  c_w.l(_printf_lc.o)
    0x08000332   0x08000332   0x00000006   Code   RO         2330    .ARM.Collect$$_printf_percent$$00000016  c_w.l(_printf_ls.o)
    0x08000338   0x08000338   0x00000004   Code   RO         2388    .ARM.Collect$$_printf_percent$$00000017  c_w.l(_printf_percent_end.o)
    0x0800033c   0x0800033c   0x00000002   Code   RO         2451    .ARM.Collect$$libinit$$00000000  c_w.l(libinit.o)
    0x0800033e   0x0800033e   0x00000004   Code   RO         2474    .ARM.Collect$$libinit$$00000001  c_w.l(libinit2.o)
    0x08000342   0x08000342   0x00000000   Code   RO         2477    .ARM.Collect$$libinit$$00000004  c_w.l(libinit2.o)
    0x08000342   0x08000342   0x00000000   Code   RO         2479    .ARM.Collect$$libinit$$00000006  c_w.l(libinit2.o)
    0x08000342   0x08000342   0x00000000   Code   RO         2482    .ARM.Collect$$libinit$$0000000C  c_w.l(libinit2.o)
    0x08000342   0x08000342   0x00000000   Code   RO         2484    .ARM.Collect$$libinit$$0000000E  c_w.l(libinit2.o)
    0x08000342   0x08000342   0x00000000   Code   RO         2486    .ARM.Collect$$libinit$$00000010  c_w.l(libinit2.o)
    0x08000342   0x08000342   0x00000006   Code   RO         2487    .ARM.Collect$$libinit$$00000011  c_w.l(libinit2.o)
    0x08000348   0x08000348   0x00000000   Code   RO         2489    .ARM.Collect$$libinit$$00000013  c_w.l(libinit2.o)
    0x08000348   0x08000348   0x0000000c   Code   RO         2490    .ARM.Collect$$libinit$$00000014  c_w.l(libinit2.o)
    0x08000354   0x08000354   0x00000000   Code   RO         2491    .ARM.Collect$$libinit$$00000015  c_w.l(libinit2.o)
    0x08000354   0x08000354   0x00000000   Code   RO         2493    .ARM.Collect$$libinit$$00000017  c_w.l(libinit2.o)
    0x08000354   0x08000354   0x0000000a   Code   RO         2494    .ARM.Collect$$libinit$$00000018  c_w.l(libinit2.o)
    0x0800035e   0x0800035e   0x00000000   Code   RO         2495    .ARM.Collect$$libinit$$00000019  c_w.l(libinit2.o)
    0x0800035e   0x0800035e   0x00000000   Code   RO         2497    .ARM.Collect$$libinit$$0000001B  c_w.l(libinit2.o)
    0x0800035e   0x0800035e   0x00000000   Code   RO         2499    .ARM.Collect$$libinit$$0000001D  c_w.l(libinit2.o)
    0x0800035e   0x0800035e   0x00000000   Code   RO         2501    .ARM.Collect$$libinit$$0000001F  c_w.l(libinit2.o)
    0x0800035e   0x0800035e   0x00000000   Code   RO         2503    .ARM.Collect$$libinit$$00000021  c_w.l(libinit2.o)
    0x0800035e   0x0800035e   0x00000000   Code   RO         2505    .ARM.Collect$$libinit$$00000023  c_w.l(libinit2.o)
    0x0800035e   0x0800035e   0x00000000   Code   RO         2507    .ARM.Collect$$libinit$$00000025  c_w.l(libinit2.o)
    0x0800035e   0x0800035e   0x00000000   Code   RO         2509    .ARM.Collect$$libinit$$00000027  c_w.l(libinit2.o)
    0x0800035e   0x0800035e   0x00000000   Code   RO         2513    .ARM.Collect$$libinit$$0000002E  c_w.l(libinit2.o)
    0x0800035e   0x0800035e   0x00000000   Code   RO         2515    .ARM.Collect$$libinit$$00000030  c_w.l(libinit2.o)
    0x0800035e   0x0800035e   0x00000000   Code   RO         2517    .ARM.Collect$$libinit$$00000032  c_w.l(libinit2.o)
    0x0800035e   0x0800035e   0x00000000   Code   RO         2519    .ARM.Collect$$libinit$$00000034  c_w.l(libinit2.o)
    0x0800035e   0x0800035e   0x00000002   Code   RO         2520    .ARM.Collect$$libinit$$00000035  c_w.l(libinit2.o)
    0x08000360   0x08000360   0x00000002   Code   RO         2546    .ARM.Collect$$libshutdown$$00000000  c_w.l(libshutdown.o)
    0x08000362   0x08000362   0x00000000   Code   RO         2574    .ARM.Collect$$libshutdown$$00000002  c_w.l(libshutdown2.o)
    0x08000362   0x08000362   0x00000000   Code   RO         2576    .ARM.Collect$$libshutdown$$00000004  c_w.l(libshutdown2.o)
    0x08000362   0x08000362   0x00000000   Code   RO         2579    .ARM.Collect$$libshutdown$$00000007  c_w.l(libshutdown2.o)
    0x08000362   0x08000362   0x00000000   Code   RO         2582    .ARM.Collect$$libshutdown$$0000000A  c_w.l(libshutdown2.o)
    0x08000362   0x08000362   0x00000000   Code   RO         2584    .ARM.Collect$$libshutdown$$0000000C  c_w.l(libshutdown2.o)
    0x08000362   0x08000362   0x00000000   Code   RO         2587    .ARM.Collect$$libshutdown$$0000000F  c_w.l(libshutdown2.o)
    0x08000362   0x08000362   0x00000002   Code   RO         2588    .ARM.Collect$$libshutdown$$00000010  c_w.l(libshutdown2.o)
    0x08000364   0x08000364   0x00000000   Code   RO         2239    .ARM.Collect$$rtentry$$00000000  c_w.l(__rtentry.o)
    0x08000364   0x08000364   0x00000000   Code   RO         2355    .ARM.Collect$$rtentry$$00000002  c_w.l(__rtentry2.o)
    0x08000364   0x08000364   0x00000006   Code   RO         2367    .ARM.Collect$$rtentry$$00000004  c_w.l(__rtentry4.o)
    0x0800036a   0x0800036a   0x00000000   Code   RO         2357    .ARM.Collect$$rtentry$$00000009  c_w.l(__rtentry2.o)
    0x0800036a   0x0800036a   0x00000004   Code   RO         2358    .ARM.Collect$$rtentry$$0000000A  c_w.l(__rtentry2.o)
    0x0800036e   0x0800036e   0x00000000   Code   RO         2360    .ARM.Collect$$rtentry$$0000000C  c_w.l(__rtentry2.o)
    0x0800036e   0x0800036e   0x00000008   Code   RO         2361    .ARM.Collect$$rtentry$$0000000D  c_w.l(__rtentry2.o)
    0x08000376   0x08000376   0x00000002   Code   RO         2459    .ARM.Collect$$rtexit$$00000000  c_w.l(rtexit.o)
    0x08000378   0x08000378   0x00000000   Code   RO         2522    .ARM.Collect$$rtexit$$00000002  c_w.l(rtexit2.o)
    0x08000378   0x08000378   0x00000004   Code   RO         2523    .ARM.Collect$$rtexit$$00000003  c_w.l(rtexit2.o)
    0x0800037c   0x0800037c   0x00000006   Code   RO         2524    .ARM.Collect$$rtexit$$00000004  c_w.l(rtexit2.o)
    0x08000382   0x08000382   0x00000002   PAD
    0x08000384   0x08000384   0x00000040   Code   RO         2199    .text               startup_at32f435_437.o
    0x080003c4   0x080003c4   0x00000002   Code   RO         2207    .text               c_w.l(use_no_semi_2.o)
    0x080003c6   0x080003c6   0x000000f0   Code   RO         2209    .text               c_w.l(lludivv7m.o)
    0x080004b6   0x080004b6   0x00000002   PAD
    0x080004b8   0x080004b8   0x00000018   Code   RO         2211    .text               c_w.l(printf.o)
    0x080004d0   0x080004d0   0x00000006   Code   RO         2217    .text               c_w.l(heapauxi.o)
    0x080004d6   0x080004d6   0x00000002   Code   RO         2237    .text               c_w.l(use_no_semi.o)
    0x080004d8   0x080004d8   0x0000004e   Code   RO         2246    .text               c_w.l(_printf_pad.o)
    0x08000526   0x08000526   0x00000024   Code   RO         2248    .text               c_w.l(_printf_truncate.o)
    0x0800054a   0x0800054a   0x00000052   Code   RO         2250    .text               c_w.l(_printf_str.o)
    0x0800059c   0x0800059c   0x00000078   Code   RO         2252    .text               c_w.l(_printf_dec.o)
    0x08000614   0x08000614   0x00000028   Code   RO         2254    .text               c_w.l(_printf_charcount.o)
    0x0800063c   0x0800063c   0x00000024   Code   RO         2256    .text               c_w.l(_printf_char_file.o)
    0x08000660   0x08000660   0x000000bc   Code   RO         2258    .text               c_w.l(_printf_wctomb.o)
    0x0800071c   0x0800071c   0x0000007c   Code   RO         2261    .text               c_w.l(_printf_longlong_dec.o)
    0x08000798   0x08000798   0x00000070   Code   RO         2267    .text               c_w.l(_printf_oct_int_ll.o)
    0x08000808   0x08000808   0x00000094   Code   RO         2287    .text               c_w.l(_printf_hex_int_ll_ptr.o)
    0x0800089c   0x0800089c   0x00000188   Code   RO         2307    .text               c_w.l(__printf_flags_ss_wp.o)
    0x08000a24   0x08000a24   0x0000008a   Code   RO         2371    .text               c_w.l(lludiv10.o)
    0x08000aae   0x08000aae   0x000000b2   Code   RO         2373    .text               c_w.l(_printf_intcommon.o)
    0x08000b60   0x08000b60   0x0000041c   Code   RO         2375    .text               c_w.l(_printf_fp_dec.o)
    0x08000f7c   0x08000f7c   0x000002fc   Code   RO         2379    .text               c_w.l(_printf_fp_hex.o)
    0x08001278   0x08001278   0x00000030   Code   RO         2382    .text               c_w.l(_printf_char_common.o)
    0x080012a8   0x080012a8   0x0000002c   Code   RO         2384    .text               c_w.l(_printf_char.o)
    0x080012d4   0x080012d4   0x0000002c   Code   RO         2386    .text               c_w.l(_printf_wchar.o)
    0x08001300   0x08001300   0x00000008   Code   RO         2389    .text               c_w.l(ferror.o)
    0x08001308   0x08001308   0x00000048   Code   RO         2393    .text               c_w.l(_c16rtomb.o)
    0x08001350   0x08001350   0x0000004a   Code   RO         2397    .text               c_w.l(sys_stackheap_outer.o)
    0x0800139a   0x0800139a   0x00000002   PAD
    0x0800139c   0x0800139c   0x00000010   Code   RO         2399    .text               c_w.l(rt_ctype_table.o)
    0x080013ac   0x080013ac   0x00000008   Code   RO         2404    .text               c_w.l(rt_locale_intlibspace.o)
    0x080013b4   0x080013b4   0x00000080   Code   RO         2406    .text               c_w.l(_printf_fp_infnan.o)
    0x08001434   0x08001434   0x000000e4   Code   RO         2410    .text               c_w.l(bigflt0.o)
    0x08001518   0x08001518   0x00000012   Code   RO         2440    .text               c_w.l(exit.o)
    0x0800152a   0x0800152a   0x00000002   PAD
    0x0800152c   0x0800152c   0x00000008   Code   RO         2456    .text               c_w.l(libspace.o)
    0x08001534   0x08001534   0x00000004   PAD
    0x08001538   0x08001538   0x0000007c   Code   RO         2472    .text               c_w.l(strcmpv7em.o)
    0x080015b4   0x080015b4   0x00000004   Code   RO           18    .text.BusFault_Handler  at32f435_437_int.o
    0x080015b8   0x080015b8   0x00000010   Code   RO           32    .text.DMA1_Channel1_IRQHandler  at32f435_437_int.o
    0x080015c8   0x080015c8   0x00000010   Code   RO           30    .text.DMA1_Channel2_IRQHandler  at32f435_437_int.o
    0x080015d8   0x080015d8   0x00000002   Code   RO           24    .text.DebugMon_Handler  at32f435_437_int.o
    0x080015da   0x080015da   0x00000002   PAD
    0x080015dc   0x080015dc   0x00000008   Code   RO           38    .text.EXINT3_IRQHandler  at32f435_437_int.o
    0x080015e4   0x080015e4   0x00000004   Code   RO           14    .text.HardFault_Handler  at32f435_437_int.o
    0x080015e8   0x080015e8   0x00000010   Code   RO           36    .text.I2C2_ERR_IRQHandler  at32f435_437_int.o
    0x080015f8   0x080015f8   0x00000010   Code   RO           34    .text.I2C2_EVT_IRQHandler  at32f435_437_int.o
    0x08001608   0x08001608   0x00000004   Code   RO           16    .text.MemManage_Handler  at32f435_437_int.o
    0x0800160c   0x0800160c   0x00000002   Code   RO           12    .text.NMI_Handler   at32f435_437_int.o
    0x0800160e   0x0800160e   0x00000002   PAD
    0x08001610   0x08001610   0x00000002   Code   RO           26    .text.PendSV_Handler  at32f435_437_int.o
    0x08001612   0x08001612   0x00000002   PAD
    0x08001614   0x08001614   0x00000002   Code   RO           22    .text.SVC_Handler   at32f435_437_int.o
    0x08001616   0x08001616   0x00000002   PAD
    0x08001618   0x08001618   0x00000002   Code   RO           28    .text.SysTick_Handler  at32f435_437_int.o
    0x0800161a   0x0800161a   0x00000002   PAD
    0x0800161c   0x0800161c   0x000000ba   Code   RO         2183    .text.SystemInit    system_at32f435_437.o
    0x080016d6   0x080016d6   0x00000002   PAD
    0x080016d8   0x080016d8   0x0000001a   Code   RO           10    .text.TMR1_OVF_TMR10_IRQHandler  at32f435_437_int.o
    0x080016f2   0x080016f2   0x00000002   PAD
    0x080016f4   0x080016f4   0x00000004   Code   RO           20    .text.UsageFault_Handler  at32f435_437_int.o
    0x080016f8   0x080016f8   0x0000003c   Code   RO         1444    .text.__NVIC_SetPriorityGrouping  at32f435_437_misc.o
    0x08001734   0x08001734   0x00000008   Code   RO           48    .text._sys_exit     main_variable_resistor_printf.o
    0x0800173c   0x0800173c   0x00000064   Code   RO          262    .text.adc_base_config  at32f435_437_adc.o
    0x080017a0   0x080017a0   0x0000001c   Code   RO          260    .text.adc_base_default_para_init  at32f435_437_adc.o
    0x080017bc   0x080017bc   0x00000012   Code   RO          280    .text.adc_calibration_init  at32f435_437_adc.o
    0x080017ce   0x080017ce   0x00000002   PAD
    0x080017d0   0x080017d0   0x00000028   Code   RO          282    .text.adc_calibration_init_status_get  at32f435_437_adc.o
    0x080017f8   0x080017f8   0x00000012   Code   RO          284    .text.adc_calibration_start  at32f435_437_adc.o
    0x0800180a   0x0800180a   0x00000002   PAD
    0x0800180c   0x0800180c   0x00000028   Code   RO          286    .text.adc_calibration_status_get  at32f435_437_adc.o
    0x08001834   0x08001834   0x000000cc   Code   RO          266    .text.adc_common_config  at32f435_437_adc.o
    0x08001900   0x08001900   0x00000026   Code   RO          264    .text.adc_common_default_para_init  at32f435_437_adc.o
    0x08001926   0x08001926   0x00000002   PAD
    0x08001928   0x08001928   0x0000001a   Code   RO          258    .text.adc_enable    at32f435_437_adc.o
    0x08001942   0x08001942   0x00000002   PAD
    0x08001944   0x08001944   0x00000034   Code   RO          334    .text.adc_flag_get  at32f435_437_adc.o
    0x08001978   0x08001978   0x00000162   Code   RO          294    .text.adc_ordinary_channel_set  at32f435_437_adc.o
    0x08001ada   0x08001ada   0x00000002   PAD
    0x08001adc   0x08001adc   0x0000001e   Code   RO          340    .text.adc_ordinary_oversample_enable  at32f435_437_adc.o
    0x08001afa   0x08001afa   0x00000002   PAD
    0x08001afc   0x08001afc   0x00000026   Code   RO          348    .text.adc_ordinary_oversample_restart_set  at32f435_437_adc.o
    0x08001b22   0x08001b22   0x00000002   PAD
    0x08001b24   0x08001b24   0x00000026   Code   RO          346    .text.adc_ordinary_oversample_trig_enable  at32f435_437_adc.o
    0x08001b4a   0x08001b4a   0x00000002   PAD
    0x08001b4c   0x08001b4c   0x00000022   Code   RO          268    .text.adc_resolution_set  at32f435_437_adc.o
    0x08001b6e   0x08001b6e   0x00000002   PAD
    0x08001b70   0x08001b70   0x00000026   Code   RO          477    .text.crm_ahb_div_set  at32f435_437_crm.o
    0x08001b96   0x08001b96   0x00000002   PAD
    0x08001b98   0x08001b98   0x00000026   Code   RO          479    .text.crm_apb1_div_set  at32f435_437_crm.o
    0x08001bbe   0x08001bbe   0x00000002   PAD
    0x08001bc0   0x08001bc0   0x00000026   Code   RO          481    .text.crm_apb2_div_set  at32f435_437_crm.o
    0x08001be6   0x08001be6   0x00000002   PAD
    0x08001be8   0x08001be8   0x00000038   Code   RO          489    .text.crm_auto_step_mode_enable  at32f435_437_crm.o
    0x08001c20   0x08001c20   0x000000a6   Code   RO          469    .text.crm_clock_source_enable  at32f435_437_crm.o
    0x08001cc6   0x08001cc6   0x00000002   PAD
    0x08001cc8   0x08001cc8   0x0000016e   Code   RO          505    .text.crm_clocks_freq_get  at32f435_437_crm.o
    0x08001e36   0x08001e36   0x00000002   PAD
    0x08001e38   0x08001e38   0x0000003e   Code   RO          453    .text.crm_flag_get  at32f435_437_crm.o
    0x08001e76   0x08001e76   0x00000002   PAD
    0x08001e78   0x08001e78   0x00000064   Code   RO          457    .text.crm_hext_stable_wait  at32f435_437_crm.o
    0x08001edc   0x08001edc   0x00000052   Code   RO          463    .text.crm_periph_clock_enable  at32f435_437_crm.o
    0x08001f2e   0x08001f2e   0x00000002   PAD
    0x08001f30   0x08001f30   0x00000082   Code   RO          499    .text.crm_pll_config  at32f435_437_crm.o
    0x08001fb2   0x08001fb2   0x00000002   PAD
    0x08001fb4   0x08001fb4   0x0000009c   Code   RO          447    .text.crm_reset     at32f435_437_crm.o
    0x08002050   0x08002050   0x00000046   Code   RO          501    .text.crm_sysclk_switch  at32f435_437_crm.o
    0x08002096   0x08002096   0x00000002   PAD
    0x08002098   0x08002098   0x00000010   Code   RO          503    .text.crm_sysclk_switch_status_get  at32f435_437_crm.o
    0x080020a8   0x080020a8   0x0000003e   Code   RO           75    .text.delay_init    at_surf_f437_board_delay.o
    0x080020e6   0x080020e6   0x00000002   PAD
    0x080020e8   0x080020e8   0x000000d8   Code   RO           79    .text.delay_ms      at_surf_f437_board_delay.o
    0x080021c0   0x080021c0   0x00000040   Code   RO           81    .text.delay_sec     at_surf_f437_board_delay.o
    0x08002200   0x08002200   0x0000001a   Code   RO          596    .text.dma_channel_enable  at32f435_437_dma.o
    0x0800221a   0x0800221a   0x00000002   PAD
    0x0800221c   0x0800221c   0x00000032   Code   RO          602    .text.dma_flag_clear  at32f435_437_dma.o
    0x0800224e   0x0800224e   0x00000002   PAD
    0x08002250   0x08002250   0x00000050   Code   RO          598    .text.dma_flag_get  at32f435_437_dma.o
    0x080022a0   0x080022a0   0x000000c8   Code   RO          606    .text.dma_init      at32f435_437_dma.o
    0x08002368   0x08002368   0x0000002e   Code   RO          594    .text.dma_interrupt_enable  at32f435_437_dma.o
    0x08002396   0x08002396   0x00000002   PAD
    0x08002398   0x08002398   0x00000014   Code   RO         1189    .text.exint_flag_clear  at32f435_437_exint.o
    0x080023ac   0x080023ac   0x0000003a   Code   RO         1191    .text.exint_flag_get  at32f435_437_exint.o
    0x080023e6   0x080023e6   0x00000002   PAD
    0x080023e8   0x080023e8   0x0000004a   Code   RO           52    .text.fputc         main_variable_resistor_printf.o
    0x08002432   0x08002432   0x00000002   PAD
    0x08002434   0x08002434   0x00000024   Code   RO         1304    .text.gpio_default_para_init  at32f435_437_gpio.o
    0x08002458   0x08002458   0x000000e8   Code   RO         1302    .text.gpio_init     at32f435_437_gpio.o
    0x08002540   0x08002540   0x00000088   Code   RO         1326    .text.gpio_pin_mux_config  at32f435_437_gpio.o
    0x080025c8   0x080025c8   0x0000000e   Code   RO         1409    .text.i2c_data_receive  at32f435_437_i2c.o
    0x080025d6   0x080025d6   0x00000002   PAD
    0x080025d8   0x080025d8   0x00000014   Code   RO         1407    .text.i2c_data_send  at32f435_437_i2c.o
    0x080025ec   0x080025ec   0x0000008a   Code   RO         2106    .text.i2c_dma_config  i2c_application.o
    0x08002676   0x08002676   0x00000002   PAD
    0x08002678   0x08002678   0x00000048   Code   RO         1399    .text.i2c_dma_enable  at32f435_437_i2c.o
    0x080026c0   0x080026c0   0x00000012   Code   RO         2170    .text.i2c_dma_rx_irq_handler  i2c_application.o
    0x080026d2   0x080026d2   0x00000002   PAD
    0x080026d4   0x080026d4   0x00000012   Code   RO         2168    .text.i2c_dma_tx_irq_handler  i2c_application.o
    0x080026e6   0x080026e6   0x00000002   PAD
    0x080026e8   0x080026e8   0x000003da   Code   RO         2166    .text.i2c_dma_tx_rx_irq_handler  i2c_application.o
    0x08002ac2   0x08002ac2   0x00000002   PAD
    0x08002ac4   0x08002ac4   0x0000012a   Code   RO         2174    .text.i2c_err_irq_handler  i2c_application.o
    0x08002bee   0x08002bee   0x00000002   PAD
    0x08002bf0   0x08002bf0   0x00000044   Code   RO         2172    .text.i2c_evt_irq_handler  i2c_application.o
    0x08002c34   0x08002c34   0x00000010   Code   RO         1415    .text.i2c_flag_clear  at32f435_437_i2c.o
    0x08002c44   0x08002c44   0x0000002a   Code   RO         1411    .text.i2c_flag_get  at32f435_437_i2c.o
    0x08002c6e   0x08002c6e   0x00000002   PAD
    0x08002c70   0x08002c70   0x0000002e   Code   RO         1395    .text.i2c_interrupt_enable  at32f435_437_i2c.o
    0x08002c9e   0x08002c9e   0x00000002   PAD
    0x08002ca0   0x08002ca0   0x00000110   Code   RO         2162    .text.i2c_master_irq_handler_dma  i2c_application.o
    0x08002db0   0x08002db0   0x0000017c   Code   RO         2158    .text.i2c_master_irq_handler_int  i2c_application.o
    0x08002f2c   0x08002f2c   0x0000003e   Code   RO         2098    .text.i2c_refresh_txdt_register  i2c_application.o
    0x08002f6a   0x08002f6a   0x00000002   PAD
    0x08002f6c   0x08002f6c   0x00000046   Code   RO         2100    .text.i2c_reset_ctrl2_register  i2c_application.o
    0x08002fb2   0x08002fb2   0x00000002   PAD
    0x08002fb4   0x08002fb4   0x000000ba   Code   RO         2164    .text.i2c_slave_irq_handler_dma  i2c_application.o
    0x0800306e   0x0800306e   0x00000002   PAD
    0x08003070   0x08003070   0x00000154   Code   RO         2160    .text.i2c_slave_irq_handler_int  i2c_application.o
    0x080031c4   0x080031c4   0x0000006c   Code   RO         2108    .text.i2c_start_transfer  i2c_application.o
    0x08003230   0x08003230   0x00000012   Code   RO         1405    .text.i2c_stop_generate  at32f435_437_i2c.o
    0x08003242   0x08003242   0x00000002   PAD
    0x08003244   0x08003244   0x00000010   Code   RO         1357    .text.i2c_transfer_addr_get  at32f435_437_i2c.o
    0x08003254   0x08003254   0x00000058   Code   RO         1401    .text.i2c_transmit_set  at32f435_437_i2c.o
    0x080032ac   0x080032ac   0x00000004   PAD
    0x080032b0   0x080032b0   0x000002f8   Code   RO           54    .text.main          main_variable_resistor_printf.o
    0x080035a8   0x080035a8   0x00000014   Code   RO         1442    .text.nvic_priority_group_config  at32f435_437_misc.o
    0x080035bc   0x080035bc   0x00000022   Code   RO          188    .text.pca9555_irq_handler  at_surf_f437_board_pca9555.o
    0x080035de   0x080035de   0x00000002   PAD
    0x080035e0   0x080035e0   0x000000ae   Code   RO            2    .text.system_clock_config  at32f435_437_clock.o
    0x0800368e   0x0800368e   0x00000002   PAD
    0x08003690   0x08003690   0x00000150   Code   RO         2185    .text.system_core_clock_update  system_at32f435_437.o
    0x080037e0   0x080037e0   0x00000038   Code   RO         1450    .text.systick_clock_source_config  at32f435_437_misc.o
    0x08003818   0x08003818   0x00000022   Code   RO         1694    .text.tmr_base_init  at32f435_437_tmr.o
    0x0800383a   0x0800383a   0x00000002   PAD
    0x0800383c   0x0800383c   0x000000d4   Code   RO         1740    .text.tmr_channel_enable  at32f435_437_tmr.o
    0x08003910   0x08003910   0x0000005a   Code   RO         1718    .text.tmr_channel_value_set  at32f435_437_tmr.o
    0x0800396a   0x0800396a   0x00000002   PAD
    0x0800396c   0x0800396c   0x00000022   Code   RO         1696    .text.tmr_clock_source_div_set  at32f435_437_tmr.o
    0x0800398e   0x0800398e   0x00000002   PAD
    0x08003990   0x08003990   0x00000012   Code   RO         1774    .text.tmr_flag_clear  at32f435_437_tmr.o
    0x080039a2   0x080039a2   0x00000002   PAD
    0x080039a4   0x080039a4   0x00000204   Code   RO         1710    .text.tmr_output_channel_config  at32f435_437_tmr.o
    0x08003ba8   0x08003ba8   0x00000026   Code   RO         1688    .text.tmr_output_default_para_init  at32f435_437_tmr.o
    0x08003bce   0x08003bce   0x00000002   PAD
    0x08003bd0   0x08003bd0   0x00000022   Code   RO         1778    .text.tmr_output_enable  at32f435_437_tmr.o
    0x08003bf2   0x08003bf2   0x00000002   PAD
    0x08003bf4   0x08003bf4   0x00000018   Code   RO         1839    .text.usart_data_transmit  at32f435_437_usart.o
    0x08003c0c   0x08003c0c   0x00000022   Code   RO         1813    .text.usart_enable  at32f435_437_usart.o
    0x08003c2e   0x08003c2e   0x00000002   PAD
    0x08003c30   0x08003c30   0x0000002a   Code   RO         1861    .text.usart_flag_get  at32f435_437_usart.o
    0x08003c5a   0x08003c5a   0x00000002   PAD
    0x08003c5c   0x08003c5c   0x0000011e   Code   RO         1809    .text.usart_init    at32f435_437_usart.o
    0x08003d7a   0x08003d7a   0x00000002   PAD
    0x08003d7c   0x08003d7c   0x00000022   Code   RO         1817    .text.usart_receiver_enable  at32f435_437_usart.o
    0x08003d9e   0x08003d9e   0x00000002   PAD
    0x08003da0   0x08003da0   0x00000022   Code   RO         1815    .text.usart_transmitter_enable  at32f435_437_usart.o
    0x08003dc2   0x08003dc2   0x0000003e   Code   RO         2413    CL$$btod_d2e        c_w.l(btod.o)
    0x08003e00   0x08003e00   0x00000046   Code   RO         2415    CL$$btod_d2e_denorm_low  c_w.l(btod.o)
    0x08003e46   0x08003e46   0x00000060   Code   RO         2414    CL$$btod_d2e_norm_op1  c_w.l(btod.o)
    0x08003ea6   0x08003ea6   0x00000002   PAD
    0x08003ea8   0x08003ea8   0x00000338   Code   RO         2423    CL$$btod_div_common  c_w.l(btod.o)
    0x080041e0   0x080041e0   0x000000dc   Code   RO         2420    CL$$btod_e2e        c_w.l(btod.o)
    0x080042bc   0x080042bc   0x0000002a   Code   RO         2417    CL$$btod_ediv       c_w.l(btod.o)
    0x080042e6   0x080042e6   0x0000002a   Code   RO         2416    CL$$btod_emul       c_w.l(btod.o)
    0x08004310   0x08004310   0x00000244   Code   RO         2422    CL$$btod_mult_common  c_w.l(btod.o)
    0x08004554   0x08004554   0x00000030   Code   RO         2454    i.__ARM_fpclassify  m_wm.l(fpclassify.o)
    0x08004584   0x08004584   0x0000000e   Code   RO         2300    i._is_digit         c_w.l(__printf_wp.o)
    0x08004592   0x08004592   0x00000002   PAD
    0x08004594   0x08004594   0x0000002c   Code   RO         2438    locale$$code        c_w.l(lc_numeric_c.o)
    0x080045c0   0x080045c0   0x0000002c   Code   RO         2466    locale$$code        c_w.l(lc_ctype_c.o)
    0x080045ec   0x080045ec   0x00000062   Code   RO         2221    x$fpl$d2f           fz_wm.l(d2f.o)
    0x0800464e   0x0800464e   0x00000002   PAD
    0x08004650   0x08004650   0x000002b8   Code   RO         2224    x$fpl$ddiv          fz_wm.l(ddiv.o)
    0x08004908   0x08004908   0x0000002e   Code   RO         2228    x$fpl$dflt          fz_wm.l(dflt_clz.o)
    0x08004936   0x08004936   0x00000002   PAD
    0x08004938   0x08004938   0x00000154   Code   RO         2233    x$fpl$dmul          fz_wm.l(dmul.o)
    0x08004a8c   0x08004a8c   0x0000009c   Code   RO         2337    x$fpl$dnaninf       fz_wm.l(dnaninf.o)
    0x08004b28   0x08004b28   0x0000000c   Code   RO         2339    x$fpl$dretinf       fz_wm.l(dretinf.o)
    0x08004b34   0x08004b34   0x00000056   Code   RO         2235    x$fpl$f2d           fz_wm.l(f2d.o)
    0x08004b8a   0x08004b8a   0x0000008c   Code   RO         2341    x$fpl$fnaninf       fz_wm.l(fnaninf.o)
    0x08004c16   0x08004c16   0x0000001a   Code   RO         2536    x$fpl$fpinit        fz_wm.l(fpinit.o)
    0x08004c30   0x08004c30   0x0000000a   Code   RO         2343    x$fpl$fretinf       fz_wm.l(fretinf.o)
    0x08004c3a   0x08004c3a   0x00000004   Code   RO         2345    x$fpl$printf1       fz_wm.l(printf1.o)
    0x08004c3e   0x08004c3e   0x00000004   Code   RO         2347    x$fpl$printf2       fz_wm.l(printf2.o)
    0x08004c42   0x08004c42   0x00000000   Code   RO         2353    x$fpl$usenofp       fz_wm.l(usenofp.o)
    0x08004c42   0x08004c42   0x00000002   PAD
    0x08004c44   0x08004c44   0x00000008   Data   RO         2259    .constdata          c_w.l(_printf_wctomb.o)
    0x08004c4c   0x08004c4c   0x00000028   Data   RO         2288    .constdata          c_w.l(_printf_hex_int_ll_ptr.o)
    0x08004c74   0x08004c74   0x00000011   Data   RO         2308    .constdata          c_w.l(__printf_flags_ss_wp.o)
    0x08004c85   0x08004c85   0x00000026   Data   RO         2380    .constdata          c_w.l(_printf_fp_hex.o)
    0x08004cab   0x08004cab   0x00000001   PAD
    0x08004cac   0x08004cac   0x00000094   Data   RO         2411    .constdata          c_w.l(bigflt0.o)
    0x08004d40   0x08004d40   0x00000008   Data   RO          520    .rodata.crm_clocks_freq_get.ahb_apb1_div_table  at32f435_437_crm.o
    0x08004d48   0x08004d48   0x00000008   Data   RO          521    .rodata.crm_clocks_freq_get.ahb_apb2_div_table  at32f435_437_crm.o
    0x08004d50   0x08004d50   0x00000006   Data   RO          522    .rodata.crm_clocks_freq_get.pll_fr_table  at32f435_437_crm.o
    0x08004d56   0x08004d56   0x00000010   Data   RO          519    .rodata.crm_clocks_freq_get.sclk_ahb_div_table  at32f435_437_crm.o
    0x08004d66   0x08004d66   0x00000067   Data   RO           57    .rodata.str1.1      main_variable_resistor_printf.o
    0x08004dcd   0x08004dcd   0x00000006   Data   RO         2189    .rodata.system_core_clock_update.pll_fr_table  system_at32f435_437.o
    0x08004dd3   0x08004dd3   0x00000010   Data   RO         2188    .rodata.system_core_clock_update.sys_ahb_div_table  system_at32f435_437.o
    0x08004de3   0x08004de3   0x00000001   PAD
    0x08004de4   0x08004de4   0x00000020   Data   RO         2591    Region$$Table       anon$$obj.o
    0x08004e04   0x08004e04   0x0000001c   Data   RO         2437    locale$$data        c_w.l(lc_numeric_c.o)
    0x08004e20   0x08004e20   0x00000110   Data   RO         2465    locale$$data        c_w.l(lc_ctype_c.o)


    Execution Region RW_IRAM1 (Exec base: 0x20000000, Load base: 0x08004f30, Size: 0x00000700, Max: 0x00060000, ABSOLUTE)

    Exec Addr    Load Addr    Size         Type   Attr      Idx    E Section Name        Object

    0x20000000   0x08004f30   0x00000004   Data   RW         2187    .data.system_core_clock  system_at32f435_437.o
    0x20000004   0x08004f34   0x00000004   PAD
    0x20000008        -       0x00000060   Zero   RW         2457    .bss                c_w.l(libspace.o)
    0x20000068        -       0x00000001   Zero   RW           40    .bss.Tim_Int_Flag   at32f435_437_int.o
    0x20000069   0x08004f34   0x00000003   PAD
    0x2000006c        -       0x00000054   Zero   RW           58    .bss.__stdout       main_variable_resistor_printf.o
    0x200000c0        -       0x00000004   Zero   RW           84    .bss.fac_ms         at_surf_f437_board_delay.o
    0x200000c4        -       0x00000004   Zero   RW           83    .bss.fac_us         at_surf_f437_board_delay.o
    0x200000c8        -       0x00000034   Zero   RW          207    .bss.hi2c_pca       at_surf_f437_board_pca9555.o
    0x200000fc        -       0x00000002   Zero   RW          206    .bss.pca9555_int_flag  at_surf_f437_board_pca9555.o
    0x200000fe   0x08004f34   0x00000002   PAD
    0x20000100        -       0x00000200   Zero   RW         2197    HEAP                startup_at32f435_437.o
    0x20000300        -       0x00000400   Zero   RW         2196    STACK               startup_at32f435_437.o


==============================================================================

Image component sizes


      Code (inc. data)   RO Data    RW Data    ZI Data      Debug   Object Name

      1058          0          0          0          0      22847   at32f435_437_adc.o
       174          0          0          0          0       8435   at32f435_437_clock.o
      1318          6         38          0          0      27027   at32f435_437_crm.o
       402          0          0          0          0      15334   at32f435_437_dma.o
        78          0          0          0          0       3455   at32f435_437_exint.o
       404          0          0          0          0      11606   at32f435_437_gpio.o
       332          0          0          0          0      12444   at32f435_437_i2c.o
       124          0          0          0          1       6604   at32f435_437_int.o
       136          0          0          0          0       7132   at32f435_437_misc.o
       976         24          0          0          0      25121   at32f435_437_tmr.o
       454          0          0          0          0      12027   at32f435_437_usart.o
       342          0          0          0          8       1809   at_surf_f437_board_delay.o
        34          0          0          0         54      24631   at_surf_f437_board_pca9555.o
      2944          8          0          0          0      20365   i2c_application.o
       842         16        103          0         84      24582   main_variable_resistor_printf.o
        64         26        524          0       1536        952   startup_at32f435_437.o
       522          0         22          4          0      11131   system_at32f435_437.o

    ----------------------------------------------------------------------
     10318         80        720          4       1692     235502   Object Totals
         0          0         32          0          0          0   (incl. Generated)
       114          0          1          0          9          0   (incl. Padding)

    ----------------------------------------------------------------------

      Code (inc. data)   RO Data    RW Data    ZI Data      Debug   Library Member Name

         8          0          0          0          0         68   __main.o
       392          4         17          0          0         92   __printf_flags_ss_wp.o
        14          0          0          0          0         68   __printf_wp.o
         0          0          0          0          0          0   __rtentry.o
        12          0          0          0          0          0   __rtentry2.o
         6          0          0          0          0          0   __rtentry4.o
        94          8          0          0          0          0   __scatter.o
        26          0          0          0          0          0   __scatter_copy.o
        28          0          0          0          0          0   __scatter_zi.o
        72          0          0          0          0         96   _c16rtomb.o
         6          0          0          0          0          0   _printf_a.o
         6          0          0          0          0          0   _printf_c.o
        44          0          0          0          0        108   _printf_char.o
        48          6          0          0          0         96   _printf_char_common.o
        36          4          0          0          0         80   _printf_char_file.o
        40          0          0          0          0         68   _printf_charcount.o
         6          0          0          0          0          0   _printf_d.o
       120         16          0          0          0         92   _printf_dec.o
         6          0          0          0          0          0   _printf_e.o
         6          0          0          0          0          0   _printf_f.o
      1052          0          0          0          0        148   _printf_fp_dec.o
       764          8         38          0          0        100   _printf_fp_hex.o
       128         16          0          0          0         84   _printf_fp_infnan.o
         6          0          0          0          0          0   _printf_g.o
       148          4         40          0          0        160   _printf_hex_int_ll_ptr.o
         6          0          0          0          0          0   _printf_i.o
       178          0          0          0          0         88   _printf_intcommon.o
        10          0          0          0          0          0   _printf_l.o
         6          0          0          0          0          0   _printf_lc.o
        10          0          0          0          0          0   _printf_ll.o
         6          0          0          0          0          0   _printf_lld.o
         6          0          0          0          0          0   _printf_lli.o
         6          0          0          0          0          0   _printf_llo.o
         6          0          0          0          0          0   _printf_llu.o
         6          0          0          0          0          0   _printf_llx.o
       124         16          0          0          0         92   _printf_longlong_dec.o
         6          0          0          0          0          0   _printf_ls.o
         6          0          0          0          0          0   _printf_n.o
         6          0          0          0          0          0   _printf_o.o
       112          8          0          0          0        124   _printf_oct_int_ll.o
         6          0          0          0          0          0   _printf_p.o
        78          0          0          0          0        108   _printf_pad.o
         0          0          0          0          0          0   _printf_percent.o
         4          0          0          0          0          0   _printf_percent_end.o
         6          0          0          0          0          0   _printf_s.o
        82          0          0          0          0         80   _printf_str.o
        36          0          0          0          0         84   _printf_truncate.o
         6          0          0          0          0          0   _printf_u.o
        44          0          0          0          0        108   _printf_wchar.o
       188          6          8          0          0         92   _printf_wctomb.o
         6          0          0          0          0          0   _printf_x.o
       228          4        148          0          0         96   bigflt0.o
      1936        128          0          0          0        668   btod.o
        18          0          0          0          0         80   exit.o
         8          0          0          0          0         68   ferror.o
         6          0          0          0          0        152   heapauxi.o
        44         10        272          0          0         76   lc_ctype_c.o
        44         10         28          0          0         76   lc_numeric_c.o
         2          0          0          0          0          0   libinit.o
        34          0          0          0          0          0   libinit2.o
         2          0          0          0          0          0   libshutdown.o
         2          0          0          0          0          0   libshutdown2.o
         8          4          0          0         96         68   libspace.o
       138          0          0          0          0         80   lludiv10.o
       240          0          0          0          0        100   lludivv7m.o
        24          4          0          0          0         84   printf.o
        16          4          0          0          0         76   rt_ctype_table.o
         8          4          0          0          0         68   rt_locale_intlibspace.o
         2          0          0          0          0          0   rtexit.o
        10          0          0          0          0          0   rtexit2.o
       124          0          0          0          0         88   strcmpv7em.o
        74          0          0          0          0         80   sys_stackheap_outer.o
         2          0          0          0          0         68   use_no_semi.o
         2          0          0          0          0         68   use_no_semi_2.o
        98          4          0          0          0        140   d2f.o
       696        140          0          0          0        264   ddiv.o
        46          0          0          0          0        116   dflt_clz.o
       340         12          0          0          0        152   dmul.o
       156          4          0          0          0        140   dnaninf.o
        12          0          0          0          0        116   dretinf.o
        86          4          0          0          0        132   f2d.o
       140          4          0          0          0        132   fnaninf.o
        26          0          0          0          0        116   fpinit.o
        10          0          0          0          0        116   fretinf.o
         4          0          0          0          0        116   printf1.o
         4          0          0          0          0        116   printf2.o
         0          0          0          0          0          0   usenofp.o
        48          0          0          0          0        124   fpclassify.o

    ----------------------------------------------------------------------
      8682        436        552          0         96       5812   Library Totals
        26          4          1          0          0          0   (incl. Padding)

    ----------------------------------------------------------------------

      Code (inc. data)   RO Data    RW Data    ZI Data      Debug   Library Name

      6990        264        551          0         96       4032   c_w.l
      1618        168          0          0          0       1656   fz_wm.l
        48          0          0          0          0        124   m_wm.l

    ----------------------------------------------------------------------
      8682        436        552          0         96       5812   Library Totals

    ----------------------------------------------------------------------

==============================================================================


      Code (inc. data)   RO Data    RW Data    ZI Data      Debug   

     19000        516       1272          4       1788     237850   Grand Totals
     19000        516       1272          4       1788     237850   ELF Image Totals
     19000        516       1272          4          0          0   ROM Totals

==============================================================================

    Total RO  Size (Code + RO Data)                20272 (  19.80kB)
    Total RW  Size (RW Data + ZI Data)              1792 (   1.75kB)
    Total ROM Size (Code + RO Data + RW Data)      20276 (  19.80kB)

==============================================================================

