Component: Arm Compiler for Embedded 6.23 Tool: armlink [5f102400]

==============================================================================

Section Cross References

    at32f435_437_clock.o(.text.system_clock_config) refers to at32f435_437_crm.o(.text.crm_reset) for crm_reset
    at32f435_437_clock.o(.text.system_clock_config) refers to at32f435_437_crm.o(.text.crm_periph_clock_enable) for crm_periph_clock_enable
    at32f435_437_clock.o(.text.system_clock_config) refers to at32f435_437_crm.o(.text.crm_clock_source_enable) for crm_clock_source_enable
    at32f435_437_clock.o(.text.system_clock_config) refers to at32f435_437_crm.o(.text.crm_hext_stable_wait) for crm_hext_stable_wait
    at32f435_437_clock.o(.text.system_clock_config) refers to at32f435_437_crm.o(.text.crm_pll_config) for crm_pll_config
    at32f435_437_clock.o(.text.system_clock_config) refers to at32f435_437_crm.o(.text.crm_flag_get) for crm_flag_get
    at32f435_437_clock.o(.text.system_clock_config) refers to at32f435_437_crm.o(.text.crm_ahb_div_set) for crm_ahb_div_set
    at32f435_437_clock.o(.text.system_clock_config) refers to at32f435_437_crm.o(.text.crm_apb2_div_set) for crm_apb2_div_set
    at32f435_437_clock.o(.text.system_clock_config) refers to at32f435_437_crm.o(.text.crm_apb1_div_set) for crm_apb1_div_set
    at32f435_437_clock.o(.text.system_clock_config) refers to at32f435_437_crm.o(.text.crm_auto_step_mode_enable) for crm_auto_step_mode_enable
    at32f435_437_clock.o(.text.system_clock_config) refers to at32f435_437_crm.o(.text.crm_sysclk_switch) for crm_sysclk_switch
    at32f435_437_clock.o(.text.system_clock_config) refers to at32f435_437_crm.o(.text.crm_sysclk_switch_status_get) for crm_sysclk_switch_status_get
    at32f435_437_clock.o(.text.system_clock_config) refers to system_at32f435_437.o(.text.system_core_clock_update) for system_core_clock_update
    at32f435_437_clock.o(.ARM.exidx.text.system_clock_config) refers to at32f435_437_clock.o(.text.system_clock_config) for [Anonymous Symbol]
    at32f435_437_int.o(.text.TMR1_OVF_TMR10_IRQHandler) refers to at32f435_437_int.o(.bss.Tim_Int_Flag) for Tim_Int_Flag
    at32f435_437_int.o(.text.TMR1_OVF_TMR10_IRQHandler) refers to at32f435_437_tmr.o(.text.tmr_flag_clear) for tmr_flag_clear
    at32f435_437_int.o(.ARM.exidx.text.TMR1_OVF_TMR10_IRQHandler) refers to at32f435_437_int.o(.text.TMR1_OVF_TMR10_IRQHandler) for [Anonymous Symbol]
    at32f435_437_int.o(.ARM.exidx.text.NMI_Handler) refers to at32f435_437_int.o(.text.NMI_Handler) for [Anonymous Symbol]
    at32f435_437_int.o(.ARM.exidx.text.HardFault_Handler) refers to at32f435_437_int.o(.text.HardFault_Handler) for [Anonymous Symbol]
    at32f435_437_int.o(.ARM.exidx.text.MemManage_Handler) refers to at32f435_437_int.o(.text.MemManage_Handler) for [Anonymous Symbol]
    at32f435_437_int.o(.ARM.exidx.text.BusFault_Handler) refers to at32f435_437_int.o(.text.BusFault_Handler) for [Anonymous Symbol]
    at32f435_437_int.o(.ARM.exidx.text.UsageFault_Handler) refers to at32f435_437_int.o(.text.UsageFault_Handler) for [Anonymous Symbol]
    at32f435_437_int.o(.ARM.exidx.text.SVC_Handler) refers to at32f435_437_int.o(.text.SVC_Handler) for [Anonymous Symbol]
    at32f435_437_int.o(.ARM.exidx.text.DebugMon_Handler) refers to at32f435_437_int.o(.text.DebugMon_Handler) for [Anonymous Symbol]
    at32f435_437_int.o(.ARM.exidx.text.PendSV_Handler) refers to at32f435_437_int.o(.text.PendSV_Handler) for [Anonymous Symbol]
    at32f435_437_int.o(.ARM.exidx.text.SysTick_Handler) refers to at32f435_437_int.o(.text.SysTick_Handler) for [Anonymous Symbol]
    at32f435_437_int.o(.text.DMA1_Channel2_IRQHandler) refers to at_surf_f437_board_pca9555.o(.bss.hi2c_pca) for hi2c_pca
    at32f435_437_int.o(.text.DMA1_Channel2_IRQHandler) refers to i2c_application.o(.text.i2c_dma_rx_irq_handler) for i2c_dma_rx_irq_handler
    at32f435_437_int.o(.ARM.exidx.text.DMA1_Channel2_IRQHandler) refers to at32f435_437_int.o(.text.DMA1_Channel2_IRQHandler) for [Anonymous Symbol]
    at32f435_437_int.o(.text.DMA1_Channel1_IRQHandler) refers to at_surf_f437_board_pca9555.o(.bss.hi2c_pca) for hi2c_pca
    at32f435_437_int.o(.text.DMA1_Channel1_IRQHandler) refers to i2c_application.o(.text.i2c_dma_tx_irq_handler) for i2c_dma_tx_irq_handler
    at32f435_437_int.o(.ARM.exidx.text.DMA1_Channel1_IRQHandler) refers to at32f435_437_int.o(.text.DMA1_Channel1_IRQHandler) for [Anonymous Symbol]
    at32f435_437_int.o(.text.I2C2_EVT_IRQHandler) refers to at_surf_f437_board_pca9555.o(.bss.hi2c_pca) for hi2c_pca
    at32f435_437_int.o(.text.I2C2_EVT_IRQHandler) refers to i2c_application.o(.text.i2c_evt_irq_handler) for i2c_evt_irq_handler
    at32f435_437_int.o(.ARM.exidx.text.I2C2_EVT_IRQHandler) refers to at32f435_437_int.o(.text.I2C2_EVT_IRQHandler) for [Anonymous Symbol]
    at32f435_437_int.o(.text.I2C2_ERR_IRQHandler) refers to at_surf_f437_board_pca9555.o(.bss.hi2c_pca) for hi2c_pca
[...]
    Removing at32f435_437_xmc.o(.ARM.exidx.text.xmc_ext_timing_config), (8 bytes).
    Removing at32f435_437_xmc.o(.text.xmc_nand_reset), (102 bytes).
    Removing at32f435_437_xmc.o(.ARM.exidx.text.xmc_nand_reset), (8 bytes).
    Removing at32f435_437_xmc.o(.text.xmc_nand_init), (78 bytes).
    Removing at32f435_437_xmc.o(.ARM.exidx.text.xmc_nand_init), (8 bytes).
    Removing at32f435_437_xmc.o(.text.xmc_nand_timing_config), (116 bytes).
    Removing at32f435_437_xmc.o(.ARM.exidx.text.xmc_nand_timing_config), (8 bytes).
    Removing at32f435_437_xmc.o(.text.xmc_nand_default_para_init), (38 bytes).
    Removing at32f435_437_xmc.o(.ARM.exidx.text.xmc_nand_default_para_init), (8 bytes).
    Removing at32f435_437_xmc.o(.text.xmc_nand_timing_default_para_init), (54 bytes).
    Removing at32f435_437_xmc.o(.ARM.exidx.text.xmc_nand_timing_default_para_init), (8 bytes).
    Removing at32f435_437_xmc.o(.text.xmc_nand_enable), (78 bytes).
    Removing at32f435_437_xmc.o(.ARM.exidx.text.xmc_nand_enable), (8 bytes).
    Removing at32f435_437_xmc.o(.text.xmc_nand_ecc_enable), (78 bytes).
    Removing at32f435_437_xmc.o(.ARM.exidx.text.xmc_nand_ecc_enable), (8 bytes).
    Removing at32f435_437_xmc.o(.text.xmc_ecc_get), (48 bytes).
    Removing at32f435_437_xmc.o(.ARM.exidx.text.xmc_ecc_get), (8 bytes).
    Removing at32f435_437_xmc.o(.text.xmc_sdram_reset), (82 bytes).
    Removing at32f435_437_xmc.o(.ARM.exidx.text.xmc_sdram_reset), (8 bytes).
    Removing at32f435_437_xmc.o(.text.xmc_sdram_init), (702 bytes).
    Removing at32f435_437_xmc.o(.ARM.exidx.text.xmc_sdram_init), (8 bytes).
    Removing at32f435_437_xmc.o(.text.xmc_sdram_default_para_init), (84 bytes).
    Removing at32f435_437_xmc.o(.ARM.exidx.text.xmc_sdram_default_para_init), (8 bytes).
    Removing at32f435_437_xmc.o(.text.xmc_sdram_cmd), (38 bytes).
    Removing at32f435_437_xmc.o(.ARM.exidx.text.xmc_sdram_cmd), (8 bytes).
    Removing at32f435_437_xmc.o(.text.xmc_sdram_status_get), (56 bytes).
    Removing at32f435_437_xmc.o(.ARM.exidx.text.xmc_sdram_status_get), (8 bytes).
    Removing at32f435_437_xmc.o(.text.xmc_sdram_refresh_counter_set), (36 bytes).
    Removing at32f435_437_xmc.o(.ARM.exidx.text.xmc_sdram_refresh_counter_set), (8 bytes).
    Removing at32f435_437_xmc.o(.text.xmc_sdram_auto_refresh_set), (34 bytes).
    Removing at32f435_437_xmc.o(.ARM.exidx.text.xmc_sdram_auto_refresh_set), (8 bytes).
    Removing at32f435_437_xmc.o(.text.xmc_interrupt_enable), (242 bytes).
    Removing at32f435_437_xmc.o(.ARM.exidx.text.xmc_interrupt_enable), (8 bytes).
    Removing at32f435_437_xmc.o(.text.xmc_flag_status_get), (136 bytes).
    Removing at32f435_437_xmc.o(.ARM.exidx.text.xmc_flag_status_get), (8 bytes).
    Removing at32f435_437_xmc.o(.text.xmc_interrupt_flag_status_get), (532 bytes).
    Removing at32f435_437_xmc.o(.ARM.exidx.text.xmc_interrupt_flag_status_get), (8 bytes).
    Removing at32f435_437_xmc.o(.text.xmc_flag_clear), (162 bytes).
    Removing at32f435_437_xmc.o(.ARM.exidx.text.xmc_flag_clear), (8 bytes).
    Removing at32f435_437_xmc.o(.text.xmc_pccard_reset), (50 bytes).
    Removing at32f435_437_xmc.o(.ARM.exidx.text.xmc_pccard_reset), (8 bytes).
    Removing at32f435_437_xmc.o(.text.xmc_pccard_init), (36 bytes).
    Removing at32f435_437_xmc.o(.ARM.exidx.text.xmc_pccard_init), (8 bytes).
    Removing at32f435_437_xmc.o(.text.xmc_pccard_timing_config), (102 bytes).
    Removing at32f435_437_xmc.o(.ARM.exidx.text.xmc_pccard_timing_config), (8 bytes).
    Removing at32f435_437_xmc.o(.text.xmc_pccard_default_para_init), (22 bytes).
    Removing at32f435_437_xmc.o(.ARM.exidx.text.xmc_pccard_default_para_init), (8 bytes).
    Removing at32f435_437_xmc.o(.text.xmc_pccard_timing_default_para_init), (76 bytes).
    Removing at32f435_437_xmc.o(.ARM.exidx.text.xmc_pccard_timing_default_para_init), (8 bytes).
    Removing at32f435_437_xmc.o(.text.xmc_pccard_enable), (36 bytes).
    Removing at32f435_437_xmc.o(.ARM.exidx.text.xmc_pccard_enable), (8 bytes).
    Removing i2c_application.o(.text), (0 bytes).
    Removing i2c_application.o(.text.i2c_lowlevel_init), (8 bytes).
    Removing i2c_application.o(.ARM.exidx.text.i2c_lowlevel_init), (8 bytes).
    Removing i2c_application.o(.text.i2c_config), (34 bytes).
    Removing i2c_application.o(.ARM.exidx.text.i2c_config), (8 bytes).
    Removing i2c_application.o(.ARM.exidx.text.i2c_refresh_txdt_register), (8 bytes).
    Removing i2c_application.o(.ARM.exidx.text.i2c_reset_ctrl2_register), (8 bytes).
    Removing i2c_application.o(.text.i2c_wait_end), (72 bytes).
    Removing i2c_application.o(.ARM.exidx.text.i2c_wait_end), (8 bytes).
    Removing i2c_application.o(.text.i2c_wait_flag), (228 bytes).
    Removing i2c_application.o(.ARM.exidx.text.i2c_wait_flag), (8 bytes).
    Removing i2c_application.o(.ARM.exidx.text.i2c_dma_config), (8 bytes).
    Removing i2c_application.o(.ARM.exidx.text.i2c_start_transfer), (8 bytes).
    Removing i2c_application.o(.text.i2c_start_transfer_dma), (134 bytes).
    Removing i2c_application.o(.ARM.exidx.text.i2c_start_transfer_dma), (8 bytes).
    Removing i2c_application.o(.text.i2c_master_transmit), (258 bytes).
    Removing i2c_application.o(.ARM.exidx.text.i2c_master_transmit), (8 bytes).
    Removing i2c_application.o(.text.i2c_slave_receive), (316 bytes).
    Removing i2c_application.o(.ARM.exidx.text.i2c_slave_receive), (8 bytes).
    Removing i2c_application.o(.text.i2c_master_receive), (260 bytes).
    Removing i2c_application.o(.ARM.exidx.text.i2c_master_receive), (8 bytes).
    Removing i2c_application.o(.text.i2c_slave_transmit), (380 bytes).
    Removing i2c_application.o(.ARM.exidx.text.i2c_slave_transmit), (8 bytes).
    Removing i2c_application.o(.text.i2c_master_transmit_int), (114 bytes).
    Removing i2c_application.o(.ARM.exidx.text.i2c_master_transmit_int), (8 bytes).
    Removing i2c_application.o(.text.i2c_slave_receive_int), (108 bytes).
    Removing i2c_application.o(.ARM.exidx.text.i2c_slave_receive_int), (8 bytes).
    Removing i2c_application.o(.text.i2c_master_receive_int), (116 bytes).
    Removing i2c_application.o(.ARM.exidx.text.i2c_master_receive_int), (8 bytes).
    Removing i2c_application.o(.text.i2c_slave_transmit_int), (114 bytes).
    Removing i2c_application.o(.ARM.exidx.text.i2c_slave_transmit_int), (8 bytes).
    Removing i2c_application.o(.text.i2c_master_transmit_dma), (146 bytes).
    Removing i2c_application.o(.ARM.exidx.text.i2c_master_transmit_dma), (8 bytes).
    Removing i2c_application.o(.text.i2c_slave_receive_dma), (148 bytes).
    Removing i2c_application.o(.ARM.exidx.text.i2c_slave_receive_dma), (8 bytes).
    Removing i2c_application.o(.text.i2c_master_receive_dma), (146 bytes).
    Removing i2c_application.o(.ARM.exidx.text.i2c_master_receive_dma), (8 bytes).
    Removing i2c_application.o(.text.i2c_slave_transmit_dma), (148 bytes).
    Removing i2c_application.o(.ARM.exidx.text.i2c_slave_transmit_dma), (8 bytes).
    Removing i2c_application.o(.text.i2c_memory_address_send), (116 bytes).
    Removing i2c_application.o(.ARM.exidx.text.i2c_memory_address_send), (8 bytes).
    Removing i2c_application.o(.text.i2c_memory_write), (354 bytes).
    Removing i2c_application.o(.ARM.exidx.text.i2c_memory_write), (8 bytes).
    Removing i2c_application.o(.text.i2c_memory_read), (378 bytes).
    Removing i2c_application.o(.ARM.exidx.text.i2c_memory_read), (8 bytes).
    Removing i2c_application.o(.text.i2c_memory_write_int), (202 bytes).
    Removing i2c_application.o(.ARM.exidx.text.i2c_memory_write_int), (8 bytes).
    Removing i2c_application.o(.text.i2c_memory_read_int), (234 bytes).
    Removing i2c_application.o(.ARM.exidx.text.i2c_memory_read_int), (8 bytes).
    Removing i2c_application.o(.text.i2c_memory_write_dma), (266 bytes).
    Removing i2c_application.o(.ARM.exidx.text.i2c_memory_write_dma), (8 bytes).
    Removing i2c_application.o(.text.i2c_memory_read_dma), (264 bytes).
    Removing i2c_application.o(.ARM.exidx.text.i2c_memory_read_dma), (8 bytes).
    Removing i2c_application.o(.text.i2c_smbus_master_transmit), (288 bytes).
    Removing i2c_application.o(.ARM.exidx.text.i2c_smbus_master_transmit), (8 bytes).
    Removing i2c_application.o(.text.i2c_smbus_slave_receive), (350 bytes).
    Removing i2c_application.o(.ARM.exidx.text.i2c_smbus_slave_receive), (8 bytes).
    Removing i2c_application.o(.text.i2c_smbus_master_receive), (282 bytes).
    Removing i2c_application.o(.ARM.exidx.text.i2c_smbus_master_receive), (8 bytes).
    Removing i2c_application.o(.text.i2c_smbus_slave_transmit), (466 bytes).
    Removing i2c_application.o(.ARM.exidx.text.i2c_smbus_slave_transmit), (8 bytes).
    Removing i2c_application.o(.ARM.exidx.text.i2c_master_irq_handler_int), (8 bytes).
    Removing i2c_application.o(.ARM.exidx.text.i2c_slave_irq_handler_int), (8 bytes).
    Removing i2c_application.o(.ARM.exidx.text.i2c_master_irq_handler_dma), (8 bytes).
    Removing i2c_application.o(.ARM.exidx.text.i2c_slave_irq_handler_dma), (8 bytes).
    Removing i2c_application.o(.ARM.exidx.text.i2c_dma_tx_rx_irq_handler), (8 bytes).
    Removing i2c_application.o(.ARM.exidx.text.i2c_dma_tx_irq_handler), (8 bytes).
    Removing i2c_application.o(.ARM.exidx.text.i2c_dma_rx_irq_handler), (8 bytes).
    Removing i2c_application.o(.ARM.exidx.text.i2c_evt_irq_handler), (8 bytes).
    Removing i2c_application.o(.ARM.exidx.text.i2c_err_irq_handler), (8 bytes).
    Removing system_at32f435_437.o(.text), (0 bytes).
    Removing system_at32f435_437.o(.ARM.exidx.text.SystemInit), (8 bytes).
    Removing system_at32f435_437.o(.ARM.exidx.text.system_core_clock_update), (8 bytes).

1870 unused section(s) (total 356831 bytes) removed from the image.

==============================================================================

Image Symbol Table

    Local Symbols

    Symbol Name                              Value     Ov Type        Size  Object(Section)

    ../../libraries/cmsis/cm4/device_support/startup/mdk/startup_at32f435_437.s 0x00000000   Number         0  startup_at32f435_437.o ABSOLUTE
    ../clib/angel/boardlib.s                 0x00000000   Number         0  boardinit1.o ABSOLUTE
    ../clib/angel/boardlib.s                 0x00000000   Number         0  boardinit2.o ABSOLUTE
    ../clib/angel/boardlib.s                 0x00000000   Number         0  boardinit3.o ABSOLUTE
    ../clib/angel/boardlib.s                 0x00000000   Number         0  boardshut.o ABSOLUTE
    ../clib/angel/handlers.s                 0x00000000   Number         0  __scatter_copy.o ABSOLUTE
    ../clib/angel/handlers.s                 0x00000000   Number         0  __scatter_zi.o ABSOLUTE
    ../clib/angel/kernel.s                   0x00000000   Number         0  __rtentry.o ABSOLUTE
    ../clib/angel/kernel.s                   0x00000000   Number         0  __rtentry2.o ABSOLUTE
    ../clib/angel/kernel.s                   0x00000000   Number         0  __rtentry4.o ABSOLUTE
    ../clib/angel/kernel.s                   0x00000000   Number         0  rtexit.o ABSOLUTE
    ../clib/angel/kernel.s                   0x00000000   Number         0  rtexit2.o ABSOLUTE
    ../clib/angel/rt.s                       0x00000000   Number         0  aeabi_ldiv0.o ABSOLUTE
    ../clib/angel/rt.s                       0x00000000   Number         0  aeabi_ldiv0_sigfpe.o ABSOLUTE
    ../clib/angel/rt.s                       0x00000000   Number         0  rt_div0.o ABSOLUTE
    ../clib/angel/rt.s                       0x00000000   Number         0  rt_raise.o ABSOLUTE
    ../clib/angel/scatter.s                  0x00000000   Number         0  __scatter.o ABSOLUTE
    ../clib/angel/startup.s                  0x00000000   Number         0  __main.o ABSOLUTE
    ../clib/angel/sys.s                      0x00000000   Number         0  sys_stackheap_outer.o ABSOLUTE
    ../clib/angel/sys.s                      0x00000000   Number         0  libspace.o ABSOLUTE
    ../clib/angel/sys.s                      0x00000000   Number         0  use_no_semi.o ABSOLUTE
    ../clib/angel/sys.s                      0x00000000   Number         0  indicate_semi.o ABSOLUTE
    ../clib/angel/sysapp.c                   0x00000000   Number         0  sys_exit.o ABSOLUTE
    ../clib/angel/sysapp.c                   0x00000000   Number         0  sys_exit_hlt.o ABSOLUTE
    ../clib/angel/sysapp.c                   0x00000000   Number         0  sys_wrch.o ABSOLUTE
    ../clib/angel/sysapp.c                   0x00000000   Number         0  sys_wrch_hlt.o ABSOLUTE
    ../clib/angel/sysapp.c                   0x00000000   Number         0  sys_command.o ABSOLUTE
    ../clib/angel/sysapp.c                   0x00000000   Number         0  sys_command_hlt.o ABSOLUTE
    ../clib/armsys.c                         0x00000000   Number         0  argv_veneer.o ABSOLUTE
    ../clib/armsys.c                         0x00000000   Number         0  argv_veneer.o ABSOLUTE
    ../clib/armsys.c                         0x00000000   Number         0  _get_argv_nomalloc.o ABSOLUTE
    ../clib/armsys.c                         0x00000000   Number         0  no_argv.o ABSOLUTE
    ../clib/heapalloc.c                      0x00000000   Number         0  hrguard.o ABSOLUTE
    ../clib/heapaux.c                        0x00000000   Number         0  heapauxi.o ABSOLUTE
    ../clib/libinit.s                        0x00000000   Number         0  libinit.o ABSOLUTE
    ../clib/libinit.s                        0x00000000   Number         0  libinit2.o ABSOLUTE
    ../clib/libinit.s                        0x00000000   Number         0  libshutdown.o ABSOLUTE
    ../clib/libinit.s                        0x00000000   Number         0  libshutdown2.o ABSOLUTE
    ../clib/longlong.s                       0x00000000   Number         0  lludivv7m.o ABSOLUTE
    ../clib/memcpset.s                       0x00000000   Number         0  rt_memcpy_v6.o ABSOLUTE
    ../clib/memcpset.s                       0x00000000   Number         0  aeabi_memset.o ABSOLUTE
    ../clib/memcpset.s                       0x00000000   Number         0  rt_memcpy_w.o ABSOLUTE
    ../clib/memcpset.s                       0x00000000   Number         0  rt_memclr.o ABSOLUTE
    ../clib/memcpset.s                       0x00000000   Number         0  rt_memclr_w.o ABSOLUTE
    ../clib/signal.c                         0x00000000   Number         0  defsig_fpe_outer.o ABSOLUTE
    ../clib/signal.c                         0x00000000   Number         0  defsig_fpe_formal.o ABSOLUTE
    ../clib/signal.c                         0x00000000   Number         0  defsig_exit.o ABSOLUTE
    ../clib/signal.c                         0x00000000   Number         0  defsig_fpe_inner.o ABSOLUTE
    ../clib/signal.c                         0x00000000   Number         0  __raise.o ABSOLUTE
    ../clib/signal.c                         0x00000000   Number         0  defsig_general.o ABSOLUTE
    ../clib/signal.c                         0x00000000   Number         0  defsig_abrt_inner.o ABSOLUTE
    ../clib/signal.c                         0x00000000   Number         0  defsig_rtred_inner.o ABSOLUTE
    ../clib/signal.c                         0x00000000   Number         0  defsig_rtmem_inner.o ABSOLUTE
    ../clib/signal.c                         0x00000000   Number         0  defsig_rtmem_outer.o ABSOLUTE
    ../clib/signal.c                         0x00000000   Number         0  defsig_rtmem_formal.o ABSOLUTE
    ../clib/signal.c                         0x00000000   Number         0  defsig_stak_inner.o ABSOLUTE
    ../clib/signal.c                         0x00000000   Number         0  defsig_pvfn_inner.o ABSOLUTE
    ../clib/signal.c                         0x00000000   Number         0  defsig_cppl_inner.o ABSOLUTE
    ../clib/signal.c                         0x00000000   Number         0  defsig_segv_inner.o ABSOLUTE
    ../clib/signal.c                         0x00000000   Number         0  defsig_other.o ABSOLUTE
    ../clib/signal.s                         0x00000000   Number         0  defsig.o ABSOLUTE
    ../clib/stdlib.c                         0x00000000   Number         0  exit.o ABSOLUTE
    ../fplib/fpinit.s                        0x00000000   Number         0  fpinit.o ABSOLUTE
    at32f435_437_acc.c                       0x00000000   Number         0  at32f435_437_acc.o ABSOLUTE
    at32f435_437_adc.c                       0x00000000   Number         0  at32f435_437_adc.o ABSOLUTE
    at32f435_437_can.c                       0x00000000   Number         0  at32f435_437_can.o ABSOLUTE
    at32f435_437_clock.c                     0x00000000   Number         0  at32f435_437_clock.o ABSOLUTE
    at32f435_437_crc.c                       0x00000000   Number         0  at32f435_437_crc.o ABSOLUTE
    at32f435_437_crm.c                       0x00000000   Number         0  at32f435_437_crm.o ABSOLUTE
    at32f435_437_dac.c                       0x00000000   Number         0  at32f435_437_dac.o ABSOLUTE
    at32f435_437_debug.c                     0x00000000   Number         0  at32f435_437_debug.o ABSOLUTE
    at32f435_437_dma.c                       0x00000000   Number         0  at32f435_437_dma.o ABSOLUTE
    at32f435_437_dvp.c                       0x00000000   Number         0  at32f435_437_dvp.o ABSOLUTE
    at32f435_437_edma.c                      0x00000000   Number         0  at32f435_437_edma.o ABSOLUTE
    at32f435_437_emac.c                      0x00000000   Number         0  at32f435_437_emac.o ABSOLUTE
    at32f435_437_ertc.c                      0x00000000   Number         0  at32f435_437_ertc.o ABSOLUTE
    at32f435_437_exint.c                     0x00000000   Number         0  at32f435_437_exint.o ABSOLUTE
    at32f435_437_flash.c                     0x00000000   Number         0  at32f435_437_flash.o ABSOLUTE
    at32f435_437_gpio.c                      0x00000000   Number         0  at32f435_437_gpio.o ABSOLUTE
    at32f435_437_i2c.c                       0x00000000   Number         0  at32f435_437_i2c.o ABSOLUTE
    at32f435_437_int.c                       0x00000000   Number         0  at32f435_437_int.o ABSOLUTE
    at32f435_437_misc.c                      0x00000000   Number         0  at32f435_437_misc.o ABSOLUTE
    at32f435_437_pwc.c                       0x00000000   Number         0  at32f435_437_pwc.o ABSOLUTE
    at32f435_437_qspi.c                      0x00000000   Number         0  at32f435_437_qspi.o ABSOLUTE
    at32f435_437_scfg.c                      0x00000000   Number         0  at32f435_437_scfg.o ABSOLUTE
    at32f435_437_sdio.c                      0x00000000   Number         0  at32f435_437_sdio.o ABSOLUTE
    at32f435_437_spi.c                       0x00000000   Number         0  at32f435_437_spi.o ABSOLUTE
    at32f435_437_tmr.c                       0x00000000   Number         0  at32f435_437_tmr.o ABSOLUTE
    at32f435_437_usart.c                     0x00000000   Number         0  at32f435_437_usart.o ABSOLUTE
    at32f435_437_usb.c                       0x00000000   Number         0  at32f435_437_usb.o ABSOLUTE
    at32f435_437_wdt.c                       0x00000000   Number         0  at32f435_437_wdt.o ABSOLUTE
    at32f435_437_wwdt.c                      0x00000000   Number         0  at32f435_437_wwdt.o ABSOLUTE
    at32f435_437_xmc.c                       0x00000000   Number         0  at32f435_437_xmc.o ABSOLUTE
    at_surf_f437_board_buzz.c                0x00000000   Number         0  at_surf_f437_board_buzz.o ABSOLUTE
    at_surf_f437_board_delay.c               0x00000000   Number         0  at_surf_f437_board_delay.o ABSOLUTE
    at_surf_f437_board_font.c                0x00000000   Number         0  at_surf_f437_board_font.o ABSOLUTE
    at_surf_f437_board_key.c                 0x00000000   Number         0  at_surf_f437_board_key.o ABSOLUTE
    at_surf_f437_board_lcd.c                 0x00000000   Number         0  at_surf_f437_board_lcd.o ABSOLUTE
    at_surf_f437_board_pca9555.c             0x00000000   Number         0  at_surf_f437_board_pca9555.o ABSOLUTE
    dc.s                                     0x00000000   Number         0  dc.o ABSOLUTE
    i2c_application.c                        0x00000000   Number         0  i2c_application.o ABSOLUTE
    main_tmr_pwm_scale_sound.c               0x00000000   Number         0  main_tmr_pwm_scale_sound.o ABSOLUTE
    system_at32f435_437.c                    0x00000000   Number         0  system_at32f435_437.o ABSOLUTE
    RESET                                    0x08000000   Section      524  startup_at32f435_437.o(RESET)
    !!!main                                  0x0800020c   Section        8  __main.o(!!!main)
    !!!scatter                               0x08000214   Section       92  __scatter.o(!!!scatter)
    !!handler_copy                           0x08000270   Section       26  __scatter_copy.o(!!handler_copy)
    !!handler_null                           0x0800028c   Section        2  __scatter.o(!!handler_null)
    !!handler_zi                             0x08000290   Section       28  __scatter_zi.o(!!handler_zi)
    .ARM.Collect$$libinit$$00000000          0x080002ac   Section        2  libinit.o(.ARM.Collect$$libinit$$00000000)
    .ARM.Collect$$libinit$$00000001          0x080002ae   Section        4  libinit2.o(.ARM.Collect$$libinit$$00000001)
    .ARM.Collect$$libinit$$00000004          0x080002b2   Section        0  libinit2.o(.ARM.Collect$$libinit$$00000004)
    .ARM.Collect$$libinit$$00000006          0x080002b2   Section        0  libinit2.o(.ARM.Collect$$libinit$$00000006)
    .ARM.Collect$$libinit$$0000000C          0x080002b2   Section        0  libinit2.o(.ARM.Collect$$libinit$$0000000C)
    .ARM.Collect$$libinit$$0000000E          0x080002b2   Section        0  libinit2.o(.ARM.Collect$$libinit$$0000000E)
    .ARM.Collect$$libinit$$00000010          0x080002b2   Section        0  libinit2.o(.ARM.Collect$$libinit$$00000010)
    .ARM.Collect$$libinit$$00000013          0x080002b2   Section        0  libinit2.o(.ARM.Collect$$libinit$$00000013)
    .ARM.Collect$$libinit$$00000015          0x080002b2   Section        0  libinit2.o(.ARM.Collect$$libinit$$00000015)
    .ARM.Collect$$libinit$$00000017          0x080002b2   Section        0  libinit2.o(.ARM.Collect$$libinit$$00000017)
    .ARM.Collect$$libinit$$00000019          0x080002b2   Section        0  libinit2.o(.ARM.Collect$$libinit$$00000019)
    .ARM.Collect$$libinit$$0000001B          0x080002b2   Section        0  libinit2.o(.ARM.Collect$$libinit$$0000001B)
    .ARM.Collect$$libinit$$0000001D          0x080002b2   Section        0  libinit2.o(.ARM.Collect$$libinit$$0000001D)
    .ARM.Collect$$libinit$$0000001F          0x080002b2   Section        0  libinit2.o(.ARM.Collect$$libinit$$0000001F)
    .ARM.Collect$$libinit$$00000021          0x080002b2   Section        0  libinit2.o(.ARM.Collect$$libinit$$00000021)
    .ARM.Collect$$libinit$$00000023          0x080002b2   Section        0  libinit2.o(.ARM.Collect$$libinit$$00000023)
    .ARM.Collect$$libinit$$00000025          0x080002b2   Section        0  libinit2.o(.ARM.Collect$$libinit$$00000025)
    .ARM.Collect$$libinit$$00000027          0x080002b2   Section        0  libinit2.o(.ARM.Collect$$libinit$$00000027)
    .ARM.Collect$$libinit$$0000002E          0x080002b2   Section        0  libinit2.o(.ARM.Collect$$libinit$$0000002E)
    .ARM.Collect$$libinit$$00000030          0x080002b2   Section        0  libinit2.o(.ARM.Collect$$libinit$$00000030)
    .ARM.Collect$$libinit$$00000032          0x080002b2   Section        0  libinit2.o(.ARM.Collect$$libinit$$00000032)
    .ARM.Collect$$libinit$$00000034          0x080002b2   Section        0  libinit2.o(.ARM.Collect$$libinit$$00000034)
    .ARM.Collect$$libinit$$00000035          0x080002b2   Section        2  libinit2.o(.ARM.Collect$$libinit$$00000035)
    .ARM.Collect$$libshutdown$$00000000      0x080002b4   Section        2  libshutdown.o(.ARM.Collect$$libshutdown$$00000000)
    .ARM.Collect$$libshutdown$$00000002      0x080002b6   Section        0  libshutdown2.o(.ARM.Collect$$libshutdown$$00000002)
    .ARM.Collect$$libshutdown$$00000004      0x080002b6   Section        0  libshutdown2.o(.ARM.Collect$$libshutdown$$00000004)
    .ARM.Collect$$libshutdown$$00000007      0x080002b6   Section        0  libshutdown2.o(.ARM.Collect$$libshutdown$$00000007)
    .ARM.Collect$$libshutdown$$0000000A      0x080002b6   Section        0  libshutdown2.o(.ARM.Collect$$libshutdown$$0000000A)
    .ARM.Collect$$libshutdown$$0000000C      0x080002b6   Section        0  libshutdown2.o(.ARM.Collect$$libshutdown$$0000000C)
    .ARM.Collect$$libshutdown$$0000000F      0x080002b6   Section        0  libshutdown2.o(.ARM.Collect$$libshutdown$$0000000F)
    .ARM.Collect$$libshutdown$$00000010      0x080002b6   Section        2  libshutdown2.o(.ARM.Collect$$libshutdown$$00000010)
    .ARM.Collect$$rtentry$$00000000          0x080002b8   Section        0  __rtentry.o(.ARM.Collect$$rtentry$$00000000)
    .ARM.Collect$$rtentry$$00000002          0x080002b8   Section        0  __rtentry2.o(.ARM.Collect$$rtentry$$00000002)
    .ARM.Collect$$rtentry$$00000004          0x080002b8   Section        6  __rtentry4.o(.ARM.Collect$$rtentry$$00000004)
    .ARM.Collect$$rtentry$$00000009          0x080002be   Section        0  __rtentry2.o(.ARM.Collect$$rtentry$$00000009)
    .ARM.Collect$$rtentry$$0000000A          0x080002be   Section        4  __rtentry2.o(.ARM.Collect$$rtentry$$0000000A)
    .ARM.Collect$$rtentry$$0000000C          0x080002c2   Section        0  __rtentry2.o(.ARM.Collect$$rtentry$$0000000C)
    .ARM.Collect$$rtentry$$0000000D          0x080002c2   Section        8  __rtentry2.o(.ARM.Collect$$rtentry$$0000000D)
    .ARM.Collect$$rtexit$$00000000           0x080002ca   Section        2  rtexit.o(.ARM.Collect$$rtexit$$00000000)
    .ARM.Collect$$rtexit$$00000002           0x080002cc   Section        0  rtexit2.o(.ARM.Collect$$rtexit$$00000002)
    .ARM.Collect$$rtexit$$00000003           0x080002cc   Section        4  rtexit2.o(.ARM.Collect$$rtexit$$00000003)
    .ARM.Collect$$rtexit$$00000004           0x080002d0   Section        6  rtexit2.o(.ARM.Collect$$rtexit$$00000004)
    $v0                                      0x080002d8   Number         0  startup_at32f435_437.o(.text)
    .text                                    0x080002d8   Section       64  startup_at32f435_437.o(.text)
    .text                                    0x08000318   Section      240  lludivv7m.o(.text)
    .text                                    0x08000408   Section        0  heapauxi.o(.text)
    .text                                    0x0800040e   Section       74  sys_stackheap_outer.o(.text)
    .text                                    0x08000458   Section        0  exit.o(.text)
    .text                                    0x0800046c   Section        8  libspace.o(.text)
    .text                                    0x08000474   Section        0  sys_exit.o(.text)
    .text                                    0x08000480   Section        2  use_no_semi.o(.text)
    .text                                    0x08000482   Section        0  indicate_semi.o(.text)
    [Anonymous Symbol]                       0x08000484   Section        0  at32f435_437_int.o(.text.BusFault_Handler)
    [Anonymous Symbol]                       0x08000488   Section        0  at32f435_437_int.o(.text.DMA1_Channel1_IRQHandler)
    [Anonymous Symbol]                       0x08000498   Section        0  at32f435_437_int.o(.text.DMA1_Channel2_IRQHandler)
    [Anonymous Symbol]                       0x080004a8   Section        0  at32f435_437_int.o(.text.DebugMon_Handler)
    [Anonymous Symbol]                       0x080004ac   Section        0  at32f435_437_int.o(.text.EXINT3_IRQHandler)
    [Anonymous Symbol]                       0x080004b4   Section        0  at32f435_437_int.o(.text.HardFault_Handler)
    [Anonymous Symbol]                       0x080004b8   Section        0  at32f435_437_int.o(.text.I2C2_ERR_IRQHandler)
    [Anonymous Symbol]                       0x080004c8   Section        0  at32f435_437_int.o(.text.I2C2_EVT_IRQHandler)
    [Anonymous Symbol]                       0x080004d8   Section        0  at32f435_437_int.o(.text.MemManage_Handler)
    [Anonymous Symbol]                       0x080004dc   Section        0  at32f435_437_int.o(.text.NMI_Handler)
    [Anonymous Symbol]                       0x080004e0   Section        0  at32f435_437_int.o(.text.PendSV_Handler)
    [Anonymous Symbol]                       0x080004e4   Section        0  at32f435_437_int.o(.text.SVC_Handler)
    [Anonymous Symbol]                       0x080004e8   Section        0  at32f435_437_int.o(.text.SysTick_Handler)
    [Anonymous Symbol]                       0x080004ec   Section        0  system_at32f435_437.o(.text.SystemInit)
    [Anonymous Symbol]                       0x080005a8   Section        0  at32f435_437_int.o(.text.TMR1_OVF_TMR10_IRQHandler)
    [Anonymous Symbol]                       0x080005c4   Section        0  at32f435_437_int.o(.text.UsageFault_Handler)
    [Anonymous Symbol]                       0x080005c8   Section        0  at32f435_437_crm.o(.text.crm_ahb_div_set)
    [Anonymous Symbol]                       0x080005f0   Section        0  at32f435_437_crm.o(.text.crm_apb1_div_set)
    [Anonymous Symbol]                       0x08000618   Section        0  at32f435_437_crm.o(.text.crm_apb2_div_set)
    [Anonymous Symbol]                       0x08000640   Section        0  at32f435_437_crm.o(.text.crm_auto_step_mode_enable)
    [Anonymous Symbol]                       0x08000678   Section        0  at32f435_437_crm.o(.text.crm_clock_source_enable)
    [Anonymous Symbol]                       0x08000720   Section        0  at32f435_437_crm.o(.text.crm_flag_get)
    [Anonymous Symbol]                       0x08000760   Section        0  at32f435_437_crm.o(.text.crm_hext_stable_wait)
    [Anonymous Symbol]                       0x080007c4   Section        0  at32f435_437_crm.o(.text.crm_periph_clock_enable)
    [Anonymous Symbol]                       0x08000818   Section        0  at32f435_437_crm.o(.text.crm_pll_config)
    [Anonymous Symbol]                       0x0800089c   Section        0  at32f435_437_crm.o(.text.crm_reset)
    [Anonymous Symbol]                       0x08000938   Section        0  at32f435_437_crm.o(.text.crm_sysclk_switch)
    [Anonymous Symbol]                       0x08000980   Section        0  at32f435_437_crm.o(.text.crm_sysclk_switch_status_get)
    [Anonymous Symbol]                       0x08000990   Section        0  at_surf_f437_board_delay.o(.text.delay_init)
    [Anonymous Symbol]                       0x080009d0   Section        0  at_surf_f437_board_delay.o(.text.delay_ms)
    [Anonymous Symbol]                       0x08000aa8   Section        0  at32f435_437_dma.o(.text.dma_channel_enable)
    [Anonymous Symbol]                       0x08000ac4   Section        0  at32f435_437_dma.o(.text.dma_flag_clear)
    [Anonymous Symbol]                       0x08000af8   Section        0  at32f435_437_dma.o(.text.dma_flag_get)
    [Anonymous Symbol]                       0x08000b48   Section        0  at32f435_437_dma.o(.text.dma_init)
    [Anonymous Symbol]                       0x08000c10   Section        0  at32f435_437_dma.o(.text.dma_interrupt_enable)
    [Anonymous Symbol]                       0x08000c40   Section        0  at32f435_437_exint.o(.text.exint_flag_clear)
    [Anonymous Symbol]                       0x08000c54   Section        0  at32f435_437_exint.o(.text.exint_flag_get)
    [Anonymous Symbol]                       0x08000c90   Section        0  at32f435_437_gpio.o(.text.gpio_init)
    [Anonymous Symbol]                       0x08000d78   Section        0  at32f435_437_gpio.o(.text.gpio_pin_mux_config)
    [Anonymous Symbol]                       0x08000e00   Section        0  at32f435_437_i2c.o(.text.i2c_data_receive)
    [Anonymous Symbol]                       0x08000e10   Section        0  at32f435_437_i2c.o(.text.i2c_data_send)
    [Anonymous Symbol]                       0x08000e24   Section        0  i2c_application.o(.text.i2c_dma_config)
    [Anonymous Symbol]                       0x08000eb0   Section        0  at32f435_437_i2c.o(.text.i2c_dma_enable)
    [Anonymous Symbol]                       0x08000ef8   Section        0  i2c_application.o(.text.i2c_dma_rx_irq_handler)
    [Anonymous Symbol]                       0x08000f0c   Section        0  i2c_application.o(.text.i2c_dma_tx_irq_handler)
    [Anonymous Symbol]                       0x08000f20   Section        0  i2c_application.o(.text.i2c_dma_tx_rx_irq_handler)
    [Anonymous Symbol]                       0x080012fc   Section        0  i2c_application.o(.text.i2c_err_irq_handler)
    [Anonymous Symbol]                       0x08001428   Section        0  i2c_application.o(.text.i2c_evt_irq_handler)
    [Anonymous Symbol]                       0x0800146c   Section        0  at32f435_437_i2c.o(.text.i2c_flag_clear)
    [Anonymous Symbol]                       0x0800147c   Section        0  at32f435_437_i2c.o(.text.i2c_flag_get)
    [Anonymous Symbol]                       0x080014a8   Section        0  at32f435_437_i2c.o(.text.i2c_interrupt_enable)
    [Anonymous Symbol]                       0x080014d8   Section        0  i2c_application.o(.text.i2c_master_irq_handler_dma)
    [Anonymous Symbol]                       0x080015e8   Section        0  i2c_application.o(.text.i2c_master_irq_handler_int)
    [Anonymous Symbol]                       0x08001764   Section        0  i2c_application.o(.text.i2c_refresh_txdt_register)
    [Anonymous Symbol]                       0x080017a4   Section        0  i2c_application.o(.text.i2c_reset_ctrl2_register)
    [Anonymous Symbol]                       0x080017ec   Section        0  i2c_application.o(.text.i2c_slave_irq_handler_dma)
    [Anonymous Symbol]                       0x080018a8   Section        0  i2c_application.o(.text.i2c_slave_irq_handler_int)
    [Anonymous Symbol]                       0x080019fc   Section        0  i2c_application.o(.text.i2c_start_transfer)
    [Anonymous Symbol]                       0x08001a68   Section        0  at32f435_437_i2c.o(.text.i2c_stop_generate)
    [Anonymous Symbol]                       0x08001a7c   Section        0  at32f435_437_i2c.o(.text.i2c_transfer_addr_get)
    [Anonymous Symbol]                       0x08001a8c   Section        0  at32f435_437_i2c.o(.text.i2c_transmit_set)
    [Anonymous Symbol]                       0x08001ae4   Section        0  main_tmr_pwm_scale_sound.o(.text.main)
    [Anonymous Symbol]                       0x08001c5c   Section        0  at_surf_f437_board_pca9555.o(.text.pca9555_irq_handler)
    [Anonymous Symbol]                       0x08001c80   Section        0  at32f435_437_clock.o(.text.system_clock_config)
    [Anonymous Symbol]                       0x08001d30   Section        0  system_at32f435_437.o(.text.system_core_clock_update)
    [Anonymous Symbol]                       0x08001e80   Section        0  at32f435_437_misc.o(.text.systick_clock_source_config)
    [Anonymous Symbol]                       0x08001eb8   Section        0  at32f435_437_tmr.o(.text.tmr_base_init)
    [Anonymous Symbol]                       0x08001edc   Section        0  at32f435_437_tmr.o(.text.tmr_channel_value_set)
    [Anonymous Symbol]                       0x08001f38   Section        0  at32f435_437_tmr.o(.text.tmr_clock_source_div_set)
    [Anonymous Symbol]                       0x08001f5c   Section        0  at32f435_437_tmr.o(.text.tmr_cnt_dir_set)
    [Anonymous Symbol]                       0x08001f80   Section        0  at32f435_437_tmr.o(.text.tmr_counter_enable)
    [Anonymous Symbol]                       0x08001f9c   Section        0  at32f435_437_tmr.o(.text.tmr_flag_clear)
    [Anonymous Symbol]                       0x08001fb0   Section        0  at32f435_437_tmr.o(.text.tmr_output_channel_buffer_enable)
    [Anonymous Symbol]                       0x0800205c   Section        0  at32f435_437_tmr.o(.text.tmr_output_channel_config)
    [Anonymous Symbol]                       0x08002260   Section        0  at32f435_437_tmr.o(.text.tmr_output_default_para_init)
    [Anonymous Symbol]                       0x08002288   Section        0  at32f435_437_tmr.o(.text.tmr_period_buffer_enable)
    [Anonymous Symbol]                       0x080022ac   Section        0  at32f435_437_tmr.o(.text.tmr_period_value_set)
    $v0                                      0x080022bc   Number         0  fpinit.o(x$fpl$fpinit)
    x$fpl$fpinit                             0x080022bc   Section       26  fpinit.o(x$fpl$fpinit)
    system_core_clock_update.pll_fr_table    0x080022d6   Data           6  system_at32f435_437.o(.rodata.system_core_clock_update.pll_fr_table)
    [Anonymous Symbol]                       0x080022d6   Section        0  system_at32f435_437.o(.rodata.system_core_clock_update.pll_fr_table)
    system_core_clock_update.sys_ahb_div_table 0x080022dc   Data          16  system_at32f435_437.o(.rodata.system_core_clock_update.sys_ahb_div_table)
    [Anonymous Symbol]                       0x080022dc   Section        0  system_at32f435_437.o(.rodata.system_core_clock_update.sys_ahb_div_table)
    .bss                                     0x20000018   Section       96  libspace.o(.bss)
    fac_ms                                   0x2000007c   Data           4  at_surf_f437_board_delay.o(.bss.fac_ms)
    [Anonymous Symbol]                       0x2000007c   Section        0  at_surf_f437_board_delay.o(.bss.fac_ms)
    fac_us                                   0x20000080   Data           4  at_surf_f437_board_delay.o(.bss.fac_us)
    [Anonymous Symbol]                       0x20000080   Section        0  at_surf_f437_board_delay.o(.bss.fac_us)
    Heap_Mem                                 0x200000c8   Data         512  startup_at32f435_437.o(HEAP)
    HEAP                                     0x200000c8   Section      512  startup_at32f435_437.o(HEAP)
    Stack_Mem                                0x200002c8   Data        1024  startup_at32f435_437.o(STACK)
    STACK                                    0x200002c8   Section     1024  startup_at32f435_437.o(STACK)
    __initial_sp                             0x200006c8   Data           0  startup_at32f435_437.o(STACK)

    Global Symbols

    Symbol Name                              Value     Ov Type        Size  Object(Section)

    BuildAttributes$$THM_ISAv4$E$P$D$K$B$S$7EM$VFPi3$EXTD16$VFPS$VFMA$PE$A:L22UL41UL21$X:L11$S22US41US21$IEEE1$IW$~IW$USESV6$~STKCKD$USESV7$~SHL$OSPACE$ROPI$EBA8$UX$STANDARDLIB$REQ8$PRES8$EABIv2 0x00000000   Number         0  anon$$obj.o ABSOLUTE
    __ARM_exceptions_init                     - Undefined Weak Reference
    __alloca_initialize                       - Undefined Weak Reference
    __arm_preinit_                            - Undefined Weak Reference
    __arm_relocate_pie_                       - Undefined Weak Reference
    __cpp_initialize__aeabi_                  - Undefined Weak Reference
    __cxa_finalize                            - Undefined Weak Reference
    __rt_locale                               - Undefined Weak Reference
    __sigvec_lookup                           - Undefined Weak Reference
    _atexit_init                              - Undefined Weak Reference
    _call_atexit_fns                          - Undefined Weak Reference
    _clock_init                               - Undefined Weak Reference
    _fp_trap_init                             - Undefined Weak Reference
    _fp_trap_shutdown                         - Undefined Weak Reference
    _get_lc_collate                           - Undefined Weak Reference
    _get_lc_ctype                             - Undefined Weak Reference
    _get_lc_monetary                          - Undefined Weak Reference
    _get_lc_numeric                           - Undefined Weak Reference
    _get_lc_time                              - Undefined Weak Reference
    _getenv_init                              - Undefined Weak Reference
    _handle_redirection                       - Undefined Weak Reference
    _init_alloc                               - Undefined Weak Reference
    _init_user_alloc                          - Undefined Weak Reference
    _initio                                   - Undefined Weak Reference
    _rand_init                                - Undefined Weak Reference
    _signal_finish                            - Undefined Weak Reference
    _signal_init                              - Undefined Weak Reference
    _terminate_alloc                          - Undefined Weak Reference
    _terminate_user_alloc                     - Undefined Weak Reference
    _terminateio                              - Undefined Weak Reference
    __Vectors_Size                           0x0000020c   Number         0  startup_at32f435_437.o ABSOLUTE
    __Vectors                                0x08000000   Data           4  startup_at32f435_437.o(RESET)
    __Vectors_End                            0x0800020c   Data           0  startup_at32f435_437.o(RESET)
    __main                                   0x0800020d   Thumb Code     8  __main.o(!!!main)
    __scatterload                            0x08000215   Thumb Code     0  __scatter.o(!!!scatter)
    __scatterload_rt2                        0x08000215   Thumb Code    84  __scatter.o(!!!scatter)
    __scatterload_rt2_thumb_only             0x08000215   Thumb Code     0  __scatter.o(!!!scatter)
    __scatterload_loop                       0x0800021f   Thumb Code     0  __scatter.o(!!!scatter)
    __scatterload_copy                       0x08000271   Thumb Code    26  __scatter_copy.o(!!handler_copy)
    __scatterload_null                       0x0800028d   Thumb Code     2  __scatter.o(!!handler_null)
    __scatterload_zeroinit                   0x08000291   Thumb Code    28  __scatter_zi.o(!!handler_zi)
    __rt_lib_init                            0x080002ad   Thumb Code     0  libinit.o(.ARM.Collect$$libinit$$00000000)
    __rt_lib_init_fp_1                       0x080002af   Thumb Code     0  libinit2.o(.ARM.Collect$$libinit$$00000001)
    __rt_lib_init_alloca_1                   0x080002b3   Thumb Code     0  libinit2.o(.ARM.Collect$$libinit$$00000030)
    __rt_lib_init_argv_1                     0x080002b3   Thumb Code     0  libinit2.o(.ARM.Collect$$libinit$$0000002E)
    __rt_lib_init_atexit_1                   0x080002b3   Thumb Code     0  libinit2.o(.ARM.Collect$$libinit$$0000001D)
    __rt_lib_init_clock_1                    0x080002b3   Thumb Code     0  libinit2.o(.ARM.Collect$$libinit$$00000023)
    __rt_lib_init_cpp_1                      0x080002b3   Thumb Code     0  libinit2.o(.ARM.Collect$$libinit$$00000034)
    __rt_lib_init_exceptions_1               0x080002b3   Thumb Code     0  libinit2.o(.ARM.Collect$$libinit$$00000032)
    __rt_lib_init_fp_trap_1                  0x080002b3   Thumb Code     0  libinit2.o(.ARM.Collect$$libinit$$00000021)
    __rt_lib_init_getenv_1                   0x080002b3   Thumb Code     0  libinit2.o(.ARM.Collect$$libinit$$00000025)
    __rt_lib_init_heap_1                     0x080002b3   Thumb Code     0  libinit2.o(.ARM.Collect$$libinit$$0000000C)
    __rt_lib_init_lc_collate_1               0x080002b3   Thumb Code     0  libinit2.o(.ARM.Collect$$libinit$$00000013)
    __rt_lib_init_lc_ctype_1                 0x080002b3   Thumb Code     0  libinit2.o(.ARM.Collect$$libinit$$00000015)
    __rt_lib_init_lc_monetary_1              0x080002b3   Thumb Code     0  libinit2.o(.ARM.Collect$$libinit$$00000017)
    __rt_lib_init_lc_numeric_1               0x080002b3   Thumb Code     0  libinit2.o(.ARM.Collect$$libinit$$00000019)
    __rt_lib_init_lc_time_1                  0x080002b3   Thumb Code     0  libinit2.o(.ARM.Collect$$libinit$$0000001B)
    __rt_lib_init_preinit_1                  0x080002b3   Thumb Code     0  libinit2.o(.ARM.Collect$$libinit$$00000006)
    __rt_lib_init_rand_1                     0x080002b3   Thumb Code     0  libinit2.o(.ARM.Collect$$libinit$$00000010)
    __rt_lib_init_relocate_pie_1             0x080002b3   Thumb Code     0  libinit2.o(.ARM.Collect$$libinit$$00000004)
    __rt_lib_init_return                     0x080002b3   Thumb Code     0  libinit2.o(.ARM.Collect$$libinit$$00000035)
    __rt_lib_init_signal_1                   0x080002b3   Thumb Code     0  libinit2.o(.ARM.Collect$$libinit$$0000001F)
    __rt_lib_init_stdio_1                    0x080002b3   Thumb Code     0  libinit2.o(.ARM.Collect$$libinit$$00000027)
    __rt_lib_init_user_alloc_1               0x080002b3   Thumb Code     0  libinit2.o(.ARM.Collect$$libinit$$0000000E)
    __rt_lib_shutdown                        0x080002b5   Thumb Code     0  libshutdown.o(.ARM.Collect$$libshutdown$$00000000)
    __rt_lib_shutdown_cpp_1                  0x080002b7   Thumb Code     0  libshutdown2.o(.ARM.Collect$$libshutdown$$00000002)
    __rt_lib_shutdown_fp_trap_1              0x080002b7   Thumb Code     0  libshutdown2.o(.ARM.Collect$$libshutdown$$00000007)
    __rt_lib_shutdown_heap_1                 0x080002b7   Thumb Code     0  libshutdown2.o(.ARM.Collect$$libshutdown$$0000000F)
    __rt_lib_shutdown_return                 0x080002b7   Thumb Code     0  libshutdown2.o(.ARM.Collect$$libshutdown$$00000010)
    __rt_lib_shutdown_signal_1               0x080002b7   Thumb Code     0  libshutdown2.o(.ARM.Collect$$libshutdown$$0000000A)
    __rt_lib_shutdown_stdio_1                0x080002b7   Thumb Code     0  libshutdown2.o(.ARM.Collect$$libshutdown$$00000004)
    __rt_lib_shutdown_user_alloc_1           0x080002b7   Thumb Code     0  libshutdown2.o(.ARM.Collect$$libshutdown$$0000000C)
    __rt_entry                               0x080002b9   Thumb Code     0  __rtentry.o(.ARM.Collect$$rtentry$$00000000)
    __rt_entry_presh_1                       0x080002b9   Thumb Code     0  __rtentry2.o(.ARM.Collect$$rtentry$$00000002)
    __rt_entry_sh                            0x080002b9   Thumb Code     0  __rtentry4.o(.ARM.Collect$$rtentry$$00000004)
    __rt_entry_li                            0x080002bf   Thumb Code     0  __rtentry2.o(.ARM.Collect$$rtentry$$0000000A)
    __rt_entry_postsh_1                      0x080002bf   Thumb Code     0  __rtentry2.o(.ARM.Collect$$rtentry$$00000009)
    __rt_entry_main                          0x080002c3   Thumb Code     0  __rtentry2.o(.ARM.Collect$$rtentry$$0000000D)
    __rt_entry_postli_1                      0x080002c3   Thumb Code     0  __rtentry2.o(.ARM.Collect$$rtentry$$0000000C)
    __rt_exit                                0x080002cb   Thumb Code     0  rtexit.o(.ARM.Collect$$rtexit$$00000000)
    __rt_exit_ls                             0x080002cd   Thumb Code     0  rtexit2.o(.ARM.Collect$$rtexit$$00000003)
    __rt_exit_prels_1                        0x080002cd   Thumb Code     0  rtexit2.o(.ARM.Collect$$rtexit$$00000002)
    __rt_exit_exit                           0x080002d1   Thumb Code     0  rtexit2.o(.ARM.Collect$$rtexit$$00000004)
    Reset_Handler                            0x080002d9   Thumb Code     8  startup_at32f435_437.o(.text)
    ACC_IRQHandler                           0x080002f3   Thumb Code     0  startup_at32f435_437.o(.text)
    ADC1_2_3_IRQHandler                      0x080002f3   Thumb Code     0  startup_at32f435_437.o(.text)
    CAN1_RX0_IRQHandler                      0x080002f3   Thumb Code     0  startup_at32f435_437.o(.text)
    CAN1_RX1_IRQHandler                      0x080002f3   Thumb Code     0  startup_at32f435_437.o(.text)
    CAN1_SE_IRQHandler                       0x080002f3   Thumb Code     0  startup_at32f435_437.o(.text)
    CAN1_TX_IRQHandler                       0x080002f3   Thumb Code     0  startup_at32f435_437.o(.text)
    CAN2_RX0_IRQHandler                      0x080002f3   Thumb Code     0  startup_at32f435_437.o(.text)
    CAN2_RX1_IRQHandler                      0x080002f3   Thumb Code     0  startup_at32f435_437.o(.text)
    CAN2_SE_IRQHandler                       0x080002f3   Thumb Code     0  startup_at32f435_437.o(.text)
    CAN2_TX_IRQHandler                       0x080002f3   Thumb Code     0  startup_at32f435_437.o(.text)
    CRM_IRQHandler                           0x080002f3   Thumb Code     0  startup_at32f435_437.o(.text)
    DMA1_Channel3_IRQHandler                 0x080002f3   Thumb Code     0  startup_at32f435_437.o(.text)
    DMA1_Channel4_IRQHandler                 0x080002f3   Thumb Code     0  startup_at32f435_437.o(.text)
    DMA1_Channel5_IRQHandler                 0x080002f3   Thumb Code     0  startup_at32f435_437.o(.text)
    DMA1_Channel6_IRQHandler                 0x080002f3   Thumb Code     0  startup_at32f435_437.o(.text)
    DMA1_Channel7_IRQHandler                 0x080002f3   Thumb Code     0  startup_at32f435_437.o(.text)
    DMA2_Channel1_IRQHandler                 0x080002f3   Thumb Code     0  startup_at32f435_437.o(.text)
    DMA2_Channel2_IRQHandler                 0x080002f3   Thumb Code     0  startup_at32f435_437.o(.text)
    DMA2_Channel3_IRQHandler                 0x080002f3   Thumb Code     0  startup_at32f435_437.o(.text)
    DMA2_Channel4_IRQHandler                 0x080002f3   Thumb Code     0  startup_at32f435_437.o(.text)
    DMA2_Channel5_IRQHandler                 0x080002f3   Thumb Code     0  startup_at32f435_437.o(.text)
    DMA2_Channel6_IRQHandler                 0x080002f3   Thumb Code     0  startup_at32f435_437.o(.text)
    DMA2_Channel7_IRQHandler                 0x080002f3   Thumb Code     0  startup_at32f435_437.o(.text)
    DMAMUX_IRQHandler                        0x080002f3   Thumb Code     0  startup_at32f435_437.o(.text)
    DVP_IRQHandler                           0x080002f3   Thumb Code     0  startup_at32f435_437.o(.text)
    EDMA_Stream1_IRQHandler                  0x080002f3   Thumb Code     0  startup_at32f435_437.o(.text)
    EDMA_Stream2_IRQHandler                  0x080002f3   Thumb Code     0  startup_at32f435_437.o(.text)
    EDMA_Stream3_IRQHandler                  0x080002f3   Thumb Code     0  startup_at32f435_437.o(.text)
    EDMA_Stream4_IRQHandler                  0x080002f3   Thumb Code     0  startup_at32f435_437.o(.text)
    EDMA_Stream5_IRQHandler                  0x080002f3   Thumb Code     0  startup_at32f435_437.o(.text)
    EDMA_Stream6_IRQHandler                  0x080002f3   Thumb Code     0  startup_at32f435_437.o(.text)
    EDMA_Stream7_IRQHandler                  0x080002f3   Thumb Code     0  startup_at32f435_437.o(.text)
    EDMA_Stream8_IRQHandler                  0x080002f3   Thumb Code     0  startup_at32f435_437.o(.text)
    EMAC_IRQHandler                          0x080002f3   Thumb Code     0  startup_at32f435_437.o(.text)
    EMAC_WKUP_IRQHandler                     0x080002f3   Thumb Code     0  startup_at32f435_437.o(.text)
    ERTCAlarm_IRQHandler                     0x080002f3   Thumb Code     0  startup_at32f435_437.o(.text)
    ERTC_WKUP_IRQHandler                     0x080002f3   Thumb Code     0  startup_at32f435_437.o(.text)
    EXINT0_IRQHandler                        0x080002f3   Thumb Code     0  startup_at32f435_437.o(.text)
    EXINT15_10_IRQHandler                    0x080002f3   Thumb Code     0  startup_at32f435_437.o(.text)
    EXINT1_IRQHandler                        0x080002f3   Thumb Code     0  startup_at32f435_437.o(.text)
    EXINT2_IRQHandler                        0x080002f3   Thumb Code     0  startup_at32f435_437.o(.text)
    EXINT4_IRQHandler                        0x080002f3   Thumb Code     0  startup_at32f435_437.o(.text)
    EXINT9_5_IRQHandler                      0x080002f3   Thumb Code     0  startup_at32f435_437.o(.text)
    FLASH_IRQHandler                         0x080002f3   Thumb Code     0  startup_at32f435_437.o(.text)
    FPU_IRQHandler                           0x080002f3   Thumb Code     0  startup_at32f435_437.o(.text)
    I2C1_ERR_IRQHandler                      0x080002f3   Thumb Code     0  startup_at32f435_437.o(.text)
    I2C1_EVT_IRQHandler                      0x080002f3   Thumb Code     0  startup_at32f435_437.o(.text)
    I2C3_ERR_IRQHandler                      0x080002f3   Thumb Code     0  startup_at32f435_437.o(.text)
    I2C3_EVT_IRQHandler                      0x080002f3   Thumb Code     0  startup_at32f435_437.o(.text)
    OTGFS1_IRQHandler                        0x080002f3   Thumb Code     0  startup_at32f435_437.o(.text)
    OTGFS1_WKUP_IRQHandler                   0x080002f3   Thumb Code     0  startup_at32f435_437.o(.text)
    OTGFS2_IRQHandler                        0x080002f3   Thumb Code     0  startup_at32f435_437.o(.text)
    OTGFS2_WKUP_IRQHandler                   0x080002f3   Thumb Code     0  startup_at32f435_437.o(.text)
    PVM_IRQHandler                           0x080002f3   Thumb Code     0  startup_at32f435_437.o(.text)
    QSPI1_IRQHandler                         0x080002f3   Thumb Code     0  startup_at32f435_437.o(.text)
    QSPI2_IRQHandler                         0x080002f3   Thumb Code     0  startup_at32f435_437.o(.text)
    SDIO1_IRQHandler                         0x080002f3   Thumb Code     0  startup_at32f435_437.o(.text)
    SDIO2_IRQHandler                         0x080002f3   Thumb Code     0  startup_at32f435_437.o(.text)
    SPI1_IRQHandler                          0x080002f3   Thumb Code     0  startup_at32f435_437.o(.text)
    SPI2_I2S2EXT_IRQHandler                  0x080002f3   Thumb Code     0  startup_at32f435_437.o(.text)
    SPI3_I2S3EXT_IRQHandler                  0x080002f3   Thumb Code     0  startup_at32f435_437.o(.text)
    SPI4_IRQHandler                          0x080002f3   Thumb Code     0  startup_at32f435_437.o(.text)
    TAMP_STAMP_IRQHandler                    0x080002f3   Thumb Code     0  startup_at32f435_437.o(.text)
    TMR1_BRK_TMR9_IRQHandler                 0x080002f3   Thumb Code     0  startup_at32f435_437.o(.text)
    TMR1_CH_IRQHandler                       0x080002f3   Thumb Code     0  startup_at32f435_437.o(.text)
    TMR1_TRG_HALL_TMR11_IRQHandler           0x080002f3   Thumb Code     0  startup_at32f435_437.o(.text)
    TMR20_BRK_IRQHandler                     0x080002f3   Thumb Code     0  startup_at32f435_437.o(.text)
    TMR20_CH_IRQHandler                      0x080002f3   Thumb Code     0  startup_at32f435_437.o(.text)
    TMR20_OVF_IRQHandler                     0x080002f3   Thumb Code     0  startup_at32f435_437.o(.text)
    TMR20_TRG_HALL_IRQHandler                0x080002f3   Thumb Code     0  startup_at32f435_437.o(.text)
    TMR2_GLOBAL_IRQHandler                   0x080002f3   Thumb Code     0  startup_at32f435_437.o(.text)
    TMR3_GLOBAL_IRQHandler                   0x080002f3   Thumb Code     0  startup_at32f435_437.o(.text)
    TMR4_GLOBAL_IRQHandler                   0x080002f3   Thumb Code     0  startup_at32f435_437.o(.text)
    TMR5_GLOBAL_IRQHandler                   0x080002f3   Thumb Code     0  startup_at32f435_437.o(.text)
    TMR6_DAC_GLOBAL_IRQHandler               0x080002f3   Thumb Code     0  startup_at32f435_437.o(.text)
    TMR7_GLOBAL_IRQHandler                   0x080002f3   Thumb Code     0  startup_at32f435_437.o(.text)
    TMR8_BRK_TMR12_IRQHandler                0x080002f3   Thumb Code     0  startup_at32f435_437.o(.text)
    TMR8_CH_IRQHandler                       0x080002f3   Thumb Code     0  startup_at32f435_437.o(.text)
    TMR8_OVF_TMR13_IRQHandler                0x080002f3   Thumb Code     0  startup_at32f435_437.o(.text)
    TMR8_TRG_HALL_TMR14_IRQHandler           0x080002f3   Thumb Code     0  startup_at32f435_437.o(.text)
    UART4_IRQHandler                         0x080002f3   Thumb Code     0  startup_at32f435_437.o(.text)
    UART5_IRQHandler                         0x080002f3   Thumb Code     0  startup_at32f435_437.o(.text)
    UART7_IRQHandler                         0x080002f3   Thumb Code     0  startup_at32f435_437.o(.text)
    UART8_IRQHandler                         0x080002f3   Thumb Code     0  startup_at32f435_437.o(.text)
    USART1_IRQHandler                        0x080002f3   Thumb Code     0  startup_at32f435_437.o(.text)
    USART2_IRQHandler                        0x080002f3   Thumb Code     0  startup_at32f435_437.o(.text)
    USART3_IRQHandler                        0x080002f3   Thumb Code     0  startup_at32f435_437.o(.text)
    USART6_IRQHandler                        0x080002f3   Thumb Code     0  startup_at32f435_437.o(.text)
    WWDT_IRQHandler                          0x080002f3   Thumb Code     0  startup_at32f435_437.o(.text)
    XMC_IRQHandler                           0x080002f3   Thumb Code     0  startup_at32f435_437.o(.text)
    __user_initial_stackheap                 0x080002f5   Thumb Code     0  startup_at32f435_437.o(.text)
    __aeabi_uldivmod                         0x08000319   Thumb Code     0  lludivv7m.o(.text)
    _ll_udiv                                 0x08000319   Thumb Code   240  lludivv7m.o(.text)
    __use_two_region_memory                  0x08000409   Thumb Code     2  heapauxi.o(.text)
    __rt_heap_escrow$2region                 0x0800040b   Thumb Code     2  heapauxi.o(.text)
    __rt_heap_expand$2region                 0x0800040d   Thumb Code     2  heapauxi.o(.text)
    __user_setup_stackheap                   0x0800040f   Thumb Code    74  sys_stackheap_outer.o(.text)
    exit                                     0x08000459   Thumb Code    18  exit.o(.text)
    __user_libspace                          0x0800046d   Thumb Code     8  libspace.o(.text)
    __user_perproc_libspace                  0x0800046d   Thumb Code     0  libspace.o(.text)
    __user_perthread_libspace                0x0800046d   Thumb Code     0  libspace.o(.text)
    _sys_exit                                0x08000475   Thumb Code     8  sys_exit.o(.text)
    __I$use$semihosting                      0x08000481   Thumb Code     0  use_no_semi.o(.text)
    __use_no_semihosting_swi                 0x08000481   Thumb Code     2  use_no_semi.o(.text)
    __semihosting_library_function           0x08000483   Thumb Code     0  indicate_semi.o(.text)
    BusFault_Handler                         0x08000485   Thumb Code     4  at32f435_437_int.o(.text.BusFault_Handler)
    DMA1_Channel1_IRQHandler                 0x08000489   Thumb Code    16  at32f435_437_int.o(.text.DMA1_Channel1_IRQHandler)
    DMA1_Channel2_IRQHandler                 0x08000499   Thumb Code    16  at32f435_437_int.o(.text.DMA1_Channel2_IRQHandler)
    DebugMon_Handler                         0x080004a9   Thumb Code     2  at32f435_437_int.o(.text.DebugMon_Handler)
    EXINT3_IRQHandler                        0x080004ad   Thumb Code     8  at32f435_437_int.o(.text.EXINT3_IRQHandler)
    HardFault_Handler                        0x080004b5   Thumb Code     4  at32f435_437_int.o(.text.HardFault_Handler)
    I2C2_ERR_IRQHandler                      0x080004b9   Thumb Code    16  at32f435_437_int.o(.text.I2C2_ERR_IRQHandler)
    I2C2_EVT_IRQHandler                      0x080004c9   Thumb Code    16  at32f435_437_int.o(.text.I2C2_EVT_IRQHandler)
    MemManage_Handler                        0x080004d9   Thumb Code     4  at32f435_437_int.o(.text.MemManage_Handler)
    NMI_Handler                              0x080004dd   Thumb Code     2  at32f435_437_int.o(.text.NMI_Handler)
    PendSV_Handler                           0x080004e1   Thumb Code     2  at32f435_437_int.o(.text.PendSV_Handler)
    SVC_Handler                              0x080004e5   Thumb Code     2  at32f435_437_int.o(.text.SVC_Handler)
    SysTick_Handler                          0x080004e9   Thumb Code     2  at32f435_437_int.o(.text.SysTick_Handler)
    SystemInit                               0x080004ed   Thumb Code   186  system_at32f435_437.o(.text.SystemInit)
    TMR1_OVF_TMR10_IRQHandler                0x080005a9   Thumb Code    26  at32f435_437_int.o(.text.TMR1_OVF_TMR10_IRQHandler)
    UsageFault_Handler                       0x080005c5   Thumb Code     4  at32f435_437_int.o(.text.UsageFault_Handler)
    crm_ahb_div_set                          0x080005c9   Thumb Code    38  at32f435_437_crm.o(.text.crm_ahb_div_set)
    crm_apb1_div_set                         0x080005f1   Thumb Code    38  at32f435_437_crm.o(.text.crm_apb1_div_set)
    crm_apb2_div_set                         0x08000619   Thumb Code    38  at32f435_437_crm.o(.text.crm_apb2_div_set)
    crm_auto_step_mode_enable                0x08000641   Thumb Code    56  at32f435_437_crm.o(.text.crm_auto_step_mode_enable)
    crm_clock_source_enable                  0x08000679   Thumb Code   166  at32f435_437_crm.o(.text.crm_clock_source_enable)
    crm_flag_get                             0x08000721   Thumb Code    62  at32f435_437_crm.o(.text.crm_flag_get)
    crm_hext_stable_wait                     0x08000761   Thumb Code   100  at32f435_437_crm.o(.text.crm_hext_stable_wait)
    crm_periph_clock_enable                  0x080007c5   Thumb Code    82  at32f435_437_crm.o(.text.crm_periph_clock_enable)
    crm_pll_config                           0x08000819   Thumb Code   130  at32f435_437_crm.o(.text.crm_pll_config)
    crm_reset                                0x0800089d   Thumb Code   156  at32f435_437_crm.o(.text.crm_reset)
    crm_sysclk_switch                        0x08000939   Thumb Code    70  at32f435_437_crm.o(.text.crm_sysclk_switch)
    crm_sysclk_switch_status_get             0x08000981   Thumb Code    16  at32f435_437_crm.o(.text.crm_sysclk_switch_status_get)
    delay_init                               0x08000991   Thumb Code    62  at_surf_f437_board_delay.o(.text.delay_init)
    delay_ms                                 0x080009d1   Thumb Code   216  at_surf_f437_board_delay.o(.text.delay_ms)
    dma_channel_enable                       0x08000aa9   Thumb Code    26  at32f435_437_dma.o(.text.dma_channel_enable)
    dma_flag_clear                           0x08000ac5   Thumb Code    50  at32f435_437_dma.o(.text.dma_flag_clear)
    dma_flag_get                             0x08000af9   Thumb Code    80  at32f435_437_dma.o(.text.dma_flag_get)
    dma_init                                 0x08000b49   Thumb Code   200  at32f435_437_dma.o(.text.dma_init)
    dma_interrupt_enable                     0x08000c11   Thumb Code    46  at32f435_437_dma.o(.text.dma_interrupt_enable)
    exint_flag_clear                         0x08000c41   Thumb Code    20  at32f435_437_exint.o(.text.exint_flag_clear)
    exint_flag_get                           0x08000c55   Thumb Code    58  at32f435_437_exint.o(.text.exint_flag_get)
    gpio_init                                0x08000c91   Thumb Code   232  at32f435_437_gpio.o(.text.gpio_init)
    gpio_pin_mux_config                      0x08000d79   Thumb Code   136  at32f435_437_gpio.o(.text.gpio_pin_mux_config)
    i2c_data_receive                         0x08000e01   Thumb Code    14  at32f435_437_i2c.o(.text.i2c_data_receive)
    i2c_data_send                            0x08000e11   Thumb Code    20  at32f435_437_i2c.o(.text.i2c_data_send)
    i2c_dma_config                           0x08000e25   Thumb Code   138  i2c_application.o(.text.i2c_dma_config)
    i2c_dma_enable                           0x08000eb1   Thumb Code    72  at32f435_437_i2c.o(.text.i2c_dma_enable)
    i2c_dma_rx_irq_handler                   0x08000ef9   Thumb Code    18  i2c_application.o(.text.i2c_dma_rx_irq_handler)
    i2c_dma_tx_irq_handler                   0x08000f0d   Thumb Code    18  i2c_application.o(.text.i2c_dma_tx_irq_handler)
    i2c_dma_tx_rx_irq_handler                0x08000f21   Thumb Code   986  i2c_application.o(.text.i2c_dma_tx_rx_irq_handler)
    i2c_err_irq_handler                      0x080012fd   Thumb Code   298  i2c_application.o(.text.i2c_err_irq_handler)
    i2c_evt_irq_handler                      0x08001429   Thumb Code    68  i2c_application.o(.text.i2c_evt_irq_handler)
    i2c_flag_clear                           0x0800146d   Thumb Code    16  at32f435_437_i2c.o(.text.i2c_flag_clear)
    i2c_flag_get                             0x0800147d   Thumb Code    42  at32f435_437_i2c.o(.text.i2c_flag_get)
    i2c_interrupt_enable                     0x080014a9   Thumb Code    46  at32f435_437_i2c.o(.text.i2c_interrupt_enable)
    i2c_master_irq_handler_dma               0x080014d9   Thumb Code   272  i2c_application.o(.text.i2c_master_irq_handler_dma)
    i2c_master_irq_handler_int               0x080015e9   Thumb Code   380  i2c_application.o(.text.i2c_master_irq_handler_int)
    i2c_refresh_txdt_register                0x08001765   Thumb Code    62  i2c_application.o(.text.i2c_refresh_txdt_register)
    i2c_reset_ctrl2_register                 0x080017a5   Thumb Code    70  i2c_application.o(.text.i2c_reset_ctrl2_register)
    i2c_slave_irq_handler_dma                0x080017ed   Thumb Code   186  i2c_application.o(.text.i2c_slave_irq_handler_dma)
    i2c_slave_irq_handler_int                0x080018a9   Thumb Code   340  i2c_application.o(.text.i2c_slave_irq_handler_int)
    i2c_start_transfer                       0x080019fd   Thumb Code   108  i2c_application.o(.text.i2c_start_transfer)
    i2c_stop_generate                        0x08001a69   Thumb Code    18  at32f435_437_i2c.o(.text.i2c_stop_generate)
    i2c_transfer_addr_get                    0x08001a7d   Thumb Code    16  at32f435_437_i2c.o(.text.i2c_transfer_addr_get)
    i2c_transmit_set                         0x08001a8d   Thumb Code    88  at32f435_437_i2c.o(.text.i2c_transmit_set)
    main                                     0x08001ae5   Thumb Code   376  main_tmr_pwm_scale_sound.o(.text.main)
    pca9555_irq_handler                      0x08001c5d   Thumb Code    34  at_surf_f437_board_pca9555.o(.text.pca9555_irq_handler)
    system_clock_config                      0x08001c81   Thumb Code   174  at32f435_437_clock.o(.text.system_clock_config)
    system_core_clock_update                 0x08001d31   Thumb Code   336  system_at32f435_437.o(.text.system_core_clock_update)
    systick_clock_source_config              0x08001e81   Thumb Code    56  at32f435_437_misc.o(.text.systick_clock_source_config)
    tmr_base_init                            0x08001eb9   Thumb Code    34  at32f435_437_tmr.o(.text.tmr_base_init)
    tmr_channel_value_set                    0x08001edd   Thumb Code    90  at32f435_437_tmr.o(.text.tmr_channel_value_set)
    tmr_clock_source_div_set                 0x08001f39   Thumb Code    34  at32f435_437_tmr.o(.text.tmr_clock_source_div_set)
    tmr_cnt_dir_set                          0x08001f5d   Thumb Code    34  at32f435_437_tmr.o(.text.tmr_cnt_dir_set)
    tmr_counter_enable                       0x08001f81   Thumb Code    26  at32f435_437_tmr.o(.text.tmr_counter_enable)
    tmr_flag_clear                           0x08001f9d   Thumb Code    18  at32f435_437_tmr.o(.text.tmr_flag_clear)
    tmr_output_channel_buffer_enable         0x08001fb1   Thumb Code   172  at32f435_437_tmr.o(.text.tmr_output_channel_buffer_enable)
    tmr_output_channel_config                0x0800205d   Thumb Code   516  at32f435_437_tmr.o(.text.tmr_output_channel_config)
    tmr_output_default_para_init             0x08002261   Thumb Code    38  at32f435_437_tmr.o(.text.tmr_output_default_para_init)
    tmr_period_buffer_enable                 0x08002289   Thumb Code    34  at32f435_437_tmr.o(.text.tmr_period_buffer_enable)
    tmr_period_value_set                     0x080022ad   Thumb Code    16  at32f435_437_tmr.o(.text.tmr_period_value_set)
    _fp_init                                 0x080022bd   Thumb Code    26  fpinit.o(x$fpl$fpinit)
    __fplib_config_fpu_vfp                   0x080022d5   Thumb Code     0  fpinit.o(x$fpl$fpinit)
    __fplib_config_pureend_doubles           0x080022d5   Thumb Code     0  fpinit.o(x$fpl$fpinit)
    Region$$Table$$Base                      0x080022ec   Number         0  anon$$obj.o(Region$$Table)
    Region$$Table$$Limit                     0x0800230c   Number         0  anon$$obj.o(Region$$Table)
    ScaleValue                               0x20000000   Data          16  main_tmr_pwm_scale_sound.o(.data.ScaleValue)
    system_core_clock                        0x20000010   Data           4  system_at32f435_437.o(.data.system_core_clock)
    __libspace_start                         0x20000018   Data          96  libspace.o(.bss)
    Scale_Rising                             0x20000078   Data           1  main_tmr_pwm_scale_sound.o(.bss.Scale_Rising)
    __temporary_stack_top$libspace           0x20000078   Data           0  libspace.o(.bss)
    Tim_Int_Flag                             0x20000079   Data           1  at32f435_437_int.o(.bss.Tim_Int_Flag)
    hi2c_pca                                 0x20000084   Data          52  at_surf_f437_board_pca9555.o(.bss.hi2c_pca)
    pca9555_int_flag                         0x200000b8   Data           2  at_surf_f437_board_pca9555.o(.bss.pca9555_int_flag)
    tmr_output_clock_init_structure          0x200000ba   Data           7  main_tmr_pwm_scale_sound.o(.bss.tmr_output_clock_init_structure)



==============================================================================

Memory Map of the image

  Image Entry point : 0x0800020d

  Load Region LR_IROM1 (Base: 0x08000000, Size: 0x00002328, Max: 0x003f0000, ABSOLUTE)

    Execution Region ER_IROM1 (Exec base: 0x08000000, Load base: 0x08000000, Size: 0x0000230c, Max: 0x003f0000, ABSOLUTE)

    Exec Addr    Load Addr    Size         Type   Attr      Idx    E Section Name        Object

    0x08000000   0x08000000   0x0000020c   Data   RO         2191    RESET               startup_at32f435_437.o
    0x0800020c   0x0800020c   0x00000008   Code   RO         2208  * !!!main             c_w.l(__main.o)
    0x08000214   0x08000214   0x0000005c   Code   RO         2389    !!!scatter          c_w.l(__scatter.o)
    0x08000270   0x08000270   0x0000001a   Code   RO         2393    !!handler_copy      c_w.l(__scatter_copy.o)
    0x0800028a   0x0800028a   0x00000002   PAD
    0x0800028c   0x0800028c   0x00000002   Code   RO         2390    !!handler_null      c_w.l(__scatter.o)
    0x0800028e   0x0800028e   0x00000002   PAD
    0x08000290   0x08000290   0x0000001c   Code   RO         2395    !!handler_zi        c_w.l(__scatter_zi.o)
    0x080002ac   0x080002ac   0x00000002   Code   RO         2251    .ARM.Collect$$libinit$$00000000  c_w.l(libinit.o)
    0x080002ae   0x080002ae   0x00000004   Code   RO         2263    .ARM.Collect$$libinit$$00000001  c_w.l(libinit2.o)
    0x080002b2   0x080002b2   0x00000000   Code   RO         2266    .ARM.Collect$$libinit$$00000004  c_w.l(libinit2.o)
    0x080002b2   0x080002b2   0x00000000   Code   RO         2268    .ARM.Collect$$libinit$$00000006  c_w.l(libinit2.o)
    0x080002b2   0x080002b2   0x00000000   Code   RO         2271    .ARM.Collect$$libinit$$0000000C  c_w.l(libinit2.o)
    0x080002b2   0x080002b2   0x00000000   Code   RO         2273    .ARM.Collect$$libinit$$0000000E  c_w.l(libinit2.o)
    0x080002b2   0x080002b2   0x00000000   Code   RO         2275    .ARM.Collect$$libinit$$00000010  c_w.l(libinit2.o)
    0x080002b2   0x080002b2   0x00000000   Code   RO         2278    .ARM.Collect$$libinit$$00000013  c_w.l(libinit2.o)
    0x080002b2   0x080002b2   0x00000000   Code   RO         2280    .ARM.Collect$$libinit$$00000015  c_w.l(libinit2.o)
    0x080002b2   0x080002b2   0x00000000   Code   RO         2282    .ARM.Collect$$libinit$$00000017  c_w.l(libinit2.o)
    0x080002b2   0x080002b2   0x00000000   Code   RO         2284    .ARM.Collect$$libinit$$00000019  c_w.l(libinit2.o)
    0x080002b2   0x080002b2   0x00000000   Code   RO         2286    .ARM.Collect$$libinit$$0000001B  c_w.l(libinit2.o)
    0x080002b2   0x080002b2   0x00000000   Code   RO         2288    .ARM.Collect$$libinit$$0000001D  c_w.l(libinit2.o)
    0x080002b2   0x080002b2   0x00000000   Code   RO         2290    .ARM.Collect$$libinit$$0000001F  c_w.l(libinit2.o)
    0x080002b2   0x080002b2   0x00000000   Code   RO         2292    .ARM.Collect$$libinit$$00000021  c_w.l(libinit2.o)
    0x080002b2   0x080002b2   0x00000000   Code   RO         2294    .ARM.Collect$$libinit$$00000023  c_w.l(libinit2.o)
    0x080002b2   0x080002b2   0x00000000   Code   RO         2296    .ARM.Collect$$libinit$$00000025  c_w.l(libinit2.o)
    0x080002b2   0x080002b2   0x00000000   Code   RO         2298    .ARM.Collect$$libinit$$00000027  c_w.l(libinit2.o)
    0x080002b2   0x080002b2   0x00000000   Code   RO         2302    .ARM.Collect$$libinit$$0000002E  c_w.l(libinit2.o)
    0x080002b2   0x080002b2   0x00000000   Code   RO         2304    .ARM.Collect$$libinit$$00000030  c_w.l(libinit2.o)
    0x080002b2   0x080002b2   0x00000000   Code   RO         2306    .ARM.Collect$$libinit$$00000032  c_w.l(libinit2.o)
    0x080002b2   0x080002b2   0x00000000   Code   RO         2308    .ARM.Collect$$libinit$$00000034  c_w.l(libinit2.o)
    0x080002b2   0x080002b2   0x00000002   Code   RO         2309    .ARM.Collect$$libinit$$00000035  c_w.l(libinit2.o)
    0x080002b4   0x080002b4   0x00000002   Code   RO         2344    .ARM.Collect$$libshutdown$$00000000  c_w.l(libshutdown.o)
    0x080002b6   0x080002b6   0x00000000   Code   RO         2372    .ARM.Collect$$libshutdown$$00000002  c_w.l(libshutdown2.o)
    0x080002b6   0x080002b6   0x00000000   Code   RO         2374    .ARM.Collect$$libshutdown$$00000004  c_w.l(libshutdown2.o)
    0x080002b6   0x080002b6   0x00000000   Code   RO         2377    .ARM.Collect$$libshutdown$$00000007  c_w.l(libshutdown2.o)
    0x080002b6   0x080002b6   0x00000000   Code   RO         2380    .ARM.Collect$$libshutdown$$0000000A  c_w.l(libshutdown2.o)
    0x080002b6   0x080002b6   0x00000000   Code   RO         2382    .ARM.Collect$$libshutdown$$0000000C  c_w.l(libshutdown2.o)
    0x080002b6   0x080002b6   0x00000000   Code   RO         2385    .ARM.Collect$$libshutdown$$0000000F  c_w.l(libshutdown2.o)
    0x080002b6   0x080002b6   0x00000002   Code   RO         2386    .ARM.Collect$$libshutdown$$00000010  c_w.l(libshutdown2.o)
    0x080002b8   0x080002b8   0x00000000   Code   RO         2210    .ARM.Collect$$rtentry$$00000000  c_w.l(__rtentry.o)
    0x080002b8   0x080002b8   0x00000000   Code   RO         2220    .ARM.Collect$$rtentry$$00000002  c_w.l(__rtentry2.o)
    0x080002b8   0x080002b8   0x00000006   Code   RO         2232    .ARM.Collect$$rtentry$$00000004  c_w.l(__rtentry4.o)
    0x080002be   0x080002be   0x00000000   Code   RO         2222    .ARM.Collect$$rtentry$$00000009  c_w.l(__rtentry2.o)
    0x080002be   0x080002be   0x00000004   Code   RO         2223    .ARM.Collect$$rtentry$$0000000A  c_w.l(__rtentry2.o)
    0x080002c2   0x080002c2   0x00000000   Code   RO         2225    .ARM.Collect$$rtentry$$0000000C  c_w.l(__rtentry2.o)
    0x080002c2   0x080002c2   0x00000008   Code   RO         2226    .ARM.Collect$$rtentry$$0000000D  c_w.l(__rtentry2.o)
    0x080002ca   0x080002ca   0x00000002   Code   RO         2255    .ARM.Collect$$rtexit$$00000000  c_w.l(rtexit.o)
    0x080002cc   0x080002cc   0x00000000   Code   RO         2315    .ARM.Collect$$rtexit$$00000002  c_w.l(rtexit2.o)
    0x080002cc   0x080002cc   0x00000004   Code   RO         2316    .ARM.Collect$$rtexit$$00000003  c_w.l(rtexit2.o)
    0x080002d0   0x080002d0   0x00000006   Code   RO         2317    .ARM.Collect$$rtexit$$00000004  c_w.l(rtexit2.o)
    0x080002d6   0x080002d6   0x00000002   PAD
    0x080002d8   0x080002d8   0x00000040   Code   RO         2192    .text               startup_at32f435_437.o
    0x08000318   0x08000318   0x000000f0   Code   RO         2200    .text               c_w.l(lludivv7m.o)
    0x08000408   0x08000408   0x00000006   Code   RO         2206    .text               c_w.l(heapauxi.o)
    0x0800040e   0x0800040e   0x0000004a   Code   RO         2238    .text               c_w.l(sys_stackheap_outer.o)
    0x08000458   0x08000458   0x00000012   Code   RO         2240    .text               c_w.l(exit.o)
    0x0800046a   0x0800046a   0x00000002   PAD
    0x0800046c   0x0800046c   0x00000008   Code   RO         2252    .text               c_w.l(libspace.o)
    0x08000474   0x08000474   0x0000000c   Code   RO         2310    .text               c_w.l(sys_exit.o)
    0x08000480   0x08000480   0x00000002   Code   RO         2333    .text               c_w.l(use_no_semi.o)
    0x08000482   0x08000482   0x00000000   Code   RO         2335    .text               c_w.l(indicate_semi.o)
    0x08000482   0x08000482   0x00000002   PAD
    0x08000484   0x08000484   0x00000004   Code   RO           18    .text.BusFault_Handler  at32f435_437_int.o
    0x08000488   0x08000488   0x00000010   Code   RO           32    .text.DMA1_Channel1_IRQHandler  at32f435_437_int.o
    0x08000498   0x08000498   0x00000010   Code   RO           30    .text.DMA1_Channel2_IRQHandler  at32f435_437_int.o
    0x080004a8   0x080004a8   0x00000002   Code   RO           24    .text.DebugMon_Handler  at32f435_437_int.o
    0x080004aa   0x080004aa   0x00000002   PAD
    0x080004ac   0x080004ac   0x00000008   Code   RO           38    .text.EXINT3_IRQHandler  at32f435_437_int.o
    0x080004b4   0x080004b4   0x00000004   Code   RO           14    .text.HardFault_Handler  at32f435_437_int.o
    0x080004b8   0x080004b8   0x00000010   Code   RO           36    .text.I2C2_ERR_IRQHandler  at32f435_437_int.o
    0x080004c8   0x080004c8   0x00000010   Code   RO           34    .text.I2C2_EVT_IRQHandler  at32f435_437_int.o
    0x080004d8   0x080004d8   0x00000004   Code   RO           16    .text.MemManage_Handler  at32f435_437_int.o
    0x080004dc   0x080004dc   0x00000002   Code   RO           12    .text.NMI_Handler   at32f435_437_int.o
    0x080004de   0x080004de   0x00000002   PAD
    0x080004e0   0x080004e0   0x00000002   Code   RO           26    .text.PendSV_Handler  at32f435_437_int.o
    0x080004e2   0x080004e2   0x00000002   PAD
    0x080004e4   0x080004e4   0x00000002   Code   RO           22    .text.SVC_Handler   at32f435_437_int.o
    0x080004e6   0x080004e6   0x00000002   PAD
    0x080004e8   0x080004e8   0x00000002   Code   RO           28    .text.SysTick_Handler  at32f435_437_int.o
    0x080004ea   0x080004ea   0x00000002   PAD
    0x080004ec   0x080004ec   0x000000ba   Code   RO         2176    .text.SystemInit    system_at32f435_437.o
    0x080005a6   0x080005a6   0x00000002   PAD
    0x080005a8   0x080005a8   0x0000001a   Code   RO           10    .text.TMR1_OVF_TMR10_IRQHandler  at32f435_437_int.o
    0x080005c2   0x080005c2   0x00000002   PAD
    0x080005c4   0x080005c4   0x00000004   Code   RO           20    .text.UsageFault_Handler  at32f435_437_int.o
    0x080005c8   0x080005c8   0x00000026   Code   RO          470    .text.crm_ahb_div_set  at32f435_437_crm.o
    0x080005ee   0x080005ee   0x00000002   PAD
    0x080005f0   0x080005f0   0x00000026   Code   RO          472    .text.crm_apb1_div_set  at32f435_437_crm.o
    0x08000616   0x08000616   0x00000002   PAD
    0x08000618   0x08000618   0x00000026   Code   RO          474    .text.crm_apb2_div_set  at32f435_437_crm.o
    0x0800063e   0x0800063e   0x00000002   PAD
    0x08000640   0x08000640   0x00000038   Code   RO          482    .text.crm_auto_step_mode_enable  at32f435_437_crm.o
    0x08000678   0x08000678   0x000000a6   Code   RO          462    .text.crm_clock_source_enable  at32f435_437_crm.o
    0x0800071e   0x0800071e   0x00000002   PAD
    0x08000720   0x08000720   0x0000003e   Code   RO          446    .text.crm_flag_get  at32f435_437_crm.o
    0x0800075e   0x0800075e   0x00000002   PAD
    0x08000760   0x08000760   0x00000064   Code   RO          450    .text.crm_hext_stable_wait  at32f435_437_crm.o
    0x080007c4   0x080007c4   0x00000052   Code   RO          456    .text.crm_periph_clock_enable  at32f435_437_crm.o
    0x08000816   0x08000816   0x00000002   PAD
    0x08000818   0x08000818   0x00000082   Code   RO          492    .text.crm_pll_config  at32f435_437_crm.o
    0x0800089a   0x0800089a   0x00000002   PAD
    0x0800089c   0x0800089c   0x0000009c   Code   RO          440    .text.crm_reset     at32f435_437_crm.o
    0x08000938   0x08000938   0x00000046   Code   RO          494    .text.crm_sysclk_switch  at32f435_437_crm.o
    0x0800097e   0x0800097e   0x00000002   PAD
    0x08000980   0x08000980   0x00000010   Code   RO          496    .text.crm_sysclk_switch_status_get  at32f435_437_crm.o
    0x08000990   0x08000990   0x0000003e   Code   RO           68    .text.delay_init    at_surf_f437_board_delay.o
    0x080009ce   0x080009ce   0x00000002   PAD
    0x080009d0   0x080009d0   0x000000d8   Code   RO           72    .text.delay_ms      at_surf_f437_board_delay.o
    0x08000aa8   0x08000aa8   0x0000001a   Code   RO          589    .text.dma_channel_enable  at32f435_437_dma.o
    0x08000ac2   0x08000ac2   0x00000002   PAD
    0x08000ac4   0x08000ac4   0x00000032   Code   RO          595    .text.dma_flag_clear  at32f435_437_dma.o
    0x08000af6   0x08000af6   0x00000002   PAD
    0x08000af8   0x08000af8   0x00000050   Code   RO          591    .text.dma_flag_get  at32f435_437_dma.o
    0x08000b48   0x08000b48   0x000000c8   Code   RO          599    .text.dma_init      at32f435_437_dma.o
    0x08000c10   0x08000c10   0x0000002e   Code   RO          587    .text.dma_interrupt_enable  at32f435_437_dma.o
    0x08000c3e   0x08000c3e   0x00000002   PAD
    0x08000c40   0x08000c40   0x00000014   Code   RO         1182    .text.exint_flag_clear  at32f435_437_exint.o
    0x08000c54   0x08000c54   0x0000003a   Code   RO         1184    .text.exint_flag_get  at32f435_437_exint.o
    0x08000c8e   0x08000c8e   0x00000002   PAD
    0x08000c90   0x08000c90   0x000000e8   Code   RO         1295    .text.gpio_init     at32f435_437_gpio.o
    0x08000d78   0x08000d78   0x00000088   Code   RO         1319    .text.gpio_pin_mux_config  at32f435_437_gpio.o
    0x08000e00   0x08000e00   0x0000000e   Code   RO         1402    .text.i2c_data_receive  at32f435_437_i2c.o
    0x08000e0e   0x08000e0e   0x00000002   PAD
    0x08000e10   0x08000e10   0x00000014   Code   RO         1400    .text.i2c_data_send  at32f435_437_i2c.o
    0x08000e24   0x08000e24   0x0000008a   Code   RO         2099    .text.i2c_dma_config  i2c_application.o
    0x08000eae   0x08000eae   0x00000002   PAD
    0x08000eb0   0x08000eb0   0x00000048   Code   RO         1392    .text.i2c_dma_enable  at32f435_437_i2c.o
    0x08000ef8   0x08000ef8   0x00000012   Code   RO         2163    .text.i2c_dma_rx_irq_handler  i2c_application.o
    0x08000f0a   0x08000f0a   0x00000002   PAD
    0x08000f0c   0x08000f0c   0x00000012   Code   RO         2161    .text.i2c_dma_tx_irq_handler  i2c_application.o
    0x08000f1e   0x08000f1e   0x00000002   PAD
    0x08000f20   0x08000f20   0x000003da   Code   RO         2159    .text.i2c_dma_tx_rx_irq_handler  i2c_application.o
    0x080012fa   0x080012fa   0x00000002   PAD
    0x080012fc   0x080012fc   0x0000012a   Code   RO         2167    .text.i2c_err_irq_handler  i2c_application.o
    0x08001426   0x08001426   0x00000002   PAD
    0x08001428   0x08001428   0x00000044   Code   RO         2165    .text.i2c_evt_irq_handler  i2c_application.o
    0x0800146c   0x0800146c   0x00000010   Code   RO         1408    .text.i2c_flag_clear  at32f435_437_i2c.o
    0x0800147c   0x0800147c   0x0000002a   Code   RO         1404    .text.i2c_flag_get  at32f435_437_i2c.o
    0x080014a6   0x080014a6   0x00000002   PAD
    0x080014a8   0x080014a8   0x0000002e   Code   RO         1388    .text.i2c_interrupt_enable  at32f435_437_i2c.o
    0x080014d6   0x080014d6   0x00000002   PAD
    0x080014d8   0x080014d8   0x00000110   Code   RO         2155    .text.i2c_master_irq_handler_dma  i2c_application.o
    0x080015e8   0x080015e8   0x0000017c   Code   RO         2151    .text.i2c_master_irq_handler_int  i2c_application.o
    0x08001764   0x08001764   0x0000003e   Code   RO         2091    .text.i2c_refresh_txdt_register  i2c_application.o
    0x080017a2   0x080017a2   0x00000002   PAD
    0x080017a4   0x080017a4   0x00000046   Code   RO         2093    .text.i2c_reset_ctrl2_register  i2c_application.o
    0x080017ea   0x080017ea   0x00000002   PAD
    0x080017ec   0x080017ec   0x000000ba   Code   RO         2157    .text.i2c_slave_irq_handler_dma  i2c_application.o
    0x080018a6   0x080018a6   0x00000002   PAD
    0x080018a8   0x080018a8   0x00000154   Code   RO         2153    .text.i2c_slave_irq_handler_int  i2c_application.o
    0x080019fc   0x080019fc   0x0000006c   Code   RO         2101    .text.i2c_start_transfer  i2c_application.o
    0x08001a68   0x08001a68   0x00000012   Code   RO         1398    .text.i2c_stop_generate  at32f435_437_i2c.o
    0x08001a7a   0x08001a7a   0x00000002   PAD
    0x08001a7c   0x08001a7c   0x00000010   Code   RO         1350    .text.i2c_transfer_addr_get  at32f435_437_i2c.o
    0x08001a8c   0x08001a8c   0x00000058   Code   RO         1394    .text.i2c_transmit_set  at32f435_437_i2c.o
    0x08001ae4   0x08001ae4   0x00000178   Code   RO           48    .text.main          main_tmr_pwm_scale_sound.o
    0x08001c5c   0x08001c5c   0x00000022   Code   RO          181    .text.pca9555_irq_handler  at_surf_f437_board_pca9555.o
    0x08001c7e   0x08001c7e   0x00000002   PAD
    0x08001c80   0x08001c80   0x000000ae   Code   RO            2    .text.system_clock_config  at32f435_437_clock.o
    0x08001d2e   0x08001d2e   0x00000002   PAD
    0x08001d30   0x08001d30   0x00000150   Code   RO         2178    .text.system_core_clock_update  system_at32f435_437.o
    0x08001e80   0x08001e80   0x00000038   Code   RO         1443    .text.systick_clock_source_config  at32f435_437_misc.o
    0x08001eb8   0x08001eb8   0x00000022   Code   RO         1687    .text.tmr_base_init  at32f435_437_tmr.o
    0x08001eda   0x08001eda   0x00000002   PAD
    0x08001edc   0x08001edc   0x0000005a   Code   RO         1711    .text.tmr_channel_value_set  at32f435_437_tmr.o
    0x08001f36   0x08001f36   0x00000002   PAD
    0x08001f38   0x08001f38   0x00000022   Code   RO         1689    .text.tmr_clock_source_div_set  at32f435_437_tmr.o
    0x08001f5a   0x08001f5a   0x00000002   PAD
    0x08001f5c   0x08001f5c   0x00000022   Code   RO         1691    .text.tmr_cnt_dir_set  at32f435_437_tmr.o
    0x08001f7e   0x08001f7e   0x00000002   PAD
    0x08001f80   0x08001f80   0x0000001a   Code   RO         1679    .text.tmr_counter_enable  at32f435_437_tmr.o
    0x08001f9a   0x08001f9a   0x00000002   PAD
    0x08001f9c   0x08001f9c   0x00000012   Code   RO         1767    .text.tmr_flag_clear  at32f435_437_tmr.o
    0x08001fae   0x08001fae   0x00000002   PAD
    0x08001fb0   0x08001fb0   0x000000ac   Code   RO         1717    .text.tmr_output_channel_buffer_enable  at32f435_437_tmr.o
    0x0800205c   0x0800205c   0x00000204   Code   RO         1703    .text.tmr_output_channel_config  at32f435_437_tmr.o
    0x08002260   0x08002260   0x00000026   Code   RO         1681    .text.tmr_output_default_para_init  at32f435_437_tmr.o
    0x08002286   0x08002286   0x00000002   PAD
    0x08002288   0x08002288   0x00000022   Code   RO         1715    .text.tmr_period_buffer_enable  at32f435_437_tmr.o
    0x080022aa   0x080022aa   0x00000002   PAD
    0x080022ac   0x080022ac   0x00000010   Code   RO         1707    .text.tmr_period_value_set  at32f435_437_tmr.o
    0x080022bc   0x080022bc   0x0000001a   Code   RO         2327    x$fpl$fpinit        fz_wm.l(fpinit.o)
    0x080022d6   0x080022d6   0x00000006   Data   RO         2182    .rodata.system_core_clock_update.pll_fr_table  system_at32f435_437.o
    0x080022dc   0x080022dc   0x00000010   Data   RO         2181    .rodata.system_core_clock_update.sys_ahb_div_table  system_at32f435_437.o
    0x080022ec   0x080022ec   0x00000020   Data   RO         2388    Region$$Table       anon$$obj.o


    Execution Region RW_IRAM1 (Exec base: 0x20000000, Load base: 0x08002310, Size: 0x000006c8, Max: 0x00060000, ABSOLUTE)

    Exec Addr    Load Addr    Size         Type   Attr      Idx    E Section Name        Object

    0x20000000   0x08002310   0x00000010   Data   RW           50    .data.ScaleValue    main_tmr_pwm_scale_sound.o
    0x20000010   0x08002320   0x00000004   Data   RW         2180    .data.system_core_clock  system_at32f435_437.o
    0x20000014   0x08002324   0x00000004   PAD
    0x20000018        -       0x00000060   Zero   RW         2253    .bss                c_w.l(libspace.o)
    0x20000078        -       0x00000001   Zero   RW           51    .bss.Scale_Rising   main_tmr_pwm_scale_sound.o
    0x20000079        -       0x00000001   Zero   RW           40    .bss.Tim_Int_Flag   at32f435_437_int.o
    0x2000007a   0x08002324   0x00000002   PAD
    0x2000007c        -       0x00000004   Zero   RW           77    .bss.fac_ms         at_surf_f437_board_delay.o
    0x20000080        -       0x00000004   Zero   RW           76    .bss.fac_us         at_surf_f437_board_delay.o
    0x20000084        -       0x00000034   Zero   RW          200    .bss.hi2c_pca       at_surf_f437_board_pca9555.o
    0x200000b8        -       0x00000002   Zero   RW          199    .bss.pca9555_int_flag  at_surf_f437_board_pca9555.o
    0x200000ba        -       0x00000007   Zero   RW           52    .bss.tmr_output_clock_init_structure  main_tmr_pwm_scale_sound.o
    0x200000c1   0x08002324   0x00000007   PAD
    0x200000c8        -       0x00000200   Zero   RW         2190    HEAP                startup_at32f435_437.o
    0x200002c8        -       0x00000400   Zero   RW         2189    STACK               startup_at32f435_437.o


==============================================================================

Image component sizes


      Code (inc. data)   RO Data    RW Data    ZI Data      Debug   Object Name

       174          0          0          0          0       8435   at32f435_437_clock.o
       952          6          0          0          0      27027   at32f435_437_crm.o
       402          0          0          0          0      15334   at32f435_437_dma.o
        78          0          0          0          0       3455   at32f435_437_exint.o
       368          0          0          0          0      11606   at32f435_437_gpio.o
       332          0          0          0          0      12444   at32f435_437_i2c.o
       124          0          0          0          1       6604   at32f435_437_int.o
        56          0          0          0          0       7132   at32f435_437_misc.o
      1012         24          0          0          0      25121   at32f435_437_tmr.o
       278          0          0          0          8       1809   at_surf_f437_board_delay.o
        34          0          0          0         54      24631   at_surf_f437_board_pca9555.o
      2944          8          0          0          0      20365   i2c_application.o
       376          0          0         16          8      14898   main_tmr_pwm_scale_sound.o
        64         26        524          0       1536        952   startup_at32f435_437.o
       522          0         22          4          0      11131   system_at32f435_437.o

    ----------------------------------------------------------------------
      7800         64        578         20       1620     190944   Object Totals
         0          0         32          0          0          0   (incl. Generated)
        84          0          0          0         13          0   (incl. Padding)

    ----------------------------------------------------------------------

      Code (inc. data)   RO Data    RW Data    ZI Data      Debug   Library Member Name

         8          0          0          0          0         68   __main.o
         0          0          0          0          0          0   __rtentry.o
        12          0          0          0          0          0   __rtentry2.o
         6          0          0          0          0          0   __rtentry4.o
        94          8          0          0          0          0   __scatter.o
        26          0          0          0          0          0   __scatter_copy.o
        28          0          0          0          0          0   __scatter_zi.o
        18          0          0          0          0         80   exit.o
         6          0          0          0          0        152   heapauxi.o
         0          0          0          0          0          0   indicate_semi.o
         2          0          0          0          0          0   libinit.o
         6          0          0          0          0          0   libinit2.o
         2          0          0          0          0          0   libshutdown.o
         2          0          0          0          0          0   libshutdown2.o
         8          4          0          0         96         68   libspace.o
       240          0          0          0          0        100   lludivv7m.o
         2          0          0          0          0          0   rtexit.o
        10          0          0          0          0          0   rtexit2.o
        12          4          0          0          0         68   sys_exit.o
        74          0          0          0          0         80   sys_stackheap_outer.o
         2          0          0          0          0         68   use_no_semi.o
        26          0          0          0          0        116   fpinit.o

    ----------------------------------------------------------------------
       594         16          0          0         96        800   Library Totals
        10          0          0          0          0          0   (incl. Padding)

    ----------------------------------------------------------------------

      Code (inc. data)   RO Data    RW Data    ZI Data      Debug   Library Name

       558         16          0          0         96        684   c_w.l
        26          0          0          0          0        116   fz_wm.l

    ----------------------------------------------------------------------
       594         16          0          0         96        800   Library Totals

    ----------------------------------------------------------------------

==============================================================================


      Code (inc. data)   RO Data    RW Data    ZI Data      Debug   

      8394         80        578         20       1716     191344   Grand Totals
      8394         80        578         20       1716     191344   ELF Image Totals
      8394         80        578         20          0          0   ROM Totals

==============================================================================

    Total RO  Size (Code + RO Data)                 8972 (   8.76kB)
    Total RW  Size (RW Data + ZI Data)              1736 (   1.70kB)
    Total ROM Size (Code + RO Data + RW Data)       8992 (   8.78kB)

==============================================================================

